D 20:18:10.1062632 GameState.DebugPrintPower() - CREATE_GAME
D 20:18:10.1062632 GameState.DebugPrintPower() -     GameEntity EntityID=1
D 20:18:10.1062632 GameState.DebugPrintPower() -         tag=CARDTYPE value=GAME
D 20:18:10.1062632 GameState.DebugPrintPower() -         tag=ZONE value=PLAY
D 20:18:10.1062632 GameState.DebugPrintPower() -         tag=ENTITY_ID value=1
D 20:18:10.1062632 GameState.DebugPrintPower() -         tag=937 value=2
D 20:18:10.1062632 GameState.DebugPrintPower() -         tag=SPAWN_TIME_COUNT value=1
D 20:18:10.1062632 GameState.DebugPrintPower() -         tag=GAME_SEED value=1544620343
D 20:18:10.1062632 GameState.DebugPrintPower() -     Player EntityID=2 PlayerID=1 GameAccountId=[hi=144115211015832391 lo=83449896]
D 20:18:10.1062632 GameState.DebugPrintPower() -         tag=CONTROLLER value=1
D 20:18:10.1062632 GameState.DebugPrintPower() -         tag=CARDTYPE value=PLAYER
D 20:18:10.1062632 GameState.DebugPrintPower() -         tag=PLAYER_ID value=1
D 20:18:10.1062632 GameState.DebugPrintPower() -         tag=HERO_ENTITY value=74
D 20:18:10.1062632 GameState.DebugPrintPower() -         tag=MAXHANDSIZE value=10
D 20:18:10.1062632 GameState.DebugPrintPower() -         tag=STARTHANDSIZE value=4
D 20:18:10.1062632 GameState.DebugPrintPower() -         tag=TEAM_ID value=1
D 20:18:10.1062632 GameState.DebugPrintPower() -         tag=ZONE value=PLAY
D 20:18:10.1062632 GameState.DebugPrintPower() -         tag=ENTITY_ID value=2
D 20:18:10.1062632 GameState.DebugPrintPower() -         tag=MAXRESOURCES value=10
D 20:18:10.1062632 GameState.DebugPrintPower() -         tag=SPAWN_TIME_COUNT value=1
D 20:18:10.1062632 GameState.DebugPrintPower() -         tag=MAX_EXCAVATE_TIER value=2
D 20:18:10.1062632 GameState.DebugPrintPower() -     Player EntityID=3 PlayerID=2 GameAccountId=[hi=144115211015832391 lo=239223320]
D 20:18:10.1062632 GameState.DebugPrintPower() -         tag=CONTROLLER value=2
D 20:18:10.1062632 GameState.DebugPrintPower() -         tag=CARDTYPE value=PLAYER
D 20:18:10.1062632 GameState.DebugPrintPower() -         tag=PLAYER_ID value=2
D 20:18:10.1062632 GameState.DebugPrintPower() -         tag=HERO_ENTITY value=76
D 20:18:10.1062632 GameState.DebugPrintPower() -         tag=MAXHANDSIZE value=10
D 20:18:10.1062632 GameState.DebugPrintPower() -         tag=STARTHANDSIZE value=4
D 20:18:10.1062632 GameState.DebugPrintPower() -         tag=TEAM_ID value=2
D 20:18:10.1062632 GameState.DebugPrintPower() -         tag=ZONE value=PLAY
D 20:18:10.1062632 GameState.DebugPrintPower() -         tag=ENTITY_ID value=3
D 20:18:10.1062632 GameState.DebugPrintPower() -         tag=MAXRESOURCES value=10
D 20:18:10.1062632 GameState.DebugPrintPower() -         tag=SPAWN_TIME_COUNT value=1
D 20:18:10.1062632 GameState.DebugPrintPower() -         tag=MAX_EXCAVATE_TIER value=3
D 20:18:10.1062632 GameState.DebugPrintPower() - FULL_ENTITY - Creating ID=4 CardID=
D 20:18:10.1062632 GameState.DebugPrintPower() -     tag=ZONE value=DECK
D 20:18:10.1062632 GameState.DebugPrintPower() -     tag=CONTROLLER value=1
D 20:18:10.1062632 GameState.DebugPrintPower() -     tag=ENTITY_ID value=4
D 20:18:10.1062632 GameState.DebugPrintPower() - FULL_ENTITY - Creating ID=5 CardID=
D 20:18:10.1062632 GameState.DebugPrintPower() -     tag=ZONE value=DECK
D 20:18:10.1062632 GameState.DebugPrintPower() -     tag=CONTROLLER value=1
D 20:18:10.1062632 GameState.DebugPrintPower() -     tag=ENTITY_ID value=5
D 20:18:10.1062632 GameState.DebugPrintPower() - FULL_ENTITY - Creating ID=6 CardID=
D 20:18:10.1062632 GameState.DebugPrintPower() -     tag=ZONE value=DECK
D 20:18:10.1062632 GameState.DebugPrintPower() -     tag=CONTROLLER value=1
D 20:18:10.1062632 GameState.DebugPrintPower() -     tag=ENTITY_ID value=6
D 20:18:10.1062632 GameState.DebugPrintPower() - FULL_ENTITY - Creating ID=7 CardID=
D 20:18:10.1062632 GameState.DebugPrintPower() -     tag=ZONE value=DECK
D 20:18:10.1062632 GameState.DebugPrintPower() -     tag=CONTROLLER value=1
D 20:18:10.1062632 GameState.DebugPrintPower() -     tag=ENTITY_ID value=7
D 20:18:10.1062632 GameState.DebugPrintPower() - FULL_ENTITY - Creating ID=8 CardID=
D 20:18:10.1062632 GameState.DebugPrintPower() -     tag=ZONE value=DECK
D 20:18:10.1062632 GameState.DebugPrintPower() -     tag=CONTROLLER value=1
D 20:18:10.1062632 GameState.DebugPrintPower() -     tag=ENTITY_ID value=8
D 20:18:10.1062632 GameState.DebugPrintPower() - FULL_ENTITY - Creating ID=9 CardID=
D 20:18:10.1062632 GameState.DebugPrintPower() -     tag=ZONE value=DECK
D 20:18:10.1062632 GameState.DebugPrintPower() -     tag=CONTROLLER value=1
D 20:18:10.1062632 GameState.DebugPrintPower() -     tag=ENTITY_ID value=9
D 20:18:10.1062632 GameState.DebugPrintPower() - FULL_ENTITY - Creating ID=10 CardID=
D 20:18:10.1062632 GameState.DebugPrintPower() -     tag=ZONE value=DECK
D 20:18:10.1062632 GameState.DebugPrintPower() -     tag=CONTROLLER value=1
D 20:18:10.1062632 GameState.DebugPrintPower() -     tag=ENTITY_ID value=10
D 20:18:10.1062632 GameState.DebugPrintPower() - FULL_ENTITY - Creating ID=11 CardID=
D 20:18:10.1062632 GameState.DebugPrintPower() -     tag=ZONE value=DECK
D 20:18:10.1062632 GameState.DebugPrintPower() -     tag=CONTROLLER value=1
D 20:18:10.1062632 GameState.DebugPrintPower() -     tag=ENTITY_ID value=11
D 20:18:10.1062632 GameState.DebugPrintPower() - FULL_ENTITY - Creating ID=12 CardID=
D 20:18:10.1062632 GameState.DebugPrintPower() -     tag=ZONE value=DECK
D 20:18:10.1062632 GameState.DebugPrintPower() -     tag=CONTROLLER value=1
D 20:18:10.1062632 GameState.DebugPrintPower() -     tag=ENTITY_ID value=12
D 20:18:10.1062632 GameState.DebugPrintPower() - FULL_ENTITY - Creating ID=13 CardID=
D 20:18:10.1062632 GameState.DebugPrintPower() -     tag=ZONE value=DECK
D 20:18:10.1062632 GameState.DebugPrintPower() -     tag=CONTROLLER value=1
D 20:18:10.1062632 GameState.DebugPrintPower() -     tag=ENTITY_ID value=13
D 20:18:10.1062632 GameState.DebugPrintPower() - FULL_ENTITY - Creating ID=14 CardID=
D 20:18:10.1062632 GameState.DebugPrintPower() -     tag=ZONE value=DECK
D 20:18:10.1062632 GameState.DebugPrintPower() -     tag=CONTROLLER value=1
D 20:18:10.1062632 GameState.DebugPrintPower() -     tag=ENTITY_ID value=14
D 20:18:10.1062632 GameState.DebugPrintPower() - FULL_ENTITY - Creating ID=15 CardID=
D 20:18:10.1062632 GameState.DebugPrintPower() -     tag=ZONE value=DECK
D 20:18:10.1062632 GameState.DebugPrintPower() -     tag=CONTROLLER value=1
D 20:18:10.1062632 GameState.DebugPrintPower() -     tag=ENTITY_ID value=15
D 20:18:10.1062632 GameState.DebugPrintPower() - FULL_ENTITY - Creating ID=16 CardID=
D 20:18:10.1062632 GameState.DebugPrintPower() -     tag=ZONE value=DECK
D 20:18:10.1062632 GameState.DebugPrintPower() -     tag=CONTROLLER value=1
D 20:18:10.1062632 GameState.DebugPrintPower() -     tag=ENTITY_ID value=16
D 20:18:10.1062632 GameState.DebugPrintPower() - FULL_ENTITY - Creating ID=17 CardID=
D 20:18:10.1062632 GameState.DebugPrintPower() -     tag=ZONE value=DECK
D 20:18:10.1062632 GameState.DebugPrintPower() -     tag=CONTROLLER value=1
D 20:18:10.1062632 GameState.DebugPrintPower() -     tag=ENTITY_ID value=17
D 20:18:10.1062632 GameState.DebugPrintPower() - FULL_ENTITY - Creating ID=18 CardID=
D 20:18:10.1062632 GameState.DebugPrintPower() -     tag=ZONE value=SETASIDE
D 20:18:10.1062632 GameState.DebugPrintPower() -     tag=CONTROLLER value=1
D 20:18:10.1062632 GameState.DebugPrintPower() -     tag=ENTITY_ID value=18
D 20:18:10.1062632 GameState.DebugPrintPower() - FULL_ENTITY - Creating ID=19 CardID=
D 20:18:10.1062632 GameState.DebugPrintPower() -     tag=ZONE value=SETASIDE
D 20:18:10.1062632 GameState.DebugPrintPower() -     tag=CONTROLLER value=1
D 20:18:10.1062632 GameState.DebugPrintPower() -     tag=ENTITY_ID value=19
D 20:18:10.1062632 GameState.DebugPrintPower() - FULL_ENTITY - Creating ID=20 CardID=
D 20:18:10.1062632 GameState.DebugPrintPower() -     tag=ZONE value=DECK
D 20:18:10.1062632 GameState.DebugPrintPower() -     tag=CONTROLLER value=1
D 20:18:10.1062632 GameState.DebugPrintPower() -     tag=ENTITY_ID value=20
D 20:18:10.1062632 GameState.DebugPrintPower() - FULL_ENTITY - Creating ID=21 CardID=
D 20:18:10.1062632 GameState.DebugPrintPower() -     tag=ZONE value=SETASIDE
D 20:18:10.1062632 GameState.DebugPrintPower() -     tag=CONTROLLER value=1
D 20:18:10.1062632 GameState.DebugPrintPower() -     tag=ENTITY_ID value=21
D 20:18:10.1062632 GameState.DebugPrintPower() - FULL_ENTITY - Creating ID=22 CardID=
D 20:18:10.1062632 GameState.DebugPrintPower() -     tag=ZONE value=SETASIDE
D 20:18:10.1062632 GameState.DebugPrintPower() -     tag=CONTROLLER value=1
D 20:18:10.1062632 GameState.DebugPrintPower() -     tag=ENTITY_ID value=22
D 20:18:10.1062632 GameState.DebugPrintPower() - FULL_ENTITY - Creating ID=23 CardID=
D 20:18:10.1062632 GameState.DebugPrintPower() -     tag=ZONE value=DECK
D 20:18:10.1062632 GameState.DebugPrintPower() -     tag=CONTROLLER value=1
D 20:18:10.1062632 GameState.DebugPrintPower() -     tag=ENTITY_ID value=23
D 20:18:10.1062632 GameState.DebugPrintPower() - FULL_ENTITY - Creating ID=24 CardID=
D 20:18:10.1062632 GameState.DebugPrintPower() -     tag=ZONE value=SETASIDE
D 20:18:10.1062632 GameState.DebugPrintPower() -     tag=CONTROLLER value=1
D 20:18:10.1062632 GameState.DebugPrintPower() -     tag=ENTITY_ID value=24
D 20:18:10.1062632 GameState.DebugPrintPower() - FULL_ENTITY - Creating ID=25 CardID=
D 20:18:10.1062632 GameState.DebugPrintPower() -     tag=ZONE value=SETASIDE
D 20:18:10.1062632 GameState.DebugPrintPower() -     tag=CONTROLLER value=1
D 20:18:10.1062632 GameState.DebugPrintPower() -     tag=ENTITY_ID value=25
D 20:18:10.1062632 GameState.DebugPrintPower() - FULL_ENTITY - Creating ID=26 CardID=
D 20:18:10.1062632 GameState.DebugPrintPower() -     tag=ZONE value=DECK
D 20:18:10.1062632 GameState.DebugPrintPower() -     tag=CONTROLLER value=1
D 20:18:10.1062632 GameState.DebugPrintPower() -     tag=ENTITY_ID value=26
D 20:18:10.1062632 GameState.DebugPrintPower() - FULL_ENTITY - Creating ID=27 CardID=
D 20:18:10.1062632 GameState.DebugPrintPower() -     tag=ZONE value=DECK
D 20:18:10.1062632 GameState.DebugPrintPower() -     tag=CONTROLLER value=1
D 20:18:10.1062632 GameState.DebugPrintPower() -     tag=ENTITY_ID value=27
D 20:18:10.1062632 GameState.DebugPrintPower() - FULL_ENTITY - Creating ID=28 CardID=
D 20:18:10.1062632 GameState.DebugPrintPower() -     tag=ZONE value=DECK
D 20:18:10.1062632 GameState.DebugPrintPower() -     tag=CONTROLLER value=1
D 20:18:10.1062632 GameState.DebugPrintPower() -     tag=ENTITY_ID value=28
D 20:18:10.1062632 GameState.DebugPrintPower() - FULL_ENTITY - Creating ID=29 CardID=
D 20:18:10.1062632 GameState.DebugPrintPower() -     tag=ZONE value=SETASIDE
D 20:18:10.1062632 GameState.DebugPrintPower() -     tag=CONTROLLER value=1
D 20:18:10.1062632 GameState.DebugPrintPower() -     tag=ENTITY_ID value=29
D 20:18:10.1062632 GameState.DebugPrintPower() - FULL_ENTITY - Creating ID=30 CardID=
D 20:18:10.1062632 GameState.DebugPrintPower() -     tag=ZONE value=SETASIDE
D 20:18:10.1062632 GameState.DebugPrintPower() -     tag=CONTROLLER value=1
D 20:18:10.1062632 GameState.DebugPrintPower() -     tag=ENTITY_ID value=30
D 20:18:10.1062632 GameState.DebugPrintPower() - FULL_ENTITY - Creating ID=31 CardID=
D 20:18:10.1062632 GameState.DebugPrintPower() -     tag=ZONE value=DECK
D 20:18:10.1062632 GameState.DebugPrintPower() -     tag=CONTROLLER value=1
D 20:18:10.1062632 GameState.DebugPrintPower() -     tag=ENTITY_ID value=31
D 20:18:10.1062632 GameState.DebugPrintPower() - FULL_ENTITY - Creating ID=32 CardID=
D 20:18:10.1062632 GameState.DebugPrintPower() -     tag=ZONE value=DECK
D 20:18:10.1062632 GameState.DebugPrintPower() -     tag=CONTROLLER value=1
D 20:18:10.1062632 GameState.DebugPrintPower() -     tag=ENTITY_ID value=32
D 20:18:10.1062632 GameState.DebugPrintPower() - FULL_ENTITY - Creating ID=33 CardID=
D 20:18:10.1062632 GameState.DebugPrintPower() -     tag=ZONE value=DECK
D 20:18:10.1062632 GameState.DebugPrintPower() -     tag=CONTROLLER value=1
D 20:18:10.1062632 GameState.DebugPrintPower() -     tag=ENTITY_ID value=33
D 20:18:10.1062632 GameState.DebugPrintPower() - FULL_ENTITY - Creating ID=34 CardID=
D 20:18:10.1062632 GameState.DebugPrintPower() -     tag=ZONE value=DECK
D 20:18:10.1062632 GameState.DebugPrintPower() -     tag=CONTROLLER value=1
D 20:18:10.1062632 GameState.DebugPrintPower() -     tag=ENTITY_ID value=34
D 20:18:10.1062632 GameState.DebugPrintPower() - FULL_ENTITY - Creating ID=35 CardID=
D 20:18:10.1062632 GameState.DebugPrintPower() -     tag=ZONE value=DECK
D 20:18:10.1062632 GameState.DebugPrintPower() -     tag=CONTROLLER value=1
D 20:18:10.1062632 GameState.DebugPrintPower() -     tag=ENTITY_ID value=35
D 20:18:10.1062632 GameState.DebugPrintPower() - FULL_ENTITY - Creating ID=36 CardID=
D 20:18:10.1062632 GameState.DebugPrintPower() -     tag=ZONE value=DECK
D 20:18:10.1062632 GameState.DebugPrintPower() -     tag=CONTROLLER value=1
D 20:18:10.1062632 GameState.DebugPrintPower() -     tag=ENTITY_ID value=36
D 20:18:10.1062632 GameState.DebugPrintPower() - FULL_ENTITY - Creating ID=37 CardID=
D 20:18:10.1062632 GameState.DebugPrintPower() -     tag=ZONE value=SETASIDE
D 20:18:10.1062632 GameState.DebugPrintPower() -     tag=CONTROLLER value=1
D 20:18:10.1062632 GameState.DebugPrintPower() -     tag=ENTITY_ID value=37
D 20:18:10.1062632 GameState.DebugPrintPower() - FULL_ENTITY - Creating ID=38 CardID=
D 20:18:10.1062632 GameState.DebugPrintPower() -     tag=ZONE value=SETASIDE
D 20:18:10.1062632 GameState.DebugPrintPower() -     tag=CONTROLLER value=1
D 20:18:10.1062632 GameState.DebugPrintPower() -     tag=ENTITY_ID value=38
D 20:18:10.1062632 GameState.DebugPrintPower() - FULL_ENTITY - Creating ID=39 CardID=
D 20:18:10.1062632 GameState.DebugPrintPower() -     tag=ZONE value=DECK
D 20:18:10.1062632 GameState.DebugPrintPower() -     tag=CONTROLLER value=1
D 20:18:10.1062632 GameState.DebugPrintPower() -     tag=ENTITY_ID value=39
D 20:18:10.1062632 GameState.DebugPrintPower() - FULL_ENTITY - Creating ID=40 CardID=
D 20:18:10.1062632 GameState.DebugPrintPower() -     tag=ZONE value=DECK
D 20:18:10.1062632 GameState.DebugPrintPower() -     tag=CONTROLLER value=1
D 20:18:10.1062632 GameState.DebugPrintPower() -     tag=ENTITY_ID value=40
D 20:18:10.1062632 GameState.DebugPrintPower() - FULL_ENTITY - Creating ID=41 CardID=
D 20:18:10.1062632 GameState.DebugPrintPower() -     tag=ZONE value=DECK
D 20:18:10.1062632 GameState.DebugPrintPower() -     tag=CONTROLLER value=1
D 20:18:10.1062632 GameState.DebugPrintPower() -     tag=ENTITY_ID value=41
D 20:18:10.1062632 GameState.DebugPrintPower() - FULL_ENTITY - Creating ID=42 CardID=
D 20:18:10.1062632 GameState.DebugPrintPower() -     tag=ZONE value=DECK
D 20:18:10.1062632 GameState.DebugPrintPower() -     tag=CONTROLLER value=1
D 20:18:10.1062632 GameState.DebugPrintPower() -     tag=ENTITY_ID value=42
D 20:18:10.1062632 GameState.DebugPrintPower() - FULL_ENTITY - Creating ID=43 CardID=
D 20:18:10.1062632 GameState.DebugPrintPower() -     tag=ZONE value=DECK
D 20:18:10.1062632 GameState.DebugPrintPower() -     tag=CONTROLLER value=1
D 20:18:10.1062632 GameState.DebugPrintPower() -     tag=ENTITY_ID value=43
D 20:18:10.1062632 GameState.DebugPrintPower() - FULL_ENTITY - Creating ID=44 CardID=
D 20:18:10.1062632 GameState.DebugPrintPower() -     tag=ZONE value=DECK
D 20:18:10.1062632 GameState.DebugPrintPower() -     tag=CONTROLLER value=2
D 20:18:10.1062632 GameState.DebugPrintPower() -     tag=ENTITY_ID value=44
D 20:18:10.1062632 GameState.DebugPrintPower() - FULL_ENTITY - Creating ID=45 CardID=
D 20:18:10.1062632 GameState.DebugPrintPower() -     tag=ZONE value=DECK
D 20:18:10.1062632 GameState.DebugPrintPower() -     tag=CONTROLLER value=2
D 20:18:10.1062632 GameState.DebugPrintPower() -     tag=ENTITY_ID value=45
D 20:18:10.1062632 GameState.DebugPrintPower() - FULL_ENTITY - Creating ID=46 CardID=
D 20:18:10.1062632 GameState.DebugPrintPower() -     tag=ZONE value=DECK
D 20:18:10.1062632 GameState.DebugPrintPower() -     tag=CONTROLLER value=2
D 20:18:10.1062632 GameState.DebugPrintPower() -     tag=ENTITY_ID value=46
D 20:18:10.1062632 GameState.DebugPrintPower() - FULL_ENTITY - Creating ID=47 CardID=
D 20:18:10.1062632 GameState.DebugPrintPower() -     tag=ZONE value=DECK
D 20:18:10.1062632 GameState.DebugPrintPower() -     tag=CONTROLLER value=2
D 20:18:10.1062632 GameState.DebugPrintPower() -     tag=ENTITY_ID value=47
D 20:18:10.1062632 GameState.DebugPrintPower() - FULL_ENTITY - Creating ID=48 CardID=
D 20:18:10.1062632 GameState.DebugPrintPower() -     tag=ZONE value=DECK
D 20:18:10.1062632 GameState.DebugPrintPower() -     tag=CONTROLLER value=2
D 20:18:10.1062632 GameState.DebugPrintPower() -     tag=ENTITY_ID value=48
D 20:18:10.1062632 GameState.DebugPrintPower() - FULL_ENTITY - Creating ID=49 CardID=
D 20:18:10.1062632 GameState.DebugPrintPower() -     tag=ZONE value=DECK
D 20:18:10.1062632 GameState.DebugPrintPower() -     tag=CONTROLLER value=2
D 20:18:10.1062632 GameState.DebugPrintPower() -     tag=ENTITY_ID value=49
D 20:18:10.1062632 GameState.DebugPrintPower() - FULL_ENTITY - Creating ID=50 CardID=
D 20:18:10.1062632 GameState.DebugPrintPower() -     tag=ZONE value=DECK
D 20:18:10.1062632 GameState.DebugPrintPower() -     tag=CONTROLLER value=2
D 20:18:10.1062632 GameState.DebugPrintPower() -     tag=ENTITY_ID value=50
D 20:18:10.1062632 GameState.DebugPrintPower() - FULL_ENTITY - Creating ID=51 CardID=
D 20:18:10.1062632 GameState.DebugPrintPower() -     tag=ZONE value=DECK
D 20:18:10.1062632 GameState.DebugPrintPower() -     tag=CONTROLLER value=2
D 20:18:10.1062632 GameState.DebugPrintPower() -     tag=ENTITY_ID value=51
D 20:18:10.1062632 GameState.DebugPrintPower() - FULL_ENTITY - Creating ID=52 CardID=
D 20:18:10.1062632 GameState.DebugPrintPower() -     tag=ZONE value=DECK
D 20:18:10.1062632 GameState.DebugPrintPower() -     tag=CONTROLLER value=2
D 20:18:10.1062632 GameState.DebugPrintPower() -     tag=ENTITY_ID value=52
D 20:18:10.1062632 GameState.DebugPrintPower() - FULL_ENTITY - Creating ID=53 CardID=
D 20:18:10.1062632 GameState.DebugPrintPower() -     tag=ZONE value=DECK
D 20:18:10.1062632 GameState.DebugPrintPower() -     tag=CONTROLLER value=2
D 20:18:10.1062632 GameState.DebugPrintPower() -     tag=ENTITY_ID value=53
D 20:18:10.1062632 GameState.DebugPrintPower() - FULL_ENTITY - Creating ID=54 CardID=
D 20:18:10.1062632 GameState.DebugPrintPower() -     tag=ZONE value=DECK
D 20:18:10.1062632 GameState.DebugPrintPower() -     tag=CONTROLLER value=2
D 20:18:10.1062632 GameState.DebugPrintPower() -     tag=ENTITY_ID value=54
D 20:18:10.1062632 GameState.DebugPrintPower() - FULL_ENTITY - Creating ID=55 CardID=
D 20:18:10.1062632 GameState.DebugPrintPower() -     tag=ZONE value=DECK
D 20:18:10.1062632 GameState.DebugPrintPower() -     tag=CONTROLLER value=2
D 20:18:10.1062632 GameState.DebugPrintPower() -     tag=ENTITY_ID value=55
D 20:18:10.1062632 GameState.DebugPrintPower() - FULL_ENTITY - Creating ID=56 CardID=
D 20:18:10.1062632 GameState.DebugPrintPower() -     tag=ZONE value=DECK
D 20:18:10.1062632 GameState.DebugPrintPower() -     tag=CONTROLLER value=2
D 20:18:10.1062632 GameState.DebugPrintPower() -     tag=ENTITY_ID value=56
D 20:18:10.1062632 GameState.DebugPrintPower() - FULL_ENTITY - Creating ID=57 CardID=
D 20:18:10.1062632 GameState.DebugPrintPower() -     tag=ZONE value=DECK
D 20:18:10.1062632 GameState.DebugPrintPower() -     tag=CONTROLLER value=2
D 20:18:10.1062632 GameState.DebugPrintPower() -     tag=ENTITY_ID value=57
D 20:18:10.1062632 GameState.DebugPrintPower() - FULL_ENTITY - Creating ID=58 CardID=
D 20:18:10.1062632 GameState.DebugPrintPower() -     tag=ZONE value=DECK
D 20:18:10.1062632 GameState.DebugPrintPower() -     tag=CONTROLLER value=2
D 20:18:10.1062632 GameState.DebugPrintPower() -     tag=ENTITY_ID value=58
D 20:18:10.1062632 GameState.DebugPrintPower() - FULL_ENTITY - Creating ID=59 CardID=
D 20:18:10.1062632 GameState.DebugPrintPower() -     tag=ZONE value=DECK
D 20:18:10.1062632 GameState.DebugPrintPower() -     tag=CONTROLLER value=2
D 20:18:10.1062632 GameState.DebugPrintPower() -     tag=ENTITY_ID value=59
D 20:18:10.1062632 GameState.DebugPrintPower() - FULL_ENTITY - Creating ID=60 CardID=
D 20:18:10.1062632 GameState.DebugPrintPower() -     tag=ZONE value=DECK
D 20:18:10.1062632 GameState.DebugPrintPower() -     tag=CONTROLLER value=2
D 20:18:10.1062632 GameState.DebugPrintPower() -     tag=ENTITY_ID value=60
D 20:18:10.1062632 GameState.DebugPrintPower() - FULL_ENTITY - Creating ID=61 CardID=
D 20:18:10.1062632 GameState.DebugPrintPower() -     tag=ZONE value=DECK
D 20:18:10.1062632 GameState.DebugPrintPower() -     tag=CONTROLLER value=2
D 20:18:10.1062632 GameState.DebugPrintPower() -     tag=ENTITY_ID value=61
D 20:18:10.1062632 GameState.DebugPrintPower() - FULL_ENTITY - Creating ID=62 CardID=
D 20:18:10.1062632 GameState.DebugPrintPower() -     tag=ZONE value=DECK
D 20:18:10.1062632 GameState.DebugPrintPower() -     tag=CONTROLLER value=2
D 20:18:10.1062632 GameState.DebugPrintPower() -     tag=ENTITY_ID value=62
D 20:18:10.1062632 GameState.DebugPrintPower() - FULL_ENTITY - Creating ID=63 CardID=
D 20:18:10.1062632 GameState.DebugPrintPower() -     tag=ZONE value=DECK
D 20:18:10.1062632 GameState.DebugPrintPower() -     tag=CONTROLLER value=2
D 20:18:10.1062632 GameState.DebugPrintPower() -     tag=ENTITY_ID value=63
D 20:18:10.1062632 GameState.DebugPrintPower() - FULL_ENTITY - Creating ID=64 CardID=
D 20:18:10.1062632 GameState.DebugPrintPower() -     tag=ZONE value=DECK
D 20:18:10.1062632 GameState.DebugPrintPower() -     tag=CONTROLLER value=2
D 20:18:10.1062632 GameState.DebugPrintPower() -     tag=ENTITY_ID value=64
D 20:18:10.1062632 GameState.DebugPrintPower() - FULL_ENTITY - Creating ID=65 CardID=
D 20:18:10.1062632 GameState.DebugPrintPower() -     tag=ZONE value=DECK
D 20:18:10.1062632 GameState.DebugPrintPower() -     tag=CONTROLLER value=2
D 20:18:10.1062632 GameState.DebugPrintPower() -     tag=ENTITY_ID value=65
D 20:18:10.1062632 GameState.DebugPrintPower() - FULL_ENTITY - Creating ID=66 CardID=
D 20:18:10.1062632 GameState.DebugPrintPower() -     tag=ZONE value=DECK
D 20:18:10.1062632 GameState.DebugPrintPower() -     tag=CONTROLLER value=2
D 20:18:10.1062632 GameState.DebugPrintPower() -     tag=ENTITY_ID value=66
D 20:18:10.1062632 GameState.DebugPrintPower() - FULL_ENTITY - Creating ID=67 CardID=
D 20:18:10.1062632 GameState.DebugPrintPower() -     tag=ZONE value=DECK
D 20:18:10.1062632 GameState.DebugPrintPower() -     tag=CONTROLLER value=2
D 20:18:10.1062632 GameState.DebugPrintPower() -     tag=ENTITY_ID value=67
D 20:18:10.1062632 GameState.DebugPrintPower() - FULL_ENTITY - Creating ID=68 CardID=
D 20:18:10.1062632 GameState.DebugPrintPower() -     tag=ZONE value=DECK
D 20:18:10.1062632 GameState.DebugPrintPower() -     tag=CONTROLLER value=2
D 20:18:10.1062632 GameState.DebugPrintPower() -     tag=ENTITY_ID value=68
D 20:18:10.1062632 GameState.DebugPrintPower() - FULL_ENTITY - Creating ID=69 CardID=
D 20:18:10.1062632 GameState.DebugPrintPower() -     tag=ZONE value=DECK
D 20:18:10.1062632 GameState.DebugPrintPower() -     tag=CONTROLLER value=2
D 20:18:10.1062632 GameState.DebugPrintPower() -     tag=ENTITY_ID value=69
D 20:18:10.1062632 GameState.DebugPrintPower() - FULL_ENTITY - Creating ID=70 CardID=
D 20:18:10.1062632 GameState.DebugPrintPower() -     tag=ZONE value=DECK
D 20:18:10.1062632 GameState.DebugPrintPower() -     tag=CONTROLLER value=2
D 20:18:10.1062632 GameState.DebugPrintPower() -     tag=ENTITY_ID value=70
D 20:18:10.1062632 GameState.DebugPrintPower() - FULL_ENTITY - Creating ID=71 CardID=
D 20:18:10.1062632 GameState.DebugPrintPower() -     tag=ZONE value=DECK
D 20:18:10.1062632 GameState.DebugPrintPower() -     tag=CONTROLLER value=2
D 20:18:10.1062632 GameState.DebugPrintPower() -     tag=ENTITY_ID value=71
D 20:18:10.1062632 GameState.DebugPrintPower() - FULL_ENTITY - Creating ID=72 CardID=
D 20:18:10.1062632 GameState.DebugPrintPower() -     tag=ZONE value=DECK
D 20:18:10.1062632 GameState.DebugPrintPower() -     tag=CONTROLLER value=2
D 20:18:10.1062632 GameState.DebugPrintPower() -     tag=ENTITY_ID value=72
D 20:18:10.1062632 GameState.DebugPrintPower() - FULL_ENTITY - Creating ID=73 CardID=
D 20:18:10.1062632 GameState.DebugPrintPower() -     tag=ZONE value=DECK
D 20:18:10.1062632 GameState.DebugPrintPower() -     tag=CONTROLLER value=2
D 20:18:10.1062632 GameState.DebugPrintPower() -     tag=ENTITY_ID value=73
D 20:18:10.1062632 GameState.DebugPrintPower() - FULL_ENTITY - Creating ID=74 CardID=HERO_06bi
D 20:18:10.1062632 GameState.DebugPrintPower() -     tag=CONTROLLER value=1
D 20:18:10.1062632 GameState.DebugPrintPower() -     tag=CARDTYPE value=HERO
D 20:18:10.1062632 GameState.DebugPrintPower() -     tag=HEALTH value=30
D 20:18:10.1062632 GameState.DebugPrintPower() -     tag=PREMIUM value=1
D 20:18:10.1062632 GameState.DebugPrintPower() -     tag=ZONE value=PLAY
D 20:18:10.1062632 GameState.DebugPrintPower() -     tag=ENTITY_ID value=74
D 20:18:10.1062632 GameState.DebugPrintPower() -     tag=CLASS value=DRUID
D 20:18:10.1062632 GameState.DebugPrintPower() -     tag=FACTION value=NEUTRAL
D 20:18:10.1062632 GameState.DebugPrintPower() -     tag=RARITY value=FREE
D 20:18:10.1062632 GameState.DebugPrintPower() -     tag=HERO_POWER value=66926
D 20:18:10.1062632 GameState.DebugPrintPower() -     tag=HIDE_WATERMARK value=1
D 20:18:10.1062632 GameState.DebugPrintPower() -     tag=SPAWN_TIME_COUNT value=1
D 20:18:10.1062632 GameState.DebugPrintPower() -     tag=EMOTECHARACTER value=20
D 20:18:10.1062632 GameState.DebugPrintPower() -     tag=HAS_ACTIVATE_POWER value=1
D 20:18:10.1062632 GameState.DebugPrintPower() -     tag=EMOTECLASS value=6
D 20:18:10.1062632 GameState.DebugPrintPower() -     tag=3085 value=30
D 20:18:10.1062632 GameState.DebugPrintPower() - FULL_ENTITY - Creating ID=75 CardID=HERO_06ebp
D 20:18:10.1062632 GameState.DebugPrintPower() -     tag=CONTROLLER value=1
D 20:18:10.1062632 GameState.DebugPrintPower() -     tag=CARDTYPE value=HERO_POWER
D 20:18:10.1062632 GameState.DebugPrintPower() -     tag=TAG_LAST_KNOWN_COST_IN_HAND value=2
D 20:18:10.1062632 GameState.DebugPrintPower() -     tag=COST value=2
D 20:18:10.1062632 GameState.DebugPrintPower() -     tag=PREMIUM value=1
D 20:18:10.1062632 GameState.DebugPrintPower() -     tag=ZONE value=PLAY
D 20:18:10.1062632 GameState.DebugPrintPower() -     tag=ENTITY_ID value=75
D 20:18:10.1062632 GameState.DebugPrintPower() -     tag=CLASS value=DRUID
D 20:18:10.1062632 GameState.DebugPrintPower() -     tag=FACTION value=NEUTRAL
D 20:18:10.1062632 GameState.DebugPrintPower() -     tag=RARITY value=FREE
D 20:18:10.1062632 GameState.DebugPrintPower() -     tag=CREATOR value=74
D 20:18:10.1062632 GameState.DebugPrintPower() -     tag=1037 value=1
D 20:18:10.1062632 GameState.DebugPrintPower() -     tag=1086 value=66928
D 20:18:10.1062632 GameState.DebugPrintPower() -     tag=CREATOR_DBID value=123761
D 20:18:10.1062632 GameState.DebugPrintPower() -     tag=SPAWN_TIME_COUNT value=1
D 20:18:10.1062632 GameState.DebugPrintPower() -     tag=HAS_ACTIVATE_POWER value=1
D 20:18:10.1062632 GameState.DebugPrintPower() - FULL_ENTITY - Creating ID=76 CardID=HERO_01a
D 20:18:10.1062632 GameState.DebugPrintPower() -     tag=CONTROLLER value=2
D 20:18:10.1062632 GameState.DebugPrintPower() -     tag=CARDTYPE value=HERO
D 20:18:10.1062632 GameState.DebugPrintPower() -     tag=HEALTH value=30
D 20:18:10.1062632 GameState.DebugPrintPower() -     tag=PREMIUM value=1
D 20:18:10.1062632 GameState.DebugPrintPower() -     tag=ZONE value=PLAY
D 20:18:10.1062632 GameState.DebugPrintPower() -     tag=ENTITY_ID value=76
D 20:18:10.1062632 GameState.DebugPrintPower() -     tag=CLASS value=WARRIOR
D 20:18:10.1062632 GameState.DebugPrintPower() -     tag=RARITY value=EPIC
D 20:18:10.1062632 GameState.DebugPrintPower() -     tag=HERO_POWER value=2830
D 20:18:10.1062632 GameState.DebugPrintPower() -     tag=SPAWN_TIME_COUNT value=1
D 20:18:10.1062632 GameState.DebugPrintPower() -     tag=EMOTECHARACTER value=2
D 20:18:10.1062632 GameState.DebugPrintPower() -     tag=HAS_ACTIVATE_POWER value=1
D 20:18:10.1062632 GameState.DebugPrintPower() -     tag=EMOTECLASS value=1
D 20:18:10.1062632 GameState.DebugPrintPower() -     tag=3085 value=30
D 20:18:10.1062632 GameState.DebugPrintPower() - FULL_ENTITY - Creating ID=77 CardID=CS2_102_H1
D 20:18:10.1062632 GameState.DebugPrintPower() -     tag=CONTROLLER value=2
D 20:18:10.1062632 GameState.DebugPrintPower() -     tag=CARDTYPE value=HERO_POWER
D 20:18:10.1062632 GameState.DebugPrintPower() -     tag=TAG_LAST_KNOWN_COST_IN_HAND value=2
D 20:18:10.1062632 GameState.DebugPrintPower() -     tag=COST value=2
D 20:18:10.1062632 GameState.DebugPrintPower() -     tag=PREMIUM value=1
D 20:18:10.1062632 GameState.DebugPrintPower() -     tag=ZONE value=PLAY
D 20:18:10.1062632 GameState.DebugPrintPower() -     tag=ENTITY_ID value=77
D 20:18:10.1062632 GameState.DebugPrintPower() -     tag=CLASS value=WARRIOR
D 20:18:10.1062632 GameState.DebugPrintPower() -     tag=RARITY value=FREE
D 20:18:10.1062632 GameState.DebugPrintPower() -     tag=CREATOR value=76
D 20:18:10.1062632 GameState.DebugPrintPower() -     tag=1037 value=2
D 20:18:10.1062632 GameState.DebugPrintPower() -     tag=1086 value=30374
D 20:18:10.1062632 GameState.DebugPrintPower() -     tag=CREATOR_DBID value=2828
D 20:18:10.1062632 GameState.DebugPrintPower() -     tag=SPAWN_TIME_COUNT value=1
D 20:18:10.1062632 GameState.DebugPrintPower() -     tag=HAS_ACTIVATE_POWER value=1
D 20:18:10.1062632 GameState.DebugPrintPower() - TAG_CHANGE Entity=1 tag=STATE value=RUNNING 
D 20:18:10.1062632 GameState.DebugPrintPower() - TAG_CHANGE Entity=2 tag=PLAYSTATE value=PLAYING 
D 20:18:10.1062632 GameState.DebugPrintPower() - TAG_CHANGE Entity=3 tag=PLAYSTATE value=PLAYING 
D 20:18:10.1062632 GameState.DebugPrintPower() - BLOCK_START BlockType=TRIGGER Entity=1 EffectCardId=System.Collections.Generic.List`1[System.String] EffectIndex=6 Target=0 SubOption=-1 TriggerKeyword=TAG_NOT_SET
D 20:18:10.1062632 GameState.DebugPrintPower() - BLOCK_END
D 20:18:10.1062632 GameState.DebugPrintPower() - BLOCK_START BlockType=TRIGGER Entity=1 EffectCardId=System.Collections.Generic.List`1[System.String] EffectIndex=-1 Target=0 SubOption=-1 TriggerKeyword=TAG_NOT_SET
D 20:18:10.1062632 GameState.DebugPrintPower() -     TAG_CHANGE Entity=2 tag=CURRENT_PLAYER value=1 
D 20:18:10.1062632 GameState.DebugPrintPower() -     TAG_CHANGE Entity=2 tag=FIRST_PLAYER value=1 
D 20:18:10.1062632 GameState.DebugPrintPower() -     TAG_CHANGE Entity=1 tag=TURN value=1 
D 20:18:10.1062632 GameState.DebugPrintPower() -     TAG_CHANGE Entity=2 tag=2166 value=26 
D 20:18:10.1062632 GameState.DebugPrintPower() -     TAG_CHANGE Entity=2 tag=467 value=3 
D 20:18:10.1062632 GameState.DebugPrintPower() -     SHOW_ENTITY - Updating Entity=26 CardID=CS2_008
D 20:18:10.1062632 GameState.DebugPrintPower() -         tag=CONTROLLER value=1
D 20:18:10.1062632 GameState.DebugPrintPower() -         tag=CARDTYPE value=SPELL
D 20:18:10.1062632 GameState.DebugPrintPower() -         tag=PREMIUM value=1
D 20:18:10.1062632 GameState.DebugPrintPower() -         tag=ZONE value=HAND
D 20:18:10.1062632 GameState.DebugPrintPower() -         tag=ENTITY_ID value=26
D 20:18:10.1062632 GameState.DebugPrintPower() -         tag=CLASS value=DRUID
D 20:18:10.1062632 GameState.DebugPrintPower() -         tag=FACTION value=NEUTRAL
D 20:18:10.1062632 GameState.DebugPrintPower() -         tag=RARITY value=FREE
D 20:18:10.1062632 GameState.DebugPrintPower() -         tag=478 value=1
D 20:18:10.1062632 GameState.DebugPrintPower() -         tag=1043 value=1
D 20:18:10.1062632 GameState.DebugPrintPower() -         tag=1068 value=0
D 20:18:10.1062632 GameState.DebugPrintPower() -         tag=SPAWN_TIME_COUNT value=1
D 20:18:10.1062632 GameState.DebugPrintPower() -         tag=SPELL_SCHOOL value=1
D 20:18:10.1062632 GameState.DebugPrintPower() -     TAG_CHANGE Entity=26 tag=NUM_TURNS_IN_HAND value=1 
D 20:18:10.1062632 GameState.DebugPrintPower() -     TAG_CHANGE Entity=26 tag=ZONE_POSITION value=1 
D 20:18:10.1062632 GameState.DebugPrintPower() -     TAG_CHANGE Entity=26 tag=ZONE_POSITION value=0 
D 20:18:10.1062632 GameState.DebugPrintPower() -     TAG_CHANGE Entity=26 tag=ZONE_POSITION value=1 
D 20:18:10.1062632 GameState.DebugPrintPower() -     TAG_CHANGE Entity=2 tag=2166 value=15 
D 20:18:10.1062632 GameState.DebugPrintPower() -     TAG_CHANGE Entity=2 tag=467 value=2 
D 20:18:10.1062632 GameState.DebugPrintPower() -     SHOW_ENTITY - Updating Entity=15 CardID=TID_001
D 20:18:10.1062632 GameState.DebugPrintPower() -         tag=CONTROLLER value=1
D 20:18:10.1062632 GameState.DebugPrintPower() -         tag=CARDTYPE value=SPELL
D 20:18:10.1062632 GameState.DebugPrintPower() -         tag=TAG_LAST_KNOWN_COST_IN_HAND value=1
D 20:18:10.1062632 GameState.DebugPrintPower() -         tag=COST value=1
D 20:18:10.1062632 GameState.DebugPrintPower() -         tag=ZONE value=HAND
D 20:18:10.1062632 GameState.DebugPrintPower() -         tag=ENTITY_ID value=15
D 20:18:10.1062632 GameState.DebugPrintPower() -         tag=CLASS value=DRUID
D 20:18:10.1062632 GameState.DebugPrintPower() -         tag=FACTION value=NEUTRAL
D 20:18:10.1062632 GameState.DebugPrintPower() -         tag=RARITY value=COMMON
D 20:18:10.1062632 GameState.DebugPrintPower() -         tag=478 value=1
D 20:18:10.1062632 GameState.DebugPrintPower() -         tag=1043 value=1
D 20:18:10.1062632 GameState.DebugPrintPower() -         tag=1068 value=0
D 20:18:10.1062632 GameState.DebugPrintPower() -         tag=SPAWN_TIME_COUNT value=1
D 20:18:10.1062632 GameState.DebugPrintPower() -         tag=SPELL_SCHOOL value=1
D 20:18:10.1062632 GameState.DebugPrintPower() -         tag=MINI_SET value=1
D 20:18:10.1062632 GameState.DebugPrintPower() -     TAG_CHANGE Entity=15 tag=NUM_TURNS_IN_HAND value=1 
D 20:18:10.1062632 GameState.DebugPrintPower() -     TAG_CHANGE Entity=15 tag=ZONE_POSITION value=2 
D 20:18:10.1062632 GameState.DebugPrintPower() -     TAG_CHANGE Entity=15 tag=ZONE_POSITION value=0 
D 20:18:10.1062632 GameState.DebugPrintPower() -     TAG_CHANGE Entity=15 tag=ZONE_POSITION value=2 
D 20:18:10.1062632 GameState.DebugPrintPower() -     TAG_CHANGE Entity=2 tag=2166 value=27 
D 20:18:10.1062632 GameState.DebugPrintPower() -     TAG_CHANGE Entity=2 tag=467 value=1 
D 20:18:10.1062632 GameState.DebugPrintPower() -     SHOW_ENTITY - Updating Entity=27 CardID=SC_755
D 20:18:10.1062632 GameState.DebugPrintPower() -         tag=CONTROLLER value=1
D 20:18:10.1062632 GameState.DebugPrintPower() -         tag=CARDTYPE value=SPELL
D 20:18:10.1062632 GameState.DebugPrintPower() -         tag=ZONE value=HAND
D 20:18:10.1062632 GameState.DebugPrintPower() -         tag=ENTITY_ID value=27
D 20:18:10.1062632 GameState.DebugPrintPower() -         tag=CLASS value=DRUID
D 20:18:10.1062632 GameState.DebugPrintPower() -         tag=RARITY value=COMMON
D 20:18:10.1062632 GameState.DebugPrintPower() -         tag=478 value=1
D 20:18:10.1062632 GameState.DebugPrintPower() -         tag=1043 value=1
D 20:18:10.1062632 GameState.DebugPrintPower() -         tag=1068 value=0
D 20:18:10.1062632 GameState.DebugPrintPower() -         tag=SPAWN_TIME_COUNT value=1
D 20:18:10.1062632 GameState.DebugPrintPower() -         tag=1724 value=1
D 20:18:10.1062632 GameState.DebugPrintPower() -         tag=MINI_SET value=1
D 20:18:10.1062632 GameState.DebugPrintPower() -         tag=PROTOSS value=1
D 20:18:10.1062632 GameState.DebugPrintPower() -     TAG_CHANGE Entity=27 tag=NUM_TURNS_IN_HAND value=1 
D 20:18:10.1062632 GameState.DebugPrintPower() -     TAG_CHANGE Entity=27 tag=ZONE_POSITION value=3 
D 20:18:10.1062632 GameState.DebugPrintPower() -     TAG_CHANGE Entity=27 tag=ZONE_POSITION value=0 
D 20:18:10.1062632 GameState.DebugPrintPower() -     TAG_CHANGE Entity=27 tag=ZONE_POSITION value=3 
D 20:18:10.1062632 GameState.DebugPrintPower() -     TAG_CHANGE Entity=2 tag=467 value=0 
D 20:18:10.1062632 GameState.DebugPrintPower() -     TAG_CHANGE Entity=2 tag=NUM_TURNS_LEFT value=1 
D 20:18:10.1062632 GameState.DebugPrintPower() -     TAG_CHANGE Entity=3 tag=2166 value=60 
D 20:18:10.1062632 GameState.DebugPrintPower() -     TAG_CHANGE Entity=3 tag=467 value=4 
D 20:18:10.1062632 GameState.DebugPrintPower() -     TAG_CHANGE Entity=60 tag=ZONE value=HAND 
D 20:18:10.1062632 GameState.DebugPrintPower() -     TAG_CHANGE Entity=60 tag=ZONE_POSITION value=1 
D 20:18:10.1062632 GameState.DebugPrintPower() -     TAG_CHANGE Entity=60 tag=ZONE_POSITION value=0 
D 20:18:10.1062632 GameState.DebugPrintPower() -     TAG_CHANGE Entity=60 tag=ZONE_POSITION value=1 
D 20:18:10.1062632 GameState.DebugPrintPower() -     TAG_CHANGE Entity=3 tag=2166 value=66 
D 20:18:10.1062632 GameState.DebugPrintPower() -     TAG_CHANGE Entity=3 tag=467 value=3 
D 20:18:10.1062632 GameState.DebugPrintPower() -     TAG_CHANGE Entity=66 tag=ZONE value=HAND 
D 20:18:10.1062632 GameState.DebugPrintPower() -     TAG_CHANGE Entity=66 tag=ZONE_POSITION value=2 
D 20:18:10.1062632 GameState.DebugPrintPower() -     TAG_CHANGE Entity=66 tag=ZONE_POSITION value=0 
D 20:18:10.1062632 GameState.DebugPrintPower() -     TAG_CHANGE Entity=66 tag=ZONE_POSITION value=2 
D 20:18:10.1062632 GameState.DebugPrintPower() -     TAG_CHANGE Entity=3 tag=2166 value=64 
D 20:18:10.1062632 GameState.DebugPrintPower() -     TAG_CHANGE Entity=3 tag=467 value=2 
D 20:18:10.1062632 GameState.DebugPrintPower() -     TAG_CHANGE Entity=64 tag=ZONE value=HAND 
D 20:18:10.1062632 GameState.DebugPrintPower() -     TAG_CHANGE Entity=64 tag=ZONE_POSITION value=3 
D 20:18:10.1062632 GameState.DebugPrintPower() -     TAG_CHANGE Entity=64 tag=ZONE_POSITION value=0 
D 20:18:10.1062632 GameState.DebugPrintPower() -     TAG_CHANGE Entity=64 tag=ZONE_POSITION value=3 
D 20:18:10.1062632 GameState.DebugPrintPower() -     TAG_CHANGE Entity=3 tag=2166 value=44 
D 20:18:10.1062632 GameState.DebugPrintPower() -     TAG_CHANGE Entity=3 tag=467 value=1 
D 20:18:10.1062632 GameState.DebugPrintPower() -     TAG_CHANGE Entity=44 tag=ZONE value=HAND 
D 20:18:10.1062632 GameState.DebugPrintPower() -     TAG_CHANGE Entity=44 tag=ZONE_POSITION value=4 
D 20:18:10.1062632 GameState.DebugPrintPower() -     TAG_CHANGE Entity=44 tag=ZONE_POSITION value=0 
D 20:18:10.1062632 GameState.DebugPrintPower() -     TAG_CHANGE Entity=44 tag=ZONE_POSITION value=4 
D 20:18:10.1062632 GameState.DebugPrintPower() -     TAG_CHANGE Entity=3 tag=467 value=0 
D 20:18:10.1062632 GameState.DebugPrintPower() -     TAG_CHANGE Entity=3 tag=NUM_TURNS_LEFT value=1 
D 20:18:10.1062632 GameState.DebugPrintPower() -     FULL_ENTITY - Creating ID=78 CardID=
D 20:18:10.1062632 GameState.DebugPrintPower() -         tag=ZONE value=HAND
D 20:18:10.1062632 GameState.DebugPrintPower() -         tag=CONTROLLER value=2
D 20:18:10.1062632 GameState.DebugPrintPower() -         tag=ENTITY_ID value=78
D 20:18:10.1062632 GameState.DebugPrintPower() -         tag=ZONE_POSITION value=5
D 20:18:10.1062632 GameState.DebugPrintPower() -     TAG_CHANGE Entity=2 tag=TIMEOUT value=45 
D 20:18:10.1062632 GameState.DebugPrintPower() -     TAG_CHANGE Entity=3 tag=TIMEOUT value=45 
D 20:18:10.1062632 GameState.DebugPrintPower() -     TAG_CHANGE Entity=1 tag=10 value=85 
D 20:18:10.1062632 GameState.DebugPrintPower() -     TAG_CHANGE Entity=1 tag=NEXT_STEP value=BEGIN_MULLIGAN 
D 20:18:10.1062632 GameState.DebugPrintPower() - BLOCK_END
D 20:18:10.1062632 GameState.DebugPrintPower() - BLOCK_START BlockType=TRIGGER Entity=27 EffectCardId=System.Collections.Generic.List`1[System.String] EffectIndex=1 Target=0 SubOption=-1 TriggerKeyword=1724
D 20:18:10.1062632 GameState.DebugPrintPower() - BLOCK_END
D 20:18:10.1062632 GameState.DebugPrintGame() - BuildNumber=250339
D 20:18:10.1062632 GameState.DebugPrintGame() - GameType=GT_RANKED
D 20:18:10.1062632 GameState.DebugPrintGame() - FormatType=FT_WILD
D 20:18:10.1062632 GameState.DebugPrintGame() - ScenarioID=2
D 20:18:10.1062632 GameState.DebugPrintGame() - PlayerID=1, PlayerName=湫然#51704
D 20:18:10.1062632 GameState.DebugPrintGame() - PlayerID=2, PlayerName=UNKNOWN HUMAN PLAYER
D 20:18:10.1062632 GameState.DebugPrintEntityChoices() - id=1 Player=湫然#51704 TaskList= ChoiceType=MULLIGAN CountMin=0 CountMax=3
D 20:18:10.1062632 GameState.DebugPrintEntityChoices() -   Source=GameEntity
D 20:18:10.1062632 GameState.DebugPrintEntityChoices() -   Entities[0]=[entityName=UNKNOWN ENTITY [cardType=INVALID] id=26 zone=DECK zonePos=0 cardId= player=1]
D 20:18:10.1062632 GameState.DebugPrintEntityChoices() -   Entities[1]=[entityName=UNKNOWN ENTITY [cardType=INVALID] id=15 zone=DECK zonePos=0 cardId= player=1]
D 20:18:10.1062632 GameState.DebugPrintEntityChoices() -   Entities[2]=[entityName=UNKNOWN ENTITY [cardType=INVALID] id=27 zone=DECK zonePos=0 cardId= player=1]
D 20:18:10.1062632 GameState.DebugPrintEntityChoices() - id=2 Player=UNKNOWN HUMAN PLAYER TaskList= ChoiceType=MULLIGAN CountMin=0 CountMax=5
D 20:18:10.1062632 GameState.DebugPrintEntityChoices() -   Source=GameEntity
D 20:18:10.1062632 GameState.DebugPrintEntityChoices() -   Entities[0]=[entityName=UNKNOWN ENTITY [cardType=INVALID] id=60 zone=DECK zonePos=0 cardId= player=2]
D 20:18:10.1062632 GameState.DebugPrintEntityChoices() -   Entities[1]=[entityName=UNKNOWN ENTITY [cardType=INVALID] id=66 zone=DECK zonePos=0 cardId= player=2]
D 20:18:10.1062632 GameState.DebugPrintEntityChoices() -   Entities[2]=[entityName=UNKNOWN ENTITY [cardType=INVALID] id=64 zone=DECK zonePos=0 cardId= player=2]
D 20:18:10.1062632 GameState.DebugPrintEntityChoices() -   Entities[3]=[entityName=UNKNOWN ENTITY [cardType=INVALID] id=44 zone=DECK zonePos=0 cardId= player=2]
D 20:18:10.1062632 GameState.DebugPrintEntityChoices() -   Entities[4]=[entityName=UNKNOWN ENTITY [cardType=INVALID] id=78 zone=HAND zonePos=5 cardId= player=2]
D 20:18:10.1062632 GameState.DebugPrintPowerList() - Count=3
D 20:18:10.1062632 GameState.DebugPrintPower() - TAG_CHANGE Entity=GameEntity tag=STEP value=BEGIN_MULLIGAN 
D 20:18:10.1062632 GameState.DebugPrintPower() - BLOCK_START BlockType=TRIGGER Entity=GameEntity EffectCardId=System.Collections.Generic.List`1[System.String] EffectIndex=-1 Target=0 SubOption=-1 TriggerKeyword=TAG_NOT_SET
D 20:18:10.1062632 GameState.DebugPrintPower() -     TAG_CHANGE Entity=湫然#51704 tag=MULLIGAN_STATE value=INPUT 
D 20:18:10.1062632 GameState.DebugPrintPowerList() - Count=1
D 20:18:10.1062632 GameState.DebugPrintPower() - TAG_CHANGE Entity=UNKNOWN HUMAN PLAYER tag=MULLIGAN_STATE value=INPUT 
D 20:18:10.1062632 PowerTaskList.DebugDump() - ID=1 ParentID=0 PreviousID=0 TaskCount=78
D 20:18:10.1062632 PowerTaskList.DebugDump() - Block Start=(null)
D 20:18:10.1062632 PowerTaskList.DebugPrintPower() -     CREATE_GAME
D 20:18:10.1062632 PowerTaskList.DebugPrintPower() -         GameEntity EntityID=1
D 20:18:10.1062632 PowerTaskList.DebugPrintPower() -             tag=CARDTYPE value=GAME
D 20:18:10.1062632 PowerTaskList.DebugPrintPower() -             tag=ZONE value=PLAY
D 20:18:10.1062632 PowerTaskList.DebugPrintPower() -             tag=ENTITY_ID value=1
D 20:18:10.1062632 PowerTaskList.DebugPrintPower() -             tag=937 value=2
D 20:18:10.1062632 PowerTaskList.DebugPrintPower() -             tag=SPAWN_TIME_COUNT value=1
D 20:18:10.1062632 PowerTaskList.DebugPrintPower() -             tag=GAME_SEED value=1544620343
D 20:18:10.1062632 PowerTaskList.DebugPrintPower() -         Player EntityID=2 PlayerID=1 GameAccountId=[hi=144115211015832391 lo=83449896]
D 20:18:10.1062632 PowerTaskList.DebugPrintPower() -             tag=CONTROLLER value=1
D 20:18:10.1062632 PowerTaskList.DebugPrintPower() -             tag=CARDTYPE value=PLAYER
D 20:18:10.1062632 PowerTaskList.DebugPrintPower() -             tag=PLAYER_ID value=1
D 20:18:10.1062632 PowerTaskList.DebugPrintPower() -             tag=HERO_ENTITY value=74
D 20:18:10.1062632 PowerTaskList.DebugPrintPower() -             tag=MAXHANDSIZE value=10
D 20:18:10.1062632 PowerTaskList.DebugPrintPower() -             tag=STARTHANDSIZE value=4
D 20:18:10.1062632 PowerTaskList.DebugPrintPower() -             tag=TEAM_ID value=1
D 20:18:10.1062632 PowerTaskList.DebugPrintPower() -             tag=ZONE value=PLAY
D 20:18:10.1062632 PowerTaskList.DebugPrintPower() -             tag=ENTITY_ID value=2
D 20:18:10.1062632 PowerTaskList.DebugPrintPower() -             tag=MAXRESOURCES value=10
D 20:18:10.1062632 PowerTaskList.DebugPrintPower() -             tag=SPAWN_TIME_COUNT value=1
D 20:18:10.1062632 PowerTaskList.DebugPrintPower() -             tag=MAX_EXCAVATE_TIER value=2
D 20:18:10.1062632 PowerTaskList.DebugPrintPower() -         Player EntityID=3 PlayerID=2 GameAccountId=[hi=144115211015832391 lo=239223320]
D 20:18:10.1062632 PowerTaskList.DebugPrintPower() -             tag=CONTROLLER value=2
D 20:18:10.1062632 PowerTaskList.DebugPrintPower() -             tag=CARDTYPE value=PLAYER
D 20:18:10.1062632 PowerTaskList.DebugPrintPower() -             tag=PLAYER_ID value=2
D 20:18:10.1062632 PowerTaskList.DebugPrintPower() -             tag=HERO_ENTITY value=76
D 20:18:10.1062632 PowerTaskList.DebugPrintPower() -             tag=MAXHANDSIZE value=10
D 20:18:10.1062632 PowerTaskList.DebugPrintPower() -             tag=STARTHANDSIZE value=4
D 20:18:10.1062632 PowerTaskList.DebugPrintPower() -             tag=TEAM_ID value=2
D 20:18:10.1062632 PowerTaskList.DebugPrintPower() -             tag=ZONE value=PLAY
D 20:18:10.1062632 PowerTaskList.DebugPrintPower() -             tag=ENTITY_ID value=3
D 20:18:10.1062632 PowerTaskList.DebugPrintPower() -             tag=MAXRESOURCES value=10
D 20:18:10.1062632 PowerTaskList.DebugPrintPower() -             tag=SPAWN_TIME_COUNT value=1
D 20:18:10.1062632 PowerTaskList.DebugPrintPower() -             tag=MAX_EXCAVATE_TIER value=3
D 20:18:10.1062632 PowerTaskList.DebugPrintPower() -     FULL_ENTITY - Updating [entityName=UNKNOWN ENTITY [cardType=INVALID] id=4 zone=DECK zonePos=0 cardId= player=1] CardID=
D 20:18:10.1062632 PowerTaskList.DebugPrintPower() -         tag=ZONE value=DECK
D 20:18:10.1062632 PowerTaskList.DebugPrintPower() -         tag=CONTROLLER value=1
D 20:18:10.1062632 PowerTaskList.DebugPrintPower() -         tag=ENTITY_ID value=4
D 20:18:10.1062632 PowerTaskList.DebugPrintPower() -     FULL_ENTITY - Updating [entityName=UNKNOWN ENTITY [cardType=INVALID] id=5 zone=DECK zonePos=0 cardId= player=1] CardID=
D 20:18:10.1062632 PowerTaskList.DebugPrintPower() -         tag=ZONE value=DECK
D 20:18:10.1062632 PowerTaskList.DebugPrintPower() -         tag=CONTROLLER value=1
D 20:18:10.1062632 PowerTaskList.DebugPrintPower() -         tag=ENTITY_ID value=5
D 20:18:10.1062632 PowerTaskList.DebugPrintPower() -     FULL_ENTITY - Updating [entityName=UNKNOWN ENTITY [cardType=INVALID] id=6 zone=DECK zonePos=0 cardId= player=1] CardID=
D 20:18:10.1062632 PowerTaskList.DebugPrintPower() -         tag=ZONE value=DECK
D 20:18:10.1062632 PowerTaskList.DebugPrintPower() -         tag=CONTROLLER value=1
D 20:18:10.1062632 PowerTaskList.DebugPrintPower() -         tag=ENTITY_ID value=6
D 20:18:10.1062632 PowerTaskList.DebugPrintPower() -     FULL_ENTITY - Updating [entityName=UNKNOWN ENTITY [cardType=INVALID] id=7 zone=DECK zonePos=0 cardId= player=1] CardID=
D 20:18:10.1062632 PowerTaskList.DebugPrintPower() -         tag=ZONE value=DECK
D 20:18:10.1062632 PowerTaskList.DebugPrintPower() -         tag=CONTROLLER value=1
D 20:18:10.1062632 PowerTaskList.DebugPrintPower() -         tag=ENTITY_ID value=7
D 20:18:10.1062632 PowerTaskList.DebugPrintPower() -     FULL_ENTITY - Updating [entityName=UNKNOWN ENTITY [cardType=INVALID] id=8 zone=DECK zonePos=0 cardId= player=1] CardID=
D 20:18:10.1062632 PowerTaskList.DebugPrintPower() -         tag=ZONE value=DECK
D 20:18:10.1062632 PowerTaskList.DebugPrintPower() -         tag=CONTROLLER value=1
D 20:18:10.1062632 PowerTaskList.DebugPrintPower() -         tag=ENTITY_ID value=8
D 20:18:10.1062632 PowerTaskList.DebugPrintPower() -     FULL_ENTITY - Updating [entityName=UNKNOWN ENTITY [cardType=INVALID] id=9 zone=DECK zonePos=0 cardId= player=1] CardID=
D 20:18:10.1062632 PowerTaskList.DebugPrintPower() -         tag=ZONE value=DECK
D 20:18:10.1062632 PowerTaskList.DebugPrintPower() -         tag=CONTROLLER value=1
D 20:18:10.1062632 PowerTaskList.DebugPrintPower() -         tag=ENTITY_ID value=9
D 20:18:10.1062632 PowerTaskList.DebugPrintPower() -     FULL_ENTITY - Updating [entityName=UNKNOWN ENTITY [cardType=INVALID] id=10 zone=DECK zonePos=0 cardId= player=1] CardID=
D 20:18:10.1062632 PowerTaskList.DebugPrintPower() -         tag=ZONE value=DECK
D 20:18:10.1062632 PowerTaskList.DebugPrintPower() -         tag=CONTROLLER value=1
D 20:18:10.1062632 PowerTaskList.DebugPrintPower() -         tag=ENTITY_ID value=10
D 20:18:10.1062632 PowerTaskList.DebugPrintPower() -     FULL_ENTITY - Updating [entityName=UNKNOWN ENTITY [cardType=INVALID] id=11 zone=DECK zonePos=0 cardId= player=1] CardID=
D 20:18:10.1062632 PowerTaskList.DebugPrintPower() -         tag=ZONE value=DECK
D 20:18:10.1062632 PowerTaskList.DebugPrintPower() -         tag=CONTROLLER value=1
D 20:18:10.1062632 PowerTaskList.DebugPrintPower() -         tag=ENTITY_ID value=11
D 20:18:10.1062632 PowerTaskList.DebugPrintPower() -     FULL_ENTITY - Updating [entityName=UNKNOWN ENTITY [cardType=INVALID] id=12 zone=DECK zonePos=0 cardId= player=1] CardID=
D 20:18:10.1062632 PowerTaskList.DebugPrintPower() -         tag=ZONE value=DECK
D 20:18:10.1062632 PowerTaskList.DebugPrintPower() -         tag=CONTROLLER value=1
D 20:18:10.1062632 PowerTaskList.DebugPrintPower() -         tag=ENTITY_ID value=12
D 20:18:10.1062632 PowerTaskList.DebugPrintPower() -     FULL_ENTITY - Updating [entityName=UNKNOWN ENTITY [cardType=INVALID] id=13 zone=DECK zonePos=0 cardId= player=1] CardID=
D 20:18:10.1062632 PowerTaskList.DebugPrintPower() -         tag=ZONE value=DECK
D 20:18:10.1062632 PowerTaskList.DebugPrintPower() -         tag=CONTROLLER value=1
D 20:18:10.1062632 PowerTaskList.DebugPrintPower() -         tag=ENTITY_ID value=13
D 20:18:10.1062632 PowerTaskList.DebugPrintPower() -     FULL_ENTITY - Updating [entityName=UNKNOWN ENTITY [cardType=INVALID] id=14 zone=DECK zonePos=0 cardId= player=1] CardID=
D 20:18:10.1062632 PowerTaskList.DebugPrintPower() -         tag=ZONE value=DECK
D 20:18:10.1062632 PowerTaskList.DebugPrintPower() -         tag=CONTROLLER value=1
D 20:18:10.1062632 PowerTaskList.DebugPrintPower() -         tag=ENTITY_ID value=14
D 20:18:10.1062632 PowerTaskList.DebugPrintPower() -     FULL_ENTITY - Updating [entityName=UNKNOWN ENTITY [cardType=INVALID] id=15 zone=DECK zonePos=0 cardId= player=1] CardID=
D 20:18:10.1062632 PowerTaskList.DebugPrintPower() -         tag=ZONE value=DECK
D 20:18:10.1062632 PowerTaskList.DebugPrintPower() -         tag=CONTROLLER value=1
D 20:18:10.1062632 PowerTaskList.DebugPrintPower() -         tag=ENTITY_ID value=15
D 20:18:10.1062632 PowerTaskList.DebugPrintPower() -     FULL_ENTITY - Updating [entityName=UNKNOWN ENTITY [cardType=INVALID] id=16 zone=DECK zonePos=0 cardId= player=1] CardID=
D 20:18:10.1062632 PowerTaskList.DebugPrintPower() -         tag=ZONE value=DECK
D 20:18:10.1062632 PowerTaskList.DebugPrintPower() -         tag=CONTROLLER value=1
D 20:18:10.1062632 PowerTaskList.DebugPrintPower() -         tag=ENTITY_ID value=16
D 20:18:10.1062632 PowerTaskList.DebugPrintPower() -     FULL_ENTITY - Updating [entityName=UNKNOWN ENTITY [cardType=INVALID] id=17 zone=DECK zonePos=0 cardId= player=1] CardID=
D 20:18:10.1062632 PowerTaskList.DebugPrintPower() -         tag=ZONE value=DECK
D 20:18:10.1062632 PowerTaskList.DebugPrintPower() -         tag=CONTROLLER value=1
D 20:18:10.1062632 PowerTaskList.DebugPrintPower() -         tag=ENTITY_ID value=17
D 20:18:10.1062632 PowerTaskList.DebugPrintPower() -     FULL_ENTITY - Updating [entityName=UNKNOWN ENTITY [cardType=INVALID] id=18 zone=SETASIDE zonePos=0 cardId= player=1] CardID=
D 20:18:10.1062632 PowerTaskList.DebugPrintPower() -         tag=ZONE value=SETASIDE
D 20:18:10.1062632 PowerTaskList.DebugPrintPower() -         tag=CONTROLLER value=1
D 20:18:10.1062632 PowerTaskList.DebugPrintPower() -         tag=ENTITY_ID value=18
D 20:18:10.1062632 PowerTaskList.DebugPrintPower() -     FULL_ENTITY - Updating [entityName=UNKNOWN ENTITY [cardType=INVALID] id=19 zone=SETASIDE zonePos=0 cardId= player=1] CardID=
D 20:18:10.1062632 PowerTaskList.DebugPrintPower() -         tag=ZONE value=SETASIDE
D 20:18:10.1062632 PowerTaskList.DebugPrintPower() -         tag=CONTROLLER value=1
D 20:18:10.1062632 PowerTaskList.DebugPrintPower() -         tag=ENTITY_ID value=19
D 20:18:10.1062632 PowerTaskList.DebugPrintPower() -     FULL_ENTITY - Updating [entityName=UNKNOWN ENTITY [cardType=INVALID] id=20 zone=DECK zonePos=0 cardId= player=1] CardID=
D 20:18:10.1062632 PowerTaskList.DebugPrintPower() -         tag=ZONE value=DECK
D 20:18:10.1062632 PowerTaskList.DebugPrintPower() -         tag=CONTROLLER value=1
D 20:18:10.1062632 PowerTaskList.DebugPrintPower() -         tag=ENTITY_ID value=20
D 20:18:10.1062632 PowerTaskList.DebugPrintPower() -     FULL_ENTITY - Updating [entityName=UNKNOWN ENTITY [cardType=INVALID] id=21 zone=SETASIDE zonePos=0 cardId= player=1] CardID=
D 20:18:10.1062632 PowerTaskList.DebugPrintPower() -         tag=ZONE value=SETASIDE
D 20:18:10.1062632 PowerTaskList.DebugPrintPower() -         tag=CONTROLLER value=1
D 20:18:10.1062632 PowerTaskList.DebugPrintPower() -         tag=ENTITY_ID value=21
D 20:18:10.1062632 PowerTaskList.DebugPrintPower() -     FULL_ENTITY - Updating [entityName=UNKNOWN ENTITY [cardType=INVALID] id=22 zone=SETASIDE zonePos=0 cardId= player=1] CardID=
D 20:18:10.1062632 PowerTaskList.DebugPrintPower() -         tag=ZONE value=SETASIDE
D 20:18:10.1062632 PowerTaskList.DebugPrintPower() -         tag=CONTROLLER value=1
D 20:18:10.1062632 PowerTaskList.DebugPrintPower() -         tag=ENTITY_ID value=22
D 20:18:10.1062632 PowerTaskList.DebugPrintPower() -     FULL_ENTITY - Updating [entityName=UNKNOWN ENTITY [cardType=INVALID] id=23 zone=DECK zonePos=0 cardId= player=1] CardID=
D 20:18:10.1062632 PowerTaskList.DebugPrintPower() -         tag=ZONE value=DECK
D 20:18:10.1062632 PowerTaskList.DebugPrintPower() -         tag=CONTROLLER value=1
D 20:18:10.1062632 PowerTaskList.DebugPrintPower() -         tag=ENTITY_ID value=23
D 20:18:10.1062632 PowerTaskList.DebugPrintPower() -     FULL_ENTITY - Updating [entityName=UNKNOWN ENTITY [cardType=INVALID] id=24 zone=SETASIDE zonePos=0 cardId= player=1] CardID=
D 20:18:10.1062632 PowerTaskList.DebugPrintPower() -         tag=ZONE value=SETASIDE
D 20:18:10.1062632 PowerTaskList.DebugPrintPower() -         tag=CONTROLLER value=1
D 20:18:10.1062632 PowerTaskList.DebugPrintPower() -         tag=ENTITY_ID value=24
D 20:18:10.1062632 PowerTaskList.DebugPrintPower() -     FULL_ENTITY - Updating [entityName=UNKNOWN ENTITY [cardType=INVALID] id=25 zone=SETASIDE zonePos=0 cardId= player=1] CardID=
D 20:18:10.1062632 PowerTaskList.DebugPrintPower() -         tag=ZONE value=SETASIDE
D 20:18:10.1062632 PowerTaskList.DebugPrintPower() -         tag=CONTROLLER value=1
D 20:18:10.1062632 PowerTaskList.DebugPrintPower() -         tag=ENTITY_ID value=25
D 20:18:10.1062632 PowerTaskList.DebugPrintPower() -     FULL_ENTITY - Updating [entityName=UNKNOWN ENTITY [cardType=INVALID] id=26 zone=DECK zonePos=0 cardId= player=1] CardID=
D 20:18:10.1062632 PowerTaskList.DebugPrintPower() -         tag=ZONE value=DECK
D 20:18:10.1062632 PowerTaskList.DebugPrintPower() -         tag=CONTROLLER value=1
D 20:18:10.1062632 PowerTaskList.DebugPrintPower() -         tag=ENTITY_ID value=26
D 20:18:10.1062632 PowerTaskList.DebugPrintPower() -     FULL_ENTITY - Updating [entityName=UNKNOWN ENTITY [cardType=INVALID] id=27 zone=DECK zonePos=0 cardId= player=1] CardID=
D 20:18:10.1062632 PowerTaskList.DebugPrintPower() -         tag=ZONE value=DECK
D 20:18:10.1062632 PowerTaskList.DebugPrintPower() -         tag=CONTROLLER value=1
D 20:18:10.1062632 PowerTaskList.DebugPrintPower() -         tag=ENTITY_ID value=27
D 20:18:10.1062632 PowerTaskList.DebugPrintPower() -     FULL_ENTITY - Updating [entityName=UNKNOWN ENTITY [cardType=INVALID] id=28 zone=DECK zonePos=0 cardId= player=1] CardID=
D 20:18:10.1062632 PowerTaskList.DebugPrintPower() -         tag=ZONE value=DECK
D 20:18:10.1062632 PowerTaskList.DebugPrintPower() -         tag=CONTROLLER value=1
D 20:18:10.1062632 PowerTaskList.DebugPrintPower() -         tag=ENTITY_ID value=28
D 20:18:10.1062632 PowerTaskList.DebugPrintPower() -     FULL_ENTITY - Updating [entityName=UNKNOWN ENTITY [cardType=INVALID] id=29 zone=SETASIDE zonePos=0 cardId= player=1] CardID=
D 20:18:10.1062632 PowerTaskList.DebugPrintPower() -         tag=ZONE value=SETASIDE
D 20:18:10.1062632 PowerTaskList.DebugPrintPower() -         tag=CONTROLLER value=1
D 20:18:10.1062632 PowerTaskList.DebugPrintPower() -         tag=ENTITY_ID value=29
D 20:18:10.1062632 PowerTaskList.DebugPrintPower() -     FULL_ENTITY - Updating [entityName=UNKNOWN ENTITY [cardType=INVALID] id=30 zone=SETASIDE zonePos=0 cardId= player=1] CardID=
D 20:18:10.1062632 PowerTaskList.DebugPrintPower() -         tag=ZONE value=SETASIDE
D 20:18:10.1062632 PowerTaskList.DebugPrintPower() -         tag=CONTROLLER value=1
D 20:18:10.1062632 PowerTaskList.DebugPrintPower() -         tag=ENTITY_ID value=30
D 20:18:10.1062632 PowerTaskList.DebugPrintPower() -     FULL_ENTITY - Updating [entityName=UNKNOWN ENTITY [cardType=INVALID] id=31 zone=DECK zonePos=0 cardId= player=1] CardID=
D 20:18:10.1062632 PowerTaskList.DebugPrintPower() -         tag=ZONE value=DECK
D 20:18:10.1062632 PowerTaskList.DebugPrintPower() -         tag=CONTROLLER value=1
D 20:18:10.1062632 PowerTaskList.DebugPrintPower() -         tag=ENTITY_ID value=31
D 20:18:10.1062632 PowerTaskList.DebugPrintPower() -     FULL_ENTITY - Updating [entityName=UNKNOWN ENTITY [cardType=INVALID] id=32 zone=DECK zonePos=0 cardId= player=1] CardID=
D 20:18:10.1062632 PowerTaskList.DebugPrintPower() -         tag=ZONE value=DECK
D 20:18:10.1062632 PowerTaskList.DebugPrintPower() -         tag=CONTROLLER value=1
D 20:18:10.1062632 PowerTaskList.DebugPrintPower() -         tag=ENTITY_ID value=32
D 20:18:10.1062632 PowerTaskList.DebugPrintPower() -     FULL_ENTITY - Updating [entityName=UNKNOWN ENTITY [cardType=INVALID] id=33 zone=DECK zonePos=0 cardId= player=1] CardID=
D 20:18:10.1062632 PowerTaskList.DebugPrintPower() -         tag=ZONE value=DECK
D 20:18:10.1062632 PowerTaskList.DebugPrintPower() -         tag=CONTROLLER value=1
D 20:18:10.1062632 PowerTaskList.DebugPrintPower() -         tag=ENTITY_ID value=33
D 20:18:10.1062632 PowerTaskList.DebugPrintPower() -     FULL_ENTITY - Updating [entityName=UNKNOWN ENTITY [cardType=INVALID] id=34 zone=DECK zonePos=0 cardId= player=1] CardID=
D 20:18:10.1062632 PowerTaskList.DebugPrintPower() -         tag=ZONE value=DECK
D 20:18:10.1062632 PowerTaskList.DebugPrintPower() -         tag=CONTROLLER value=1
D 20:18:10.1062632 PowerTaskList.DebugPrintPower() -         tag=ENTITY_ID value=34
D 20:18:10.1062632 PowerTaskList.DebugPrintPower() -     FULL_ENTITY - Updating [entityName=UNKNOWN ENTITY [cardType=INVALID] id=35 zone=DECK zonePos=0 cardId= player=1] CardID=
D 20:18:10.1062632 PowerTaskList.DebugPrintPower() -         tag=ZONE value=DECK
D 20:18:10.1062632 PowerTaskList.DebugPrintPower() -         tag=CONTROLLER value=1
D 20:18:10.1062632 PowerTaskList.DebugPrintPower() -         tag=ENTITY_ID value=35
D 20:18:10.1062632 PowerTaskList.DebugPrintPower() -     FULL_ENTITY - Updating [entityName=UNKNOWN ENTITY [cardType=INVALID] id=36 zone=DECK zonePos=0 cardId= player=1] CardID=
D 20:18:10.1062632 PowerTaskList.DebugPrintPower() -         tag=ZONE value=DECK
D 20:18:10.1062632 PowerTaskList.DebugPrintPower() -         tag=CONTROLLER value=1
D 20:18:10.1062632 PowerTaskList.DebugPrintPower() -         tag=ENTITY_ID value=36
D 20:18:10.1062632 PowerTaskList.DebugPrintPower() -     FULL_ENTITY - Updating [entityName=UNKNOWN ENTITY [cardType=INVALID] id=37 zone=SETASIDE zonePos=0 cardId= player=1] CardID=
D 20:18:10.1062632 PowerTaskList.DebugPrintPower() -         tag=ZONE value=SETASIDE
D 20:18:10.1062632 PowerTaskList.DebugPrintPower() -         tag=CONTROLLER value=1
D 20:18:10.1062632 PowerTaskList.DebugPrintPower() -         tag=ENTITY_ID value=37
D 20:18:10.1062632 PowerTaskList.DebugPrintPower() -     FULL_ENTITY - Updating [entityName=UNKNOWN ENTITY [cardType=INVALID] id=38 zone=SETASIDE zonePos=0 cardId= player=1] CardID=
D 20:18:10.1062632 PowerTaskList.DebugPrintPower() -         tag=ZONE value=SETASIDE
D 20:18:10.1062632 PowerTaskList.DebugPrintPower() -         tag=CONTROLLER value=1
D 20:18:10.1062632 PowerTaskList.DebugPrintPower() -         tag=ENTITY_ID value=38
D 20:18:10.1062632 PowerTaskList.DebugPrintPower() -     FULL_ENTITY - Updating [entityName=UNKNOWN ENTITY [cardType=INVALID] id=39 zone=DECK zonePos=0 cardId= player=1] CardID=
D 20:18:10.1062632 PowerTaskList.DebugPrintPower() -         tag=ZONE value=DECK
D 20:18:10.1062632 PowerTaskList.DebugPrintPower() -         tag=CONTROLLER value=1
D 20:18:10.1062632 PowerTaskList.DebugPrintPower() -         tag=ENTITY_ID value=39
D 20:18:10.1062632 PowerTaskList.DebugPrintPower() -     FULL_ENTITY - Updating [entityName=UNKNOWN ENTITY [cardType=INVALID] id=40 zone=DECK zonePos=0 cardId= player=1] CardID=
D 20:18:10.1062632 PowerTaskList.DebugPrintPower() -         tag=ZONE value=DECK
D 20:18:10.1062632 PowerTaskList.DebugPrintPower() -         tag=CONTROLLER value=1
D 20:18:10.1062632 PowerTaskList.DebugPrintPower() -         tag=ENTITY_ID value=40
D 20:18:10.1062632 PowerTaskList.DebugPrintPower() -     FULL_ENTITY - Updating [entityName=UNKNOWN ENTITY [cardType=INVALID] id=41 zone=DECK zonePos=0 cardId= player=1] CardID=
D 20:18:10.1062632 PowerTaskList.DebugPrintPower() -         tag=ZONE value=DECK
D 20:18:10.1062632 PowerTaskList.DebugPrintPower() -         tag=CONTROLLER value=1
D 20:18:10.1062632 PowerTaskList.DebugPrintPower() -         tag=ENTITY_ID value=41
D 20:18:10.1062632 PowerTaskList.DebugPrintPower() -     FULL_ENTITY - Updating [entityName=UNKNOWN ENTITY [cardType=INVALID] id=42 zone=DECK zonePos=0 cardId= player=1] CardID=
D 20:18:10.1062632 PowerTaskList.DebugPrintPower() -         tag=ZONE value=DECK
D 20:18:10.1062632 PowerTaskList.DebugPrintPower() -         tag=CONTROLLER value=1
D 20:18:10.1062632 PowerTaskList.DebugPrintPower() -         tag=ENTITY_ID value=42
D 20:18:10.1062632 PowerTaskList.DebugPrintPower() -     FULL_ENTITY - Updating [entityName=UNKNOWN ENTITY [cardType=INVALID] id=43 zone=DECK zonePos=0 cardId= player=1] CardID=
D 20:18:10.1062632 PowerTaskList.DebugPrintPower() -         tag=ZONE value=DECK
D 20:18:10.1062632 PowerTaskList.DebugPrintPower() -         tag=CONTROLLER value=1
D 20:18:10.1062632 PowerTaskList.DebugPrintPower() -         tag=ENTITY_ID value=43
D 20:18:10.1062632 PowerTaskList.DebugPrintPower() -     FULL_ENTITY - Updating [entityName=UNKNOWN ENTITY [cardType=INVALID] id=44 zone=DECK zonePos=0 cardId= player=2] CardID=
D 20:18:10.1062632 PowerTaskList.DebugPrintPower() -         tag=ZONE value=DECK
D 20:18:10.1062632 PowerTaskList.DebugPrintPower() -         tag=CONTROLLER value=2
D 20:18:10.1062632 PowerTaskList.DebugPrintPower() -         tag=ENTITY_ID value=44
D 20:18:10.1062632 PowerTaskList.DebugPrintPower() -     FULL_ENTITY - Updating [entityName=UNKNOWN ENTITY [cardType=INVALID] id=45 zone=DECK zonePos=0 cardId= player=2] CardID=
D 20:18:10.1062632 PowerTaskList.DebugPrintPower() -         tag=ZONE value=DECK
D 20:18:10.1062632 PowerTaskList.DebugPrintPower() -         tag=CONTROLLER value=2
D 20:18:10.1062632 PowerTaskList.DebugPrintPower() -         tag=ENTITY_ID value=45
D 20:18:10.1062632 PowerTaskList.DebugPrintPower() -     FULL_ENTITY - Updating [entityName=UNKNOWN ENTITY [cardType=INVALID] id=46 zone=DECK zonePos=0 cardId= player=2] CardID=
D 20:18:10.1062632 PowerTaskList.DebugPrintPower() -         tag=ZONE value=DECK
D 20:18:10.1062632 PowerTaskList.DebugPrintPower() -         tag=CONTROLLER value=2
D 20:18:10.1062632 PowerTaskList.DebugPrintPower() -         tag=ENTITY_ID value=46
D 20:18:10.1062632 PowerTaskList.DebugPrintPower() -     FULL_ENTITY - Updating [entityName=UNKNOWN ENTITY [cardType=INVALID] id=47 zone=DECK zonePos=0 cardId= player=2] CardID=
D 20:18:10.1062632 PowerTaskList.DebugPrintPower() -         tag=ZONE value=DECK
D 20:18:10.1062632 PowerTaskList.DebugPrintPower() -         tag=CONTROLLER value=2
D 20:18:10.1062632 PowerTaskList.DebugPrintPower() -         tag=ENTITY_ID value=47
D 20:18:10.1062632 PowerTaskList.DebugPrintPower() -     FULL_ENTITY - Updating [entityName=UNKNOWN ENTITY [cardType=INVALID] id=48 zone=DECK zonePos=0 cardId= player=2] CardID=
D 20:18:10.1062632 PowerTaskList.DebugPrintPower() -         tag=ZONE value=DECK
D 20:18:10.1062632 PowerTaskList.DebugPrintPower() -         tag=CONTROLLER value=2
D 20:18:10.1062632 PowerTaskList.DebugPrintPower() -         tag=ENTITY_ID value=48
D 20:18:10.1062632 PowerTaskList.DebugPrintPower() -     FULL_ENTITY - Updating [entityName=UNKNOWN ENTITY [cardType=INVALID] id=49 zone=DECK zonePos=0 cardId= player=2] CardID=
D 20:18:10.1062632 PowerTaskList.DebugPrintPower() -         tag=ZONE value=DECK
D 20:18:10.1062632 PowerTaskList.DebugPrintPower() -         tag=CONTROLLER value=2
D 20:18:10.1062632 PowerTaskList.DebugPrintPower() -         tag=ENTITY_ID value=49
D 20:18:10.1062632 PowerTaskList.DebugPrintPower() -     FULL_ENTITY - Updating [entityName=UNKNOWN ENTITY [cardType=INVALID] id=50 zone=DECK zonePos=0 cardId= player=2] CardID=
D 20:18:10.1062632 PowerTaskList.DebugPrintPower() -         tag=ZONE value=DECK
D 20:18:10.1062632 PowerTaskList.DebugPrintPower() -         tag=CONTROLLER value=2
D 20:18:10.1062632 PowerTaskList.DebugPrintPower() -         tag=ENTITY_ID value=50
D 20:18:10.1062632 PowerTaskList.DebugPrintPower() -     FULL_ENTITY - Updating [entityName=UNKNOWN ENTITY [cardType=INVALID] id=51 zone=DECK zonePos=0 cardId= player=2] CardID=
D 20:18:10.1062632 PowerTaskList.DebugPrintPower() -         tag=ZONE value=DECK
D 20:18:10.1062632 PowerTaskList.DebugPrintPower() -         tag=CONTROLLER value=2
D 20:18:10.1062632 PowerTaskList.DebugPrintPower() -         tag=ENTITY_ID value=51
D 20:18:10.1062632 PowerTaskList.DebugPrintPower() -     FULL_ENTITY - Updating [entityName=UNKNOWN ENTITY [cardType=INVALID] id=52 zone=DECK zonePos=0 cardId= player=2] CardID=
D 20:18:10.1062632 PowerTaskList.DebugPrintPower() -         tag=ZONE value=DECK
D 20:18:10.1062632 PowerTaskList.DebugPrintPower() -         tag=CONTROLLER value=2
D 20:18:10.1062632 PowerTaskList.DebugPrintPower() -         tag=ENTITY_ID value=52
D 20:18:10.1062632 PowerTaskList.DebugPrintPower() -     FULL_ENTITY - Updating [entityName=UNKNOWN ENTITY [cardType=INVALID] id=53 zone=DECK zonePos=0 cardId= player=2] CardID=
D 20:18:10.1062632 PowerTaskList.DebugPrintPower() -         tag=ZONE value=DECK
D 20:18:10.1062632 PowerTaskList.DebugPrintPower() -         tag=CONTROLLER value=2
D 20:18:10.1062632 PowerTaskList.DebugPrintPower() -         tag=ENTITY_ID value=53
D 20:18:10.1062632 PowerTaskList.DebugPrintPower() -     FULL_ENTITY - Updating [entityName=UNKNOWN ENTITY [cardType=INVALID] id=54 zone=DECK zonePos=0 cardId= player=2] CardID=
D 20:18:10.1062632 PowerTaskList.DebugPrintPower() -         tag=ZONE value=DECK
D 20:18:10.1062632 PowerTaskList.DebugPrintPower() -         tag=CONTROLLER value=2
D 20:18:10.1062632 PowerTaskList.DebugPrintPower() -         tag=ENTITY_ID value=54
D 20:18:10.1062632 PowerTaskList.DebugPrintPower() -     FULL_ENTITY - Updating [entityName=UNKNOWN ENTITY [cardType=INVALID] id=55 zone=DECK zonePos=0 cardId= player=2] CardID=
D 20:18:10.1062632 PowerTaskList.DebugPrintPower() -         tag=ZONE value=DECK
D 20:18:10.1062632 PowerTaskList.DebugPrintPower() -         tag=CONTROLLER value=2
D 20:18:10.1062632 PowerTaskList.DebugPrintPower() -         tag=ENTITY_ID value=55
D 20:18:10.1062632 PowerTaskList.DebugPrintPower() -     FULL_ENTITY - Updating [entityName=UNKNOWN ENTITY [cardType=INVALID] id=56 zone=DECK zonePos=0 cardId= player=2] CardID=
D 20:18:10.1062632 PowerTaskList.DebugPrintPower() -         tag=ZONE value=DECK
D 20:18:10.1062632 PowerTaskList.DebugPrintPower() -         tag=CONTROLLER value=2
D 20:18:10.1062632 PowerTaskList.DebugPrintPower() -         tag=ENTITY_ID value=56
D 20:18:10.1062632 PowerTaskList.DebugPrintPower() -     FULL_ENTITY - Updating [entityName=UNKNOWN ENTITY [cardType=INVALID] id=57 zone=DECK zonePos=0 cardId= player=2] CardID=
D 20:18:10.1062632 PowerTaskList.DebugPrintPower() -         tag=ZONE value=DECK
D 20:18:10.1062632 PowerTaskList.DebugPrintPower() -         tag=CONTROLLER value=2
D 20:18:10.1062632 PowerTaskList.DebugPrintPower() -         tag=ENTITY_ID value=57
D 20:18:10.1062632 PowerTaskList.DebugPrintPower() -     FULL_ENTITY - Updating [entityName=UNKNOWN ENTITY [cardType=INVALID] id=58 zone=DECK zonePos=0 cardId= player=2] CardID=
D 20:18:10.1062632 PowerTaskList.DebugPrintPower() -         tag=ZONE value=DECK
D 20:18:10.1062632 PowerTaskList.DebugPrintPower() -         tag=CONTROLLER value=2
D 20:18:10.1062632 PowerTaskList.DebugPrintPower() -         tag=ENTITY_ID value=58
D 20:18:10.1062632 PowerTaskList.DebugPrintPower() -     FULL_ENTITY - Updating [entityName=UNKNOWN ENTITY [cardType=INVALID] id=59 zone=DECK zonePos=0 cardId= player=2] CardID=
D 20:18:10.1062632 PowerTaskList.DebugPrintPower() -         tag=ZONE value=DECK
D 20:18:10.1062632 PowerTaskList.DebugPrintPower() -         tag=CONTROLLER value=2
D 20:18:10.1062632 PowerTaskList.DebugPrintPower() -         tag=ENTITY_ID value=59
D 20:18:10.1062632 PowerTaskList.DebugPrintPower() -     FULL_ENTITY - Updating [entityName=UNKNOWN ENTITY [cardType=INVALID] id=60 zone=DECK zonePos=0 cardId= player=2] CardID=
D 20:18:10.1062632 PowerTaskList.DebugPrintPower() -         tag=ZONE value=DECK
D 20:18:10.1062632 PowerTaskList.DebugPrintPower() -         tag=CONTROLLER value=2
D 20:18:10.1062632 PowerTaskList.DebugPrintPower() -         tag=ENTITY_ID value=60
D 20:18:10.1062632 PowerTaskList.DebugPrintPower() -     FULL_ENTITY - Updating [entityName=UNKNOWN ENTITY [cardType=INVALID] id=61 zone=DECK zonePos=0 cardId= player=2] CardID=
D 20:18:10.1062632 PowerTaskList.DebugPrintPower() -         tag=ZONE value=DECK
D 20:18:10.1062632 PowerTaskList.DebugPrintPower() -         tag=CONTROLLER value=2
D 20:18:10.1062632 PowerTaskList.DebugPrintPower() -         tag=ENTITY_ID value=61
D 20:18:10.1062632 PowerTaskList.DebugPrintPower() -     FULL_ENTITY - Updating [entityName=UNKNOWN ENTITY [cardType=INVALID] id=62 zone=DECK zonePos=0 cardId= player=2] CardID=
D 20:18:10.1062632 PowerTaskList.DebugPrintPower() -         tag=ZONE value=DECK
D 20:18:10.1062632 PowerTaskList.DebugPrintPower() -         tag=CONTROLLER value=2
D 20:18:10.1062632 PowerTaskList.DebugPrintPower() -         tag=ENTITY_ID value=62
D 20:18:10.1062632 PowerTaskList.DebugPrintPower() -     FULL_ENTITY - Updating [entityName=UNKNOWN ENTITY [cardType=INVALID] id=63 zone=DECK zonePos=0 cardId= player=2] CardID=
D 20:18:10.1062632 PowerTaskList.DebugPrintPower() -         tag=ZONE value=DECK
D 20:18:10.1062632 PowerTaskList.DebugPrintPower() -         tag=CONTROLLER value=2
D 20:18:10.1062632 PowerTaskList.DebugPrintPower() -         tag=ENTITY_ID value=63
D 20:18:10.1062632 PowerTaskList.DebugPrintPower() -     FULL_ENTITY - Updating [entityName=UNKNOWN ENTITY [cardType=INVALID] id=64 zone=DECK zonePos=0 cardId= player=2] CardID=
D 20:18:10.1062632 PowerTaskList.DebugPrintPower() -         tag=ZONE value=DECK
D 20:18:10.1062632 PowerTaskList.DebugPrintPower() -         tag=CONTROLLER value=2
D 20:18:10.1062632 PowerTaskList.DebugPrintPower() -         tag=ENTITY_ID value=64
D 20:18:10.1062632 PowerTaskList.DebugPrintPower() -     FULL_ENTITY - Updating [entityName=UNKNOWN ENTITY [cardType=INVALID] id=65 zone=DECK zonePos=0 cardId= player=2] CardID=
D 20:18:10.1062632 PowerTaskList.DebugPrintPower() -         tag=ZONE value=DECK
D 20:18:10.1062632 PowerTaskList.DebugPrintPower() -         tag=CONTROLLER value=2
D 20:18:10.1062632 PowerTaskList.DebugPrintPower() -         tag=ENTITY_ID value=65
D 20:18:10.1062632 PowerTaskList.DebugPrintPower() -     FULL_ENTITY - Updating [entityName=UNKNOWN ENTITY [cardType=INVALID] id=66 zone=DECK zonePos=0 cardId= player=2] CardID=
D 20:18:10.1062632 PowerTaskList.DebugPrintPower() -         tag=ZONE value=DECK
D 20:18:10.1062632 PowerTaskList.DebugPrintPower() -         tag=CONTROLLER value=2
D 20:18:10.1062632 PowerTaskList.DebugPrintPower() -         tag=ENTITY_ID value=66
D 20:18:10.1062632 PowerTaskList.DebugPrintPower() -     FULL_ENTITY - Updating [entityName=UNKNOWN ENTITY [cardType=INVALID] id=67 zone=DECK zonePos=0 cardId= player=2] CardID=
D 20:18:10.1062632 PowerTaskList.DebugPrintPower() -         tag=ZONE value=DECK
D 20:18:10.1062632 PowerTaskList.DebugPrintPower() -         tag=CONTROLLER value=2
D 20:18:10.1062632 PowerTaskList.DebugPrintPower() -         tag=ENTITY_ID value=67
D 20:18:10.1062632 PowerTaskList.DebugPrintPower() -     FULL_ENTITY - Updating [entityName=UNKNOWN ENTITY [cardType=INVALID] id=68 zone=DECK zonePos=0 cardId= player=2] CardID=
D 20:18:10.1062632 PowerTaskList.DebugPrintPower() -         tag=ZONE value=DECK
D 20:18:10.1062632 PowerTaskList.DebugPrintPower() -         tag=CONTROLLER value=2
D 20:18:10.1062632 PowerTaskList.DebugPrintPower() -         tag=ENTITY_ID value=68
D 20:18:10.1062632 PowerTaskList.DebugPrintPower() -     FULL_ENTITY - Updating [entityName=UNKNOWN ENTITY [cardType=INVALID] id=69 zone=DECK zonePos=0 cardId= player=2] CardID=
D 20:18:10.1062632 PowerTaskList.DebugPrintPower() -         tag=ZONE value=DECK
D 20:18:10.1062632 PowerTaskList.DebugPrintPower() -         tag=CONTROLLER value=2
D 20:18:10.1062632 PowerTaskList.DebugPrintPower() -         tag=ENTITY_ID value=69
D 20:18:10.1062632 PowerTaskList.DebugPrintPower() -     FULL_ENTITY - Updating [entityName=UNKNOWN ENTITY [cardType=INVALID] id=70 zone=DECK zonePos=0 cardId= player=2] CardID=
D 20:18:10.1062632 PowerTaskList.DebugPrintPower() -         tag=ZONE value=DECK
D 20:18:10.1062632 PowerTaskList.DebugPrintPower() -         tag=CONTROLLER value=2
D 20:18:10.1062632 PowerTaskList.DebugPrintPower() -         tag=ENTITY_ID value=70
D 20:18:10.1062632 PowerTaskList.DebugPrintPower() -     FULL_ENTITY - Updating [entityName=UNKNOWN ENTITY [cardType=INVALID] id=71 zone=DECK zonePos=0 cardId= player=2] CardID=
D 20:18:10.1062632 PowerTaskList.DebugPrintPower() -         tag=ZONE value=DECK
D 20:18:10.1062632 PowerTaskList.DebugPrintPower() -         tag=CONTROLLER value=2
D 20:18:10.1062632 PowerTaskList.DebugPrintPower() -         tag=ENTITY_ID value=71
D 20:18:10.1062632 PowerTaskList.DebugPrintPower() -     FULL_ENTITY - Updating [entityName=UNKNOWN ENTITY [cardType=INVALID] id=72 zone=DECK zonePos=0 cardId= player=2] CardID=
D 20:18:10.1062632 PowerTaskList.DebugPrintPower() -         tag=ZONE value=DECK
D 20:18:10.1062632 PowerTaskList.DebugPrintPower() -         tag=CONTROLLER value=2
D 20:18:10.1062632 PowerTaskList.DebugPrintPower() -         tag=ENTITY_ID value=72
D 20:18:10.1062632 PowerTaskList.DebugPrintPower() -     FULL_ENTITY - Updating [entityName=UNKNOWN ENTITY [cardType=INVALID] id=73 zone=DECK zonePos=0 cardId= player=2] CardID=
D 20:18:10.1062632 PowerTaskList.DebugPrintPower() -         tag=ZONE value=DECK
D 20:18:10.1062632 PowerTaskList.DebugPrintPower() -         tag=CONTROLLER value=2
D 20:18:10.1062632 PowerTaskList.DebugPrintPower() -         tag=ENTITY_ID value=73
D 20:18:10.1062632 PowerTaskList.DebugPrintPower() -     FULL_ENTITY - Updating [entityName=嘲风望月露娜拉 id=74 zone=PLAY zonePos=0 cardId=HERO_06bi player=1] CardID=HERO_06bi
D 20:18:10.1062632 PowerTaskList.DebugPrintPower() -         tag=CONTROLLER value=1
D 20:18:10.1062632 PowerTaskList.DebugPrintPower() -         tag=CARDTYPE value=HERO
D 20:18:10.1062632 PowerTaskList.DebugPrintPower() -         tag=HEALTH value=30
D 20:18:10.1062632 PowerTaskList.DebugPrintPower() -         tag=PREMIUM value=1
D 20:18:10.1062632 PowerTaskList.DebugPrintPower() -         tag=ZONE value=PLAY
D 20:18:10.1062632 PowerTaskList.DebugPrintPower() -         tag=ENTITY_ID value=74
D 20:18:10.1062632 PowerTaskList.DebugPrintPower() -         tag=CLASS value=DRUID
D 20:18:10.1062632 PowerTaskList.DebugPrintPower() -         tag=FACTION value=NEUTRAL
D 20:18:10.1062632 PowerTaskList.DebugPrintPower() -         tag=RARITY value=FREE
D 20:18:10.1062632 PowerTaskList.DebugPrintPower() -         tag=HERO_POWER value=66926
D 20:18:10.1062632 PowerTaskList.DebugPrintPower() -         tag=HIDE_WATERMARK value=1
D 20:18:10.1062632 PowerTaskList.DebugPrintPower() -         tag=SPAWN_TIME_COUNT value=1
D 20:18:10.1062632 PowerTaskList.DebugPrintPower() -         tag=EMOTECHARACTER value=20
D 20:18:10.1062632 PowerTaskList.DebugPrintPower() -         tag=HAS_ACTIVATE_POWER value=1
D 20:18:10.1062632 PowerTaskList.DebugPrintPower() -         tag=EMOTECLASS value=6
D 20:18:10.1062632 PowerTaskList.DebugPrintPower() -         tag=3085 value=30
D 20:18:10.1062632 PowerTaskList.DebugPrintPower() -     FULL_ENTITY - Updating [entityName=变形 id=75 zone=PLAY zonePos=0 cardId=HERO_06ebp player=1] CardID=HERO_06ebp
D 20:18:10.1062632 PowerTaskList.DebugPrintPower() -         tag=CONTROLLER value=1
D 20:18:10.1062632 PowerTaskList.DebugPrintPower() -         tag=CARDTYPE value=HERO_POWER
D 20:18:10.1062632 PowerTaskList.DebugPrintPower() -         tag=TAG_LAST_KNOWN_COST_IN_HAND value=2
D 20:18:10.1062632 PowerTaskList.DebugPrintPower() -         tag=COST value=2
D 20:18:10.1062632 PowerTaskList.DebugPrintPower() -         tag=PREMIUM value=1
D 20:18:10.1062632 PowerTaskList.DebugPrintPower() -         tag=ZONE value=PLAY
D 20:18:10.1062632 PowerTaskList.DebugPrintPower() -         tag=ENTITY_ID value=75
D 20:18:10.1062632 PowerTaskList.DebugPrintPower() -         tag=CLASS value=DRUID
D 20:18:10.1062632 PowerTaskList.DebugPrintPower() -         tag=FACTION value=NEUTRAL
D 20:18:10.1062632 PowerTaskList.DebugPrintPower() -         tag=RARITY value=FREE
D 20:18:10.1062632 PowerTaskList.DebugPrintPower() -         tag=CREATOR value=74
D 20:18:10.1062632 PowerTaskList.DebugPrintPower() -         tag=1037 value=1
D 20:18:10.1062632 PowerTaskList.DebugPrintPower() -         tag=1086 value=66928
D 20:18:10.1062632 PowerTaskList.DebugPrintPower() -         tag=CREATOR_DBID value=123761
D 20:18:10.1062632 PowerTaskList.DebugPrintPower() -         tag=SPAWN_TIME_COUNT value=1
D 20:18:10.1062632 PowerTaskList.DebugPrintPower() -         tag=HAS_ACTIVATE_POWER value=1
D 20:18:10.1062632 PowerTaskList.DebugPrintPower() -     FULL_ENTITY - Updating [entityName=麦格尼·铜须 id=76 zone=PLAY zonePos=0 cardId=HERO_01a player=2] CardID=HERO_01a
D 20:18:10.1062632 PowerTaskList.DebugPrintPower() -         tag=CONTROLLER value=2
D 20:18:10.1062632 PowerTaskList.DebugPrintPower() -         tag=CARDTYPE value=HERO
D 20:18:10.1062632 PowerTaskList.DebugPrintPower() -         tag=HEALTH value=30
D 20:18:10.1062632 PowerTaskList.DebugPrintPower() -         tag=PREMIUM value=1
D 20:18:10.1062632 PowerTaskList.DebugPrintPower() -         tag=ZONE value=PLAY
D 20:18:10.1062632 PowerTaskList.DebugPrintPower() -         tag=ENTITY_ID value=76
D 20:18:10.1062632 PowerTaskList.DebugPrintPower() -         tag=CLASS value=WARRIOR
D 20:18:10.1062632 PowerTaskList.DebugPrintPower() -         tag=RARITY value=EPIC
D 20:18:10.1062632 PowerTaskList.DebugPrintPower() -         tag=HERO_POWER value=2830
D 20:18:10.1062632 PowerTaskList.DebugPrintPower() -         tag=SPAWN_TIME_COUNT value=1
D 20:18:10.1062632 PowerTaskList.DebugPrintPower() -         tag=EMOTECHARACTER value=2
D 20:18:10.1062632 PowerTaskList.DebugPrintPower() -         tag=HAS_ACTIVATE_POWER value=1
D 20:18:10.1062632 PowerTaskList.DebugPrintPower() -         tag=EMOTECLASS value=1
D 20:18:10.1062632 PowerTaskList.DebugPrintPower() -         tag=3085 value=30
D 20:18:10.1062632 PowerTaskList.DebugPrintPower() -     FULL_ENTITY - Updating [entityName=全副武装！ id=77 zone=PLAY zonePos=0 cardId=CS2_102_H1 player=2] CardID=CS2_102_H1
D 20:18:10.1062632 PowerTaskList.DebugPrintPower() -         tag=CONTROLLER value=2
D 20:18:10.1062632 PowerTaskList.DebugPrintPower() -         tag=CARDTYPE value=HERO_POWER
D 20:18:10.1062632 PowerTaskList.DebugPrintPower() -         tag=TAG_LAST_KNOWN_COST_IN_HAND value=2
D 20:18:10.1062632 PowerTaskList.DebugPrintPower() -         tag=COST value=2
D 20:18:10.1062632 PowerTaskList.DebugPrintPower() -         tag=PREMIUM value=1
D 20:18:10.1062632 PowerTaskList.DebugPrintPower() -         tag=ZONE value=PLAY
D 20:18:10.1062632 PowerTaskList.DebugPrintPower() -         tag=ENTITY_ID value=77
D 20:18:10.1062632 PowerTaskList.DebugPrintPower() -         tag=CLASS value=WARRIOR
D 20:18:10.1062632 PowerTaskList.DebugPrintPower() -         tag=RARITY value=FREE
D 20:18:10.1062632 PowerTaskList.DebugPrintPower() -         tag=CREATOR value=76
D 20:18:10.1062632 PowerTaskList.DebugPrintPower() -         tag=1037 value=2
D 20:18:10.1062632 PowerTaskList.DebugPrintPower() -         tag=1086 value=30374
D 20:18:10.1062632 PowerTaskList.DebugPrintPower() -         tag=CREATOR_DBID value=2828
D 20:18:10.1062632 PowerTaskList.DebugPrintPower() -         tag=SPAWN_TIME_COUNT value=1
D 20:18:10.1062632 PowerTaskList.DebugPrintPower() -         tag=HAS_ACTIVATE_POWER value=1
D 20:18:10.1062632 PowerTaskList.DebugPrintPower() -     TAG_CHANGE Entity=GameEntity tag=STATE value=RUNNING 
D 20:18:10.1062632 PowerTaskList.DebugPrintPower() -     TAG_CHANGE Entity=湫然#51704 tag=PLAYSTATE value=PLAYING 
D 20:18:10.1062632 PowerTaskList.DebugPrintPower() -     TAG_CHANGE Entity=UNKNOWN HUMAN PLAYER tag=PLAYSTATE value=PLAYING 
D 20:18:10.1062632 PowerTaskList.DebugDump() - Block End=(null)
D 20:18:10.1062632 PowerProcessor.PrepareHistoryForCurrentTaskList() - m_currentTaskList=1
D 20:18:12.4108378 PowerProcessor.EndCurrentTaskList() - m_currentTaskList=1
D 20:18:12.4191726 PowerTaskList.DebugDump() - ID=2 ParentID=1 PreviousID=0 TaskCount=0
D 20:18:12.4191726 PowerTaskList.DebugPrintPower() - BLOCK_START BlockType=TRIGGER Entity=GameEntity EffectCardId=System.Collections.Generic.List`1[System.String] EffectIndex=6 Target=0 SubOption=-1 TriggerKeyword=TAG_NOT_SET
D 20:18:12.4191726 PowerTaskList.DebugPrintPower() - BLOCK_END
D 20:18:12.4191726 PowerProcessor.PrepareHistoryForCurrentTaskList() - m_currentTaskList=2
D 20:18:12.4191726 PowerProcessor.EndCurrentTaskList() - m_currentTaskList=2
D 20:18:12.4191726 PowerTaskList.DebugDump() - ID=3 ParentID=0 PreviousID=0 TaskCount=57
D 20:18:12.4191726 PowerTaskList.DebugPrintPower() - BLOCK_START BlockType=TRIGGER Entity=GameEntity EffectCardId=System.Collections.Generic.List`1[System.String] EffectIndex=-1 Target=0 SubOption=-1 TriggerKeyword=TAG_NOT_SET
D 20:18:12.4191726 PowerTaskList.DebugPrintPower() -     TAG_CHANGE Entity=湫然#51704 tag=CURRENT_PLAYER value=1 
D 20:18:12.4191726 PowerTaskList.DebugPrintPower() -     TAG_CHANGE Entity=湫然#51704 tag=FIRST_PLAYER value=1 
D 20:18:12.4191726 PowerTaskList.DebugPrintPower() -     TAG_CHANGE Entity=GameEntity tag=TURN value=1 
D 20:18:12.4191726 PowerTaskList.DebugPrintPower() -     TAG_CHANGE Entity=湫然#51704 tag=2166 value=26 
D 20:18:12.4191726 PowerTaskList.DebugPrintPower() -     TAG_CHANGE Entity=湫然#51704 tag=467 value=3 
D 20:18:12.4191726 PowerTaskList.DebugPrintPower() -     SHOW_ENTITY - Updating Entity=[entityName=UNKNOWN ENTITY [cardType=INVALID] id=26 zone=DECK zonePos=0 cardId= player=1] CardID=CS2_008
D 20:18:12.4191726 PowerTaskList.DebugPrintPower() -         tag=CONTROLLER value=1
D 20:18:12.4191726 PowerTaskList.DebugPrintPower() -         tag=CARDTYPE value=SPELL
D 20:18:12.4191726 PowerTaskList.DebugPrintPower() -         tag=PREMIUM value=1
D 20:18:12.4191726 PowerTaskList.DebugPrintPower() -         tag=ZONE value=HAND
D 20:18:12.4191726 PowerTaskList.DebugPrintPower() -         tag=ENTITY_ID value=26
D 20:18:12.4191726 PowerTaskList.DebugPrintPower() -         tag=CLASS value=DRUID
