D 17:03:05.6448545 GameState.DebugPrintPower() - CREATE_GAME
D 17:03:05.6448545 GameState.DebugPrintPower() -     GameEntity EntityID=1
D 17:03:05.6448545 GameState.DebugPrintPower() -         tag=CARDTYPE value=GAME
D 17:03:05.6448545 GameState.DebugPrintPower() -         tag=ZONE value=PLAY
D 17:03:05.6448545 GameState.DebugPrintPower() -         tag=ENTITY_ID value=1
D 17:03:05.6448545 GameState.DebugPrintPower() -         tag=937 value=2
D 17:03:05.6448545 GameState.DebugPrintPower() -         tag=SPAWN_TIME_COUNT value=1
D 17:03:05.6448545 GameState.DebugPrintPower() -         tag=GAME_SEED value=1739152235
D 17:03:05.6448545 GameState.DebugPrintPower() -     Player EntityID=2 PlayerID=1 GameAccountId=[hi=144115211015832391 lo=83449896]
D 17:03:05.6448545 GameState.DebugPrintPower() -         tag=CONTROLLER value=1
D 17:03:05.6448545 GameState.DebugPrintPower() -         tag=CARDTYPE value=PLAYER
D 17:03:05.6448545 GameState.DebugPrintPower() -         tag=PLAYER_ID value=1
D 17:03:05.6448545 GameState.DebugPrintPower() -         tag=HERO_ENTITY value=79
D 17:03:05.6448545 GameState.DebugPrintPower() -         tag=MAXHANDSIZE value=10
D 17:03:05.6448545 GameState.DebugPrintPower() -         tag=STARTHANDSIZE value=4
D 17:03:05.6448545 GameState.DebugPrintPower() -         tag=TEAM_ID value=1
D 17:03:05.6448545 GameState.DebugPrintPower() -         tag=ZONE value=PLAY
D 17:03:05.6448545 GameState.DebugPrintPower() -         tag=ENTITY_ID value=2
D 17:03:05.6448545 GameState.DebugPrintPower() -         tag=MAXRESOURCES value=10
D 17:03:05.6448545 GameState.DebugPrintPower() -         tag=SPAWN_TIME_COUNT value=1
D 17:03:05.6448545 GameState.DebugPrintPower() -         tag=MAX_EXCAVATE_TIER value=2
D 17:03:05.6448545 GameState.DebugPrintPower() -     Player EntityID=3 PlayerID=2 GameAccountId=[hi=144115211015832391 lo=123373961]
D 17:03:05.6448545 GameState.DebugPrintPower() -         tag=CONTROLLER value=2
D 17:03:05.6448545 GameState.DebugPrintPower() -         tag=CARDTYPE value=PLAYER
D 17:03:05.6448545 GameState.DebugPrintPower() -         tag=PLAYER_ID value=2
D 17:03:05.6448545 GameState.DebugPrintPower() -         tag=HERO_ENTITY value=81
D 17:03:05.6448545 GameState.DebugPrintPower() -         tag=MAXHANDSIZE value=10
D 17:03:05.6448545 GameState.DebugPrintPower() -         tag=STARTHANDSIZE value=4
D 17:03:05.6448545 GameState.DebugPrintPower() -         tag=TEAM_ID value=2
D 17:03:05.6448545 GameState.DebugPrintPower() -         tag=ZONE value=PLAY
D 17:03:05.6448545 GameState.DebugPrintPower() -         tag=ENTITY_ID value=3
D 17:03:05.6448545 GameState.DebugPrintPower() -         tag=MAXRESOURCES value=10
D 17:03:05.6448545 GameState.DebugPrintPower() -         tag=SPAWN_TIME_COUNT value=1
D 17:03:05.6448545 GameState.DebugPrintPower() -         tag=MAX_EXCAVATE_TIER value=3
D 17:03:05.6448545 GameState.DebugPrintPower() - FULL_ENTITY - Creating ID=4 CardID=
D 17:03:05.6448545 GameState.DebugPrintPower() -     tag=ZONE value=DECK
D 17:03:05.6448545 GameState.DebugPrintPower() -     tag=CONTROLLER value=1
D 17:03:05.6448545 GameState.DebugPrintPower() -     tag=ENTITY_ID value=4
D 17:03:05.6448545 GameState.DebugPrintPower() - FULL_ENTITY - Creating ID=5 CardID=
D 17:03:05.6448545 GameState.DebugPrintPower() -     tag=ZONE value=DECK
D 17:03:05.6448545 GameState.DebugPrintPower() -     tag=CONTROLLER value=1
D 17:03:05.6448545 GameState.DebugPrintPower() -     tag=ENTITY_ID value=5
D 17:03:05.6448545 GameState.DebugPrintPower() - FULL_ENTITY - Creating ID=6 CardID=
D 17:03:05.6448545 GameState.DebugPrintPower() -     tag=ZONE value=DECK
D 17:03:05.6448545 GameState.DebugPrintPower() -     tag=CONTROLLER value=1
D 17:03:05.6448545 GameState.DebugPrintPower() -     tag=ENTITY_ID value=6
D 17:03:05.6448545 GameState.DebugPrintPower() - FULL_ENTITY - Creating ID=7 CardID=
D 17:03:05.6448545 GameState.DebugPrintPower() -     tag=ZONE value=DECK
D 17:03:05.6448545 GameState.DebugPrintPower() -     tag=CONTROLLER value=1
D 17:03:05.6448545 GameState.DebugPrintPower() -     tag=ENTITY_ID value=7
D 17:03:05.6448545 GameState.DebugPrintPower() - FULL_ENTITY - Creating ID=8 CardID=
D 17:03:05.6448545 GameState.DebugPrintPower() -     tag=ZONE value=DECK
D 17:03:05.6448545 GameState.DebugPrintPower() -     tag=CONTROLLER value=1
D 17:03:05.6448545 GameState.DebugPrintPower() -     tag=ENTITY_ID value=8
D 17:03:05.6448545 GameState.DebugPrintPower() - FULL_ENTITY - Creating ID=9 CardID=
D 17:03:05.6448545 GameState.DebugPrintPower() -     tag=ZONE value=DECK
D 17:03:05.6448545 GameState.DebugPrintPower() -     tag=CONTROLLER value=1
D 17:03:05.6448545 GameState.DebugPrintPower() -     tag=ENTITY_ID value=9
D 17:03:05.6448545 GameState.DebugPrintPower() - FULL_ENTITY - Creating ID=10 CardID=
D 17:03:05.6448545 GameState.DebugPrintPower() -     tag=ZONE value=DECK
D 17:03:05.6448545 GameState.DebugPrintPower() -     tag=CONTROLLER value=1
D 17:03:05.6448545 GameState.DebugPrintPower() -     tag=ENTITY_ID value=10
D 17:03:05.6448545 GameState.DebugPrintPower() - FULL_ENTITY - Creating ID=11 CardID=
D 17:03:05.6448545 GameState.DebugPrintPower() -     tag=ZONE value=SETASIDE
D 17:03:05.6448545 GameState.DebugPrintPower() -     tag=CONTROLLER value=1
D 17:03:05.6448545 GameState.DebugPrintPower() -     tag=ENTITY_ID value=11
D 17:03:05.6448545 GameState.DebugPrintPower() - FULL_ENTITY - Creating ID=12 CardID=
D 17:03:05.6448545 GameState.DebugPrintPower() -     tag=ZONE value=SETASIDE
D 17:03:05.6448545 GameState.DebugPrintPower() -     tag=CONTROLLER value=1
D 17:03:05.6448545 GameState.DebugPrintPower() -     tag=ENTITY_ID value=12
D 17:03:05.6448545 GameState.DebugPrintPower() - FULL_ENTITY - Creating ID=13 CardID=
D 17:03:05.6448545 GameState.DebugPrintPower() -     tag=ZONE value=DECK
D 17:03:05.6448545 GameState.DebugPrintPower() -     tag=CONTROLLER value=1
D 17:03:05.6448545 GameState.DebugPrintPower() -     tag=ENTITY_ID value=13
D 17:03:05.6448545 GameState.DebugPrintPower() - FULL_ENTITY - Creating ID=14 CardID=
D 17:03:05.6448545 GameState.DebugPrintPower() -     tag=ZONE value=DECK
D 17:03:05.6448545 GameState.DebugPrintPower() -     tag=CONTROLLER value=1
D 17:03:05.6448545 GameState.DebugPrintPower() -     tag=ENTITY_ID value=14
D 17:03:05.6448545 GameState.DebugPrintPower() - FULL_ENTITY - Creating ID=15 CardID=
D 17:03:05.6448545 GameState.DebugPrintPower() -     tag=ZONE value=DECK
D 17:03:05.6448545 GameState.DebugPrintPower() -     tag=CONTROLLER value=1
D 17:03:05.6448545 GameState.DebugPrintPower() -     tag=ENTITY_ID value=15
D 17:03:05.6448545 GameState.DebugPrintPower() - FULL_ENTITY - Creating ID=16 CardID=
D 17:03:05.6448545 GameState.DebugPrintPower() -     tag=ZONE value=DECK
D 17:03:05.6448545 GameState.DebugPrintPower() -     tag=CONTROLLER value=1
D 17:03:05.6448545 GameState.DebugPrintPower() -     tag=ENTITY_ID value=16
D 17:03:05.6448545 GameState.DebugPrintPower() - FULL_ENTITY - Creating ID=17 CardID=
D 17:03:05.6448545 GameState.DebugPrintPower() -     tag=ZONE value=DECK
D 17:03:05.6448545 GameState.DebugPrintPower() -     tag=CONTROLLER value=1
D 17:03:05.6448545 GameState.DebugPrintPower() -     tag=ENTITY_ID value=17
D 17:03:05.6448545 GameState.DebugPrintPower() - FULL_ENTITY - Creating ID=18 CardID=
D 17:03:05.6448545 GameState.DebugPrintPower() -     tag=ZONE value=DECK
D 17:03:05.6448545 GameState.DebugPrintPower() -     tag=CONTROLLER value=1
D 17:03:05.6448545 GameState.DebugPrintPower() -     tag=ENTITY_ID value=18
D 17:03:05.6448545 GameState.DebugPrintPower() - FULL_ENTITY - Creating ID=19 CardID=
D 17:03:05.6448545 GameState.DebugPrintPower() -     tag=ZONE value=DECK
D 17:03:05.6448545 GameState.DebugPrintPower() -     tag=CONTROLLER value=1
D 17:03:05.6448545 GameState.DebugPrintPower() -     tag=ENTITY_ID value=19
D 17:03:05.6448545 GameState.DebugPrintPower() - FULL_ENTITY - Creating ID=20 CardID=
D 17:03:05.6448545 GameState.DebugPrintPower() -     tag=ZONE value=DECK
D 17:03:05.6448545 GameState.DebugPrintPower() -     tag=CONTROLLER value=1
D 17:03:05.6448545 GameState.DebugPrintPower() -     tag=ENTITY_ID value=20
D 17:03:05.6448545 GameState.DebugPrintPower() - FULL_ENTITY - Creating ID=21 CardID=
D 17:03:05.6448545 GameState.DebugPrintPower() -     tag=ZONE value=DECK
D 17:03:05.6448545 GameState.DebugPrintPower() -     tag=CONTROLLER value=1
D 17:03:05.6448545 GameState.DebugPrintPower() -     tag=ENTITY_ID value=21
D 17:03:05.6448545 GameState.DebugPrintPower() - FULL_ENTITY - Creating ID=22 CardID=
D 17:03:05.6448545 GameState.DebugPrintPower() -     tag=ZONE value=DECK
D 17:03:05.6448545 GameState.DebugPrintPower() -     tag=CONTROLLER value=1
D 17:03:05.6448545 GameState.DebugPrintPower() -     tag=ENTITY_ID value=22
D 17:03:05.6448545 GameState.DebugPrintPower() - FULL_ENTITY - Creating ID=23 CardID=
D 17:03:05.6448545 GameState.DebugPrintPower() -     tag=ZONE value=SETASIDE
D 17:03:05.6448545 GameState.DebugPrintPower() -     tag=CONTROLLER value=1
D 17:03:05.6448545 GameState.DebugPrintPower() -     tag=ENTITY_ID value=23
D 17:03:05.6448545 GameState.DebugPrintPower() - FULL_ENTITY - Creating ID=24 CardID=
D 17:03:05.6448545 GameState.DebugPrintPower() -     tag=ZONE value=SETASIDE
D 17:03:05.6448545 GameState.DebugPrintPower() -     tag=CONTROLLER value=1
D 17:03:05.6448545 GameState.DebugPrintPower() -     tag=ENTITY_ID value=24
D 17:03:05.6448545 GameState.DebugPrintPower() - FULL_ENTITY - Creating ID=25 CardID=
D 17:03:05.6448545 GameState.DebugPrintPower() -     tag=ZONE value=DECK
D 17:03:05.6448545 GameState.DebugPrintPower() -     tag=CONTROLLER value=1
D 17:03:05.6448545 GameState.DebugPrintPower() -     tag=ENTITY_ID value=25
D 17:03:05.6448545 GameState.DebugPrintPower() - FULL_ENTITY - Creating ID=26 CardID=
D 17:03:05.6448545 GameState.DebugPrintPower() -     tag=ZONE value=DECK
D 17:03:05.6448545 GameState.DebugPrintPower() -     tag=CONTROLLER value=1
D 17:03:05.6448545 GameState.DebugPrintPower() -     tag=ENTITY_ID value=26
D 17:03:05.6448545 GameState.DebugPrintPower() - FULL_ENTITY - Creating ID=27 CardID=
D 17:03:05.6448545 GameState.DebugPrintPower() -     tag=ZONE value=DECK
D 17:03:05.6448545 GameState.DebugPrintPower() -     tag=CONTROLLER value=1
D 17:03:05.6448545 GameState.DebugPrintPower() -     tag=ENTITY_ID value=27
D 17:03:05.6448545 GameState.DebugPrintPower() - FULL_ENTITY - Creating ID=28 CardID=
D 17:03:05.6448545 GameState.DebugPrintPower() -     tag=ZONE value=DECK
D 17:03:05.6448545 GameState.DebugPrintPower() -     tag=CONTROLLER value=1
D 17:03:05.6448545 GameState.DebugPrintPower() -     tag=ENTITY_ID value=28
D 17:03:05.6448545 GameState.DebugPrintPower() - FULL_ENTITY - Creating ID=29 CardID=
D 17:03:05.6448545 GameState.DebugPrintPower() -     tag=ZONE value=SETASIDE
D 17:03:05.6448545 GameState.DebugPrintPower() -     tag=CONTROLLER value=1
D 17:03:05.6448545 GameState.DebugPrintPower() -     tag=ENTITY_ID value=29
D 17:03:05.6448545 GameState.DebugPrintPower() - FULL_ENTITY - Creating ID=30 CardID=
D 17:03:05.6448545 GameState.DebugPrintPower() -     tag=ZONE value=SETASIDE
D 17:03:05.6448545 GameState.DebugPrintPower() -     tag=CONTROLLER value=1
D 17:03:05.6448545 GameState.DebugPrintPower() -     tag=ENTITY_ID value=30
D 17:03:05.6448545 GameState.DebugPrintPower() - FULL_ENTITY - Creating ID=31 CardID=
D 17:03:05.6448545 GameState.DebugPrintPower() -     tag=ZONE value=DECK
D 17:03:05.6448545 GameState.DebugPrintPower() -     tag=CONTROLLER value=1
D 17:03:05.6448545 GameState.DebugPrintPower() -     tag=ENTITY_ID value=31
D 17:03:05.6448545 GameState.DebugPrintPower() - FULL_ENTITY - Creating ID=32 CardID=
D 17:03:05.6448545 GameState.DebugPrintPower() -     tag=ZONE value=DECK
D 17:03:05.6448545 GameState.DebugPrintPower() -     tag=CONTROLLER value=1
D 17:03:05.6448545 GameState.DebugPrintPower() -     tag=ENTITY_ID value=32
D 17:03:05.6448545 GameState.DebugPrintPower() - FULL_ENTITY - Creating ID=33 CardID=
D 17:03:05.6448545 GameState.DebugPrintPower() -     tag=ZONE value=DECK
D 17:03:05.6448545 GameState.DebugPrintPower() -     tag=CONTROLLER value=1
D 17:03:05.6448545 GameState.DebugPrintPower() -     tag=ENTITY_ID value=33
D 17:03:05.6448545 GameState.DebugPrintPower() - FULL_ENTITY - Creating ID=34 CardID=
D 17:03:05.6448545 GameState.DebugPrintPower() -     tag=ZONE value=DECK
D 17:03:05.6448545 GameState.DebugPrintPower() -     tag=CONTROLLER value=1
D 17:03:05.6448545 GameState.DebugPrintPower() -     tag=ENTITY_ID value=34
D 17:03:05.6448545 GameState.DebugPrintPower() - FULL_ENTITY - Creating ID=35 CardID=
D 17:03:05.6448545 GameState.DebugPrintPower() -     tag=ZONE value=DECK
D 17:03:05.6448545 GameState.DebugPrintPower() -     tag=CONTROLLER value=1
D 17:03:05.6448545 GameState.DebugPrintPower() -     tag=ENTITY_ID value=35
D 17:03:05.6448545 GameState.DebugPrintPower() - FULL_ENTITY - Creating ID=36 CardID=
D 17:03:05.6448545 GameState.DebugPrintPower() -     tag=ZONE value=SETASIDE
D 17:03:05.6448545 GameState.DebugPrintPower() -     tag=CONTROLLER value=1
D 17:03:05.6448545 GameState.DebugPrintPower() -     tag=ENTITY_ID value=36
D 17:03:05.6448545 GameState.DebugPrintPower() - FULL_ENTITY - Creating ID=37 CardID=
D 17:03:05.6448545 GameState.DebugPrintPower() -     tag=ZONE value=SETASIDE
D 17:03:05.6448545 GameState.DebugPrintPower() -     tag=CONTROLLER value=1
D 17:03:05.6448545 GameState.DebugPrintPower() -     tag=ENTITY_ID value=37
D 17:03:05.6448545 GameState.DebugPrintPower() - FULL_ENTITY - Creating ID=38 CardID=
D 17:03:05.6448545 GameState.DebugPrintPower() -     tag=ZONE value=DECK
D 17:03:05.6448545 GameState.DebugPrintPower() -     tag=CONTROLLER value=1
D 17:03:05.6448545 GameState.DebugPrintPower() -     tag=ENTITY_ID value=38
D 17:03:05.6448545 GameState.DebugPrintPower() - FULL_ENTITY - Creating ID=39 CardID=
D 17:03:05.6448545 GameState.DebugPrintPower() -     tag=ZONE value=DECK
D 17:03:05.6448545 GameState.DebugPrintPower() -     tag=CONTROLLER value=1
D 17:03:05.6448545 GameState.DebugPrintPower() -     tag=ENTITY_ID value=39
D 17:03:05.6448545 GameState.DebugPrintPower() - FULL_ENTITY - Creating ID=40 CardID=
D 17:03:05.6448545 GameState.DebugPrintPower() -     tag=ZONE value=SETASIDE
D 17:03:05.6448545 GameState.DebugPrintPower() -     tag=CONTROLLER value=1
D 17:03:05.6448545 GameState.DebugPrintPower() -     tag=ENTITY_ID value=40
D 17:03:05.6448545 GameState.DebugPrintPower() - FULL_ENTITY - Creating ID=41 CardID=
D 17:03:05.6448545 GameState.DebugPrintPower() -     tag=ZONE value=SETASIDE
D 17:03:05.6448545 GameState.DebugPrintPower() -     tag=CONTROLLER value=1
D 17:03:05.6448545 GameState.DebugPrintPower() -     tag=ENTITY_ID value=41
D 17:03:05.6448545 GameState.DebugPrintPower() - FULL_ENTITY - Creating ID=42 CardID=
D 17:03:05.6448545 GameState.DebugPrintPower() -     tag=ZONE value=DECK
D 17:03:05.6448545 GameState.DebugPrintPower() -     tag=CONTROLLER value=1
D 17:03:05.6448545 GameState.DebugPrintPower() -     tag=ENTITY_ID value=42
D 17:03:05.6448545 GameState.DebugPrintPower() - FULL_ENTITY - Creating ID=43 CardID=
D 17:03:05.6448545 GameState.DebugPrintPower() -     tag=ZONE value=DECK
D 17:03:05.6448545 GameState.DebugPrintPower() -     tag=CONTROLLER value=1
D 17:03:05.6448545 GameState.DebugPrintPower() -     tag=ENTITY_ID value=43
D 17:03:05.6448545 GameState.DebugPrintPower() - FULL_ENTITY - Creating ID=44 CardID=
D 17:03:05.6448545 GameState.DebugPrintPower() -     tag=ZONE value=DECK
D 17:03:05.6448545 GameState.DebugPrintPower() -     tag=CONTROLLER value=2
D 17:03:05.6448545 GameState.DebugPrintPower() -     tag=ENTITY_ID value=44
D 17:03:05.6448545 GameState.DebugPrintPower() - FULL_ENTITY - Creating ID=45 CardID=
D 17:03:05.6448545 GameState.DebugPrintPower() -     tag=ZONE value=DECK
D 17:03:05.6448545 GameState.DebugPrintPower() -     tag=CONTROLLER value=2
D 17:03:05.6448545 GameState.DebugPrintPower() -     tag=ENTITY_ID value=45
D 17:03:05.6448545 GameState.DebugPrintPower() - FULL_ENTITY - Creating ID=46 CardID=
D 17:03:05.6448545 GameState.DebugPrintPower() -     tag=ZONE value=DECK
D 17:03:05.6448545 GameState.DebugPrintPower() -     tag=CONTROLLER value=2
D 17:03:05.6448545 GameState.DebugPrintPower() -     tag=ENTITY_ID value=46
D 17:03:05.6448545 GameState.DebugPrintPower() - FULL_ENTITY - Creating ID=47 CardID=
D 17:03:05.6448545 GameState.DebugPrintPower() -     tag=ZONE value=DECK
D 17:03:05.6448545 GameState.DebugPrintPower() -     tag=CONTROLLER value=2
D 17:03:05.6448545 GameState.DebugPrintPower() -     tag=ENTITY_ID value=47
D 17:03:05.6448545 GameState.DebugPrintPower() - FULL_ENTITY - Creating ID=48 CardID=
D 17:03:05.6448545 GameState.DebugPrintPower() -     tag=ZONE value=DECK
D 17:03:05.6448545 GameState.DebugPrintPower() -     tag=CONTROLLER value=2
D 17:03:05.6448545 GameState.DebugPrintPower() -     tag=ENTITY_ID value=48
D 17:03:05.6448545 GameState.DebugPrintPower() - FULL_ENTITY - Creating ID=49 CardID=
D 17:03:05.6448545 GameState.DebugPrintPower() -     tag=ZONE value=DECK
D 17:03:05.6448545 GameState.DebugPrintPower() -     tag=CONTROLLER value=2
D 17:03:05.6448545 GameState.DebugPrintPower() -     tag=ENTITY_ID value=49
D 17:03:05.6448545 GameState.DebugPrintPower() - FULL_ENTITY - Creating ID=50 CardID=
D 17:03:05.6448545 GameState.DebugPrintPower() -     tag=ZONE value=DECK
D 17:03:05.6448545 GameState.DebugPrintPower() -     tag=CONTROLLER value=2
D 17:03:05.6448545 GameState.DebugPrintPower() -     tag=ENTITY_ID value=50
D 17:03:05.6448545 GameState.DebugPrintPower() - FULL_ENTITY - Creating ID=51 CardID=
D 17:03:05.6448545 GameState.DebugPrintPower() -     tag=ZONE value=DECK
D 17:03:05.6448545 GameState.DebugPrintPower() -     tag=CONTROLLER value=2
D 17:03:05.6448545 GameState.DebugPrintPower() -     tag=ENTITY_ID value=51
D 17:03:05.6448545 GameState.DebugPrintPower() - FULL_ENTITY - Creating ID=52 CardID=
D 17:03:05.6448545 GameState.DebugPrintPower() -     tag=ZONE value=DECK
D 17:03:05.6448545 GameState.DebugPrintPower() -     tag=CONTROLLER value=2
D 17:03:05.6448545 GameState.DebugPrintPower() -     tag=ENTITY_ID value=52
D 17:03:05.6448545 GameState.DebugPrintPower() - FULL_ENTITY - Creating ID=53 CardID=
D 17:03:05.6448545 GameState.DebugPrintPower() -     tag=ZONE value=DECK
D 17:03:05.6448545 GameState.DebugPrintPower() -     tag=CONTROLLER value=2
D 17:03:05.6448545 GameState.DebugPrintPower() -     tag=ENTITY_ID value=53
D 17:03:05.6448545 GameState.DebugPrintPower() - FULL_ENTITY - Creating ID=54 CardID=
D 17:03:05.6448545 GameState.DebugPrintPower() -     tag=ZONE value=DECK
D 17:03:05.6448545 GameState.DebugPrintPower() -     tag=CONTROLLER value=2
D 17:03:05.6448545 GameState.DebugPrintPower() -     tag=ENTITY_ID value=54
D 17:03:05.6448545 GameState.DebugPrintPower() - FULL_ENTITY - Creating ID=55 CardID=
D 17:03:05.6448545 GameState.DebugPrintPower() -     tag=ZONE value=DECK
D 17:03:05.6448545 GameState.DebugPrintPower() -     tag=CONTROLLER value=2
D 17:03:05.6448545 GameState.DebugPrintPower() -     tag=ENTITY_ID value=55
D 17:03:05.6448545 GameState.DebugPrintPower() - FULL_ENTITY - Creating ID=56 CardID=
D 17:03:05.6448545 GameState.DebugPrintPower() -     tag=ZONE value=DECK
D 17:03:05.6448545 GameState.DebugPrintPower() -     tag=CONTROLLER value=2
D 17:03:05.6448545 GameState.DebugPrintPower() -     tag=ENTITY_ID value=56
D 17:03:05.6448545 GameState.DebugPrintPower() - FULL_ENTITY - Creating ID=57 CardID=
D 17:03:05.6448545 GameState.DebugPrintPower() -     tag=ZONE value=DECK
D 17:03:05.6448545 GameState.DebugPrintPower() -     tag=CONTROLLER value=2
D 17:03:05.6448545 GameState.DebugPrintPower() -     tag=ENTITY_ID value=57
D 17:03:05.6448545 GameState.DebugPrintPower() - FULL_ENTITY - Creating ID=58 CardID=
D 17:03:05.6448545 GameState.DebugPrintPower() -     tag=ZONE value=DECK
D 17:03:05.6448545 GameState.DebugPrintPower() -     tag=CONTROLLER value=2
D 17:03:05.6448545 GameState.DebugPrintPower() -     tag=ENTITY_ID value=58
D 17:03:05.6448545 GameState.DebugPrintPower() - FULL_ENTITY - Creating ID=59 CardID=
D 17:03:05.6448545 GameState.DebugPrintPower() -     tag=ZONE value=DECK
D 17:03:05.6448545 GameState.DebugPrintPower() -     tag=CONTROLLER value=2
D 17:03:05.6448545 GameState.DebugPrintPower() -     tag=ENTITY_ID value=59
D 17:03:05.6448545 GameState.DebugPrintPower() - FULL_ENTITY - Creating ID=60 CardID=
D 17:03:05.6448545 GameState.DebugPrintPower() -     tag=ZONE value=DECK
D 17:03:05.6448545 GameState.DebugPrintPower() -     tag=CONTROLLER value=2
D 17:03:05.6448545 GameState.DebugPrintPower() -     tag=ENTITY_ID value=60
D 17:03:05.6448545 GameState.DebugPrintPower() - FULL_ENTITY - Creating ID=61 CardID=
D 17:03:05.6448545 GameState.DebugPrintPower() -     tag=ZONE value=DECK
D 17:03:05.6448545 GameState.DebugPrintPower() -     tag=CONTROLLER value=2
D 17:03:05.6448545 GameState.DebugPrintPower() -     tag=ENTITY_ID value=61
D 17:03:05.6448545 GameState.DebugPrintPower() - FULL_ENTITY - Creating ID=62 CardID=
D 17:03:05.6448545 GameState.DebugPrintPower() -     tag=ZONE value=DECK
D 17:03:05.6448545 GameState.DebugPrintPower() -     tag=CONTROLLER value=2
D 17:03:05.6448545 GameState.DebugPrintPower() -     tag=ENTITY_ID value=62
D 17:03:05.6448545 GameState.DebugPrintPower() - FULL_ENTITY - Creating ID=63 CardID=
D 17:03:05.6448545 GameState.DebugPrintPower() -     tag=ZONE value=DECK
D 17:03:05.6448545 GameState.DebugPrintPower() -     tag=CONTROLLER value=2
D 17:03:05.6448545 GameState.DebugPrintPower() -     tag=ENTITY_ID value=63
D 17:03:05.6448545 GameState.DebugPrintPower() - FULL_ENTITY - Creating ID=64 CardID=
D 17:03:05.6448545 GameState.DebugPrintPower() -     tag=ZONE value=DECK
D 17:03:05.6448545 GameState.DebugPrintPower() -     tag=CONTROLLER value=2
D 17:03:05.6448545 GameState.DebugPrintPower() -     tag=ENTITY_ID value=64
D 17:03:05.6448545 GameState.DebugPrintPower() - FULL_ENTITY - Creating ID=65 CardID=
D 17:03:05.6448545 GameState.DebugPrintPower() -     tag=ZONE value=DECK
D 17:03:05.6448545 GameState.DebugPrintPower() -     tag=CONTROLLER value=2
D 17:03:05.6448545 GameState.DebugPrintPower() -     tag=ENTITY_ID value=65
D 17:03:05.6448545 GameState.DebugPrintPower() - FULL_ENTITY - Creating ID=66 CardID=
D 17:03:05.6448545 GameState.DebugPrintPower() -     tag=ZONE value=DECK
D 17:03:05.6448545 GameState.DebugPrintPower() -     tag=CONTROLLER value=2
D 17:03:05.6448545 GameState.DebugPrintPower() -     tag=ENTITY_ID value=66
D 17:03:05.6448545 GameState.DebugPrintPower() - FULL_ENTITY - Creating ID=67 CardID=
D 17:03:05.6448545 GameState.DebugPrintPower() -     tag=ZONE value=SETASIDE
D 17:03:05.6448545 GameState.DebugPrintPower() -     tag=CONTROLLER value=2
D 17:03:05.6448545 GameState.DebugPrintPower() -     tag=ENTITY_ID value=67
D 17:03:05.6448545 GameState.DebugPrintPower() - FULL_ENTITY - Creating ID=68 CardID=
D 17:03:05.6448545 GameState.DebugPrintPower() -     tag=ZONE value=DECK
D 17:03:05.6448545 GameState.DebugPrintPower() -     tag=CONTROLLER value=2
D 17:03:05.6448545 GameState.DebugPrintPower() -     tag=ENTITY_ID value=68
D 17:03:05.6448545 GameState.DebugPrintPower() - FULL_ENTITY - Creating ID=69 CardID=
D 17:03:05.6448545 GameState.DebugPrintPower() -     tag=ZONE value=DECK
D 17:03:05.6448545 GameState.DebugPrintPower() -     tag=CONTROLLER value=2
D 17:03:05.6448545 GameState.DebugPrintPower() -     tag=ENTITY_ID value=69
D 17:03:05.6448545 GameState.DebugPrintPower() - FULL_ENTITY - Creating ID=70 CardID=
D 17:03:05.6448545 GameState.DebugPrintPower() -     tag=ZONE value=DECK
D 17:03:05.6448545 GameState.DebugPrintPower() -     tag=CONTROLLER value=2
D 17:03:05.6448545 GameState.DebugPrintPower() -     tag=ENTITY_ID value=70
D 17:03:05.6448545 GameState.DebugPrintPower() - FULL_ENTITY - Creating ID=71 CardID=
D 17:03:05.6448545 GameState.DebugPrintPower() -     tag=ZONE value=DECK
D 17:03:05.6448545 GameState.DebugPrintPower() -     tag=CONTROLLER value=2
D 17:03:05.6448545 GameState.DebugPrintPower() -     tag=ENTITY_ID value=71
D 17:03:05.6448545 GameState.DebugPrintPower() - FULL_ENTITY - Creating ID=72 CardID=
D 17:03:05.6448545 GameState.DebugPrintPower() -     tag=ZONE value=DECK
D 17:03:05.6448545 GameState.DebugPrintPower() -     tag=CONTROLLER value=2
D 17:03:05.6448545 GameState.DebugPrintPower() -     tag=ENTITY_ID value=72
D 17:03:05.6448545 GameState.DebugPrintPower() - FULL_ENTITY - Creating ID=73 CardID=
D 17:03:05.6448545 GameState.DebugPrintPower() -     tag=ZONE value=DECK
D 17:03:05.6448545 GameState.DebugPrintPower() -     tag=CONTROLLER value=2
D 17:03:05.6448545 GameState.DebugPrintPower() -     tag=ENTITY_ID value=73
D 17:03:05.6448545 GameState.DebugPrintPower() - FULL_ENTITY - Creating ID=74 CardID=
D 17:03:05.6448545 GameState.DebugPrintPower() -     tag=ZONE value=SETASIDE
D 17:03:05.6448545 GameState.DebugPrintPower() -     tag=CONTROLLER value=2
D 17:03:05.6448545 GameState.DebugPrintPower() -     tag=ENTITY_ID value=74
D 17:03:05.6448545 GameState.DebugPrintPower() - FULL_ENTITY - Creating ID=75 CardID=
D 17:03:05.6448545 GameState.DebugPrintPower() -     tag=ZONE value=SETASIDE
D 17:03:05.6448545 GameState.DebugPrintPower() -     tag=CONTROLLER value=2
D 17:03:05.6448545 GameState.DebugPrintPower() -     tag=ENTITY_ID value=75
D 17:03:05.6448545 GameState.DebugPrintPower() - FULL_ENTITY - Creating ID=76 CardID=
D 17:03:05.6448545 GameState.DebugPrintPower() -     tag=ZONE value=SETASIDE
D 17:03:05.6448545 GameState.DebugPrintPower() -     tag=CONTROLLER value=2
D 17:03:05.6448545 GameState.DebugPrintPower() -     tag=ENTITY_ID value=76
D 17:03:05.6448545 GameState.DebugPrintPower() - FULL_ENTITY - Creating ID=77 CardID=
D 17:03:05.6448545 GameState.DebugPrintPower() -     tag=ZONE value=SETASIDE
D 17:03:05.6448545 GameState.DebugPrintPower() -     tag=CONTROLLER value=2
D 17:03:05.6448545 GameState.DebugPrintPower() -     tag=ENTITY_ID value=77
D 17:03:05.6448545 GameState.DebugPrintPower() - FULL_ENTITY - Creating ID=78 CardID=
D 17:03:05.6448545 GameState.DebugPrintPower() -     tag=ZONE value=DECK
D 17:03:05.6448545 GameState.DebugPrintPower() -     tag=CONTROLLER value=2
D 17:03:05.6448545 GameState.DebugPrintPower() -     tag=ENTITY_ID value=78
D 17:03:05.6448545 GameState.DebugPrintPower() - FULL_ENTITY - Creating ID=79 CardID=HERO_06bi
D 17:03:05.6448545 GameState.DebugPrintPower() -     tag=CONTROLLER value=1
D 17:03:05.6448545 GameState.DebugPrintPower() -     tag=CARDTYPE value=HERO
D 17:03:05.6448545 GameState.DebugPrintPower() -     tag=HEALTH value=30
D 17:03:05.6448545 GameState.DebugPrintPower() -     tag=PREMIUM value=1
D 17:03:05.6448545 GameState.DebugPrintPower() -     tag=ZONE value=PLAY
D 17:03:05.6448545 GameState.DebugPrintPower() -     tag=ENTITY_ID value=79
D 17:03:05.6448545 GameState.DebugPrintPower() -     tag=CLASS value=DRUID
D 17:03:05.6448545 GameState.DebugPrintPower() -     tag=FACTION value=NEUTRAL
D 17:03:05.6448545 GameState.DebugPrintPower() -     tag=RARITY value=FREE
D 17:03:05.6448545 GameState.DebugPrintPower() -     tag=HERO_POWER value=66926
D 17:03:05.6448545 GameState.DebugPrintPower() -     tag=HIDE_WATERMARK value=1
D 17:03:05.6448545 GameState.DebugPrintPower() -     tag=SPAWN_TIME_COUNT value=1
D 17:03:05.6448545 GameState.DebugPrintPower() -     tag=EMOTECHARACTER value=20
D 17:03:05.6448545 GameState.DebugPrintPower() -     tag=HAS_ACTIVATE_POWER value=1
D 17:03:05.6448545 GameState.DebugPrintPower() -     tag=EMOTECLASS value=6
D 17:03:05.6448545 GameState.DebugPrintPower() -     tag=3085 value=30
D 17:03:05.6448545 GameState.DebugPrintPower() - FULL_ENTITY - Creating ID=80 CardID=HERO_06ebp
D 17:03:05.6448545 GameState.DebugPrintPower() -     tag=CONTROLLER value=1
D 17:03:05.6448545 GameState.DebugPrintPower() -     tag=CARDTYPE value=HERO_POWER
D 17:03:05.6448545 GameState.DebugPrintPower() -     tag=TAG_LAST_KNOWN_COST_IN_HAND value=2
D 17:03:05.6448545 GameState.DebugPrintPower() -     tag=COST value=2
D 17:03:05.6448545 GameState.DebugPrintPower() -     tag=PREMIUM value=1
D 17:03:05.6448545 GameState.DebugPrintPower() -     tag=ZONE value=PLAY
D 17:03:05.6448545 GameState.DebugPrintPower() -     tag=ENTITY_ID value=80
D 17:03:05.6448545 GameState.DebugPrintPower() -     tag=CLASS value=DRUID
D 17:03:05.6448545 GameState.DebugPrintPower() -     tag=FACTION value=NEUTRAL
D 17:03:05.6448545 GameState.DebugPrintPower() -     tag=RARITY value=FREE
D 17:03:05.6448545 GameState.DebugPrintPower() -     tag=CREATOR value=79
D 17:03:05.6448545 GameState.DebugPrintPower() -     tag=1037 value=1
D 17:03:05.6448545 GameState.DebugPrintPower() -     tag=1086 value=66928
D 17:03:05.6448545 GameState.DebugPrintPower() -     tag=CREATOR_DBID value=123761
D 17:03:05.6448545 GameState.DebugPrintPower() -     tag=SPAWN_TIME_COUNT value=1
D 17:03:05.6448545 GameState.DebugPrintPower() -     tag=HAS_ACTIVATE_POWER value=1
D 17:03:05.6448545 GameState.DebugPrintPower() - FULL_ENTITY - Creating ID=81 CardID=HERO_04b
D 17:03:05.6448545 GameState.DebugPrintPower() -     tag=CONTROLLER value=2
D 17:03:05.6448545 GameState.DebugPrintPower() -     tag=CARDTYPE value=HERO
D 17:03:05.6448545 GameState.DebugPrintPower() -     tag=HEALTH value=30
D 17:03:05.6448545 GameState.DebugPrintPower() -     tag=ZONE value=PLAY
D 17:03:05.6448545 GameState.DebugPrintPower() -     tag=ENTITY_ID value=81
D 17:03:05.6448545 GameState.DebugPrintPower() -     tag=CLASS value=PALADIN
D 17:03:05.6448545 GameState.DebugPrintPower() -     tag=RARITY value=EPIC
D 17:03:05.6448545 GameState.DebugPrintPower() -     tag=HERO_POWER value=46115
D 17:03:05.6448545 GameState.DebugPrintPower() -     tag=SPAWN_TIME_COUNT value=1
D 17:03:05.6448545 GameState.DebugPrintPower() -     tag=EMOTECHARACTER value=50
D 17:03:05.6448545 GameState.DebugPrintPower() -     tag=HAS_ACTIVATE_POWER value=1
D 17:03:05.6448545 GameState.DebugPrintPower() -     tag=EMOTECLASS value=4
D 17:03:05.6448545 GameState.DebugPrintPower() -     tag=3085 value=30
D 17:03:05.6448545 GameState.DebugPrintPower() - FULL_ENTITY - Creating ID=82 CardID=CS2_101_H2
D 17:03:05.6448545 GameState.DebugPrintPower() -     tag=CONTROLLER value=2
D 17:03:05.6448545 GameState.DebugPrintPower() -     tag=CARDTYPE value=HERO_POWER
D 17:03:05.6448545 GameState.DebugPrintPower() -     tag=TAG_LAST_KNOWN_COST_IN_HAND value=2
D 17:03:05.6448545 GameState.DebugPrintPower() -     tag=COST value=2
D 17:03:05.6448545 GameState.DebugPrintPower() -     tag=ZONE value=PLAY
D 17:03:05.6448545 GameState.DebugPrintPower() -     tag=ENTITY_ID value=82
D 17:03:05.6448545 GameState.DebugPrintPower() -     tag=CLASS value=PALADIN
D 17:03:05.6448545 GameState.DebugPrintPower() -     tag=RARITY value=FREE
D 17:03:05.6448545 GameState.DebugPrintPower() -     tag=CREATOR value=81
D 17:03:05.6448545 GameState.DebugPrintPower() -     tag=1037 value=2
D 17:03:05.6448545 GameState.DebugPrintPower() -     tag=1086 value=46114
D 17:03:05.6448545 GameState.DebugPrintPower() -     tag=CREATOR_DBID value=46116
D 17:03:05.6448545 GameState.DebugPrintPower() -     tag=SPAWN_TIME_COUNT value=1
D 17:03:05.6448545 GameState.DebugPrintPower() -     tag=HAS_ACTIVATE_POWER value=1
D 17:03:05.6448545 GameState.DebugPrintPower() - TAG_CHANGE Entity=1 tag=STATE value=RUNNING 
D 17:03:05.6448545 GameState.DebugPrintPower() - TAG_CHANGE Entity=2 tag=PLAYSTATE value=PLAYING 
D 17:03:05.6448545 GameState.DebugPrintPower() - TAG_CHANGE Entity=3 tag=PLAYSTATE value=PLAYING 
D 17:03:05.6448545 GameState.DebugPrintPower() - BLOCK_START BlockType=TRIGGER Entity=58 EffectCardId=System.Collections.Generic.List`1[System.String] EffectIndex=2 Target=0 SubOption=-1 TriggerKeyword=TAG_NOT_SET
D 17:03:05.6448545 GameState.DebugPrintPower() -     SHOW_ENTITY - Updating Entity=58 CardID=JAIL_397
D 17:03:05.6448545 GameState.DebugPrintPower() -         tag=CONTROLLER value=2
D 17:03:05.6448545 GameState.DebugPrintPower() -         tag=CARDTYPE value=MINION
D 17:03:05.6448545 GameState.DebugPrintPower() -         tag=TAG_LAST_KNOWN_COST_IN_HAND value=5
D 17:03:05.6448545 GameState.DebugPrintPower() -         tag=479 value=5
D 17:03:05.6448545 GameState.DebugPrintPower() -         tag=COST value=5
D 17:03:05.6448545 GameState.DebugPrintPower() -         tag=ATK value=5
D 17:03:05.6448545 GameState.DebugPrintPower() -         tag=HEALTH value=6
D 17:03:05.6448545 GameState.DebugPrintPower() -         tag=ZONE value=DECK
D 17:03:05.6448545 GameState.DebugPrintPower() -         tag=ENTITY_ID value=58
D 17:03:05.6448545 GameState.DebugPrintPower() -         tag=ELITE value=1
D 17:03:05.6448545 GameState.DebugPrintPower() -         tag=TAUNT value=1
D 17:03:05.6448545 GameState.DebugPrintPower() -         tag=CLASS value=PALADIN
D 17:03:05.6448545 GameState.DebugPrintPower() -         tag=RARITY value=LEGENDARY
D 17:03:05.6448545 GameState.DebugPrintPower() -         tag=REVEALED value=1
D 17:03:05.6448545 GameState.DebugPrintPower() -         tag=478 value=2
D 17:03:05.6448545 GameState.DebugPrintPower() -         tag=START_OF_GAME_KEYWORD value=1
D 17:03:05.6448545 GameState.DebugPrintPower() -         tag=1043 value=1
D 17:03:05.6448545 GameState.DebugPrintPower() -         tag=1068 value=0
D 17:03:05.6448545 GameState.DebugPrintPower() -         tag=SPAWN_TIME_COUNT value=1
D 17:03:05.6448545 GameState.DebugPrintPower() -         tag=HAS_SIGNATURE_QUALITY value=1
D 17:03:05.6448545 GameState.DebugPrintPower() -         tag=HAS_ACTIVATE_POWER value=1
D 17:03:05.6448545 GameState.DebugPrintPower() -         tag=MAX_SIDEBOARD_CARDS value=1
D 17:03:05.6448545 GameState.DebugPrintPower() -         tag=2936 value=1
D 17:03:05.6448545 GameState.DebugPrintPower() -         tag=3085 value=6
D 17:03:05.6448545 GameState.DebugPrintPower() -         tag=SIDEBOARD_TYPE value=3
D 17:03:05.6448545 GameState.DebugPrintPower() -         tag=ALLOWED_SIDEBOARD_SUBSET value=74
D 17:03:05.6448545 GameState.DebugPrintPower() -         tag=4472 value=5
D 17:03:05.6448545 GameState.DebugPrintPower() -         tag=4688 value=19660
D 17:03:05.6448545 GameState.DebugPrintPower() -         tag=SIDEBOARD_CARDS_COUNT_AS_MAX value=1
D 17:03:05.6448545 GameState.DebugPrintPower() -         tag=4818 value=1
D 17:03:05.6448545 GameState.DebugPrintPower() -     FULL_ENTITY - Creating ID=83 CardID=
D 17:03:05.6448545 GameState.DebugPrintPower() -         tag=ZONE value=DECK
D 17:03:05.6448545 GameState.DebugPrintPower() -         tag=CONTROLLER value=2
D 17:03:05.6448545 GameState.DebugPrintPower() -         tag=ENTITY_ID value=83
D 17:03:05.6448545 GameState.DebugPrintPower() -     TAG_CHANGE Entity=83 tag=DISPLAYED_CREATOR value=58 
D 17:03:05.6448545 GameState.DebugPrintPower() -     FULL_ENTITY - Creating ID=84 CardID=
D 17:03:05.6448545 GameState.DebugPrintPower() -         tag=ZONE value=DECK
D 17:03:05.6448545 GameState.DebugPrintPower() -         tag=CONTROLLER value=2
D 17:03:05.6448545 GameState.DebugPrintPower() -         tag=ENTITY_ID value=84
D 17:03:05.6448545 GameState.DebugPrintPower() -     TAG_CHANGE Entity=84 tag=DISPLAYED_CREATOR value=58 
D 17:03:05.6448545 GameState.DebugPrintPower() -     FULL_ENTITY - Creating ID=85 CardID=
D 17:03:05.6448545 GameState.DebugPrintPower() -         tag=ZONE value=DECK
D 17:03:05.6448545 GameState.DebugPrintPower() -         tag=CONTROLLER value=2
D 17:03:05.6448545 GameState.DebugPrintPower() -         tag=ENTITY_ID value=85
D 17:03:05.6448545 GameState.DebugPrintPower() -     TAG_CHANGE Entity=85 tag=DISPLAYED_CREATOR value=58 
D 17:03:05.6448545 GameState.DebugPrintPower() -     FULL_ENTITY - Creating ID=86 CardID=
D 17:03:05.6448545 GameState.DebugPrintPower() -         tag=ZONE value=DECK
D 17:03:05.6448545 GameState.DebugPrintPower() -         tag=CONTROLLER value=2
D 17:03:05.6448545 GameState.DebugPrintPower() -         tag=ENTITY_ID value=86
D 17:03:05.6448545 GameState.DebugPrintPower() -     TAG_CHANGE Entity=86 tag=DISPLAYED_CREATOR value=58 
D 17:03:05.6448545 GameState.DebugPrintPower() -     FULL_ENTITY - Creating ID=87 CardID=
D 17:03:05.6448545 GameState.DebugPrintPower() -         tag=ZONE value=DECK
D 17:03:05.6448545 GameState.DebugPrintPower() -         tag=CONTROLLER value=2
D 17:03:05.6448545 GameState.DebugPrintPower() -         tag=ENTITY_ID value=87
D 17:03:05.6448545 GameState.DebugPrintPower() -     TAG_CHANGE Entity=87 tag=DISPLAYED_CREATOR value=58 
D 17:03:05.6448545 GameState.DebugPrintPower() -     FULL_ENTITY - Creating ID=88 CardID=
D 17:03:05.6448545 GameState.DebugPrintPower() -         tag=ZONE value=DECK
D 17:03:05.6448545 GameState.DebugPrintPower() -         tag=CONTROLLER value=2
D 17:03:05.6448545 GameState.DebugPrintPower() -         tag=ENTITY_ID value=88
D 17:03:05.6448545 GameState.DebugPrintPower() -     TAG_CHANGE Entity=88 tag=DISPLAYED_CREATOR value=58 
D 17:03:05.6448545 GameState.DebugPrintPower() -     FULL_ENTITY - Creating ID=89 CardID=
D 17:03:05.6448545 GameState.DebugPrintPower() -         tag=ZONE value=DECK
D 17:03:05.6448545 GameState.DebugPrintPower() -         tag=CONTROLLER value=2
D 17:03:05.6448545 GameState.DebugPrintPower() -         tag=ENTITY_ID value=89
D 17:03:05.6448545 GameState.DebugPrintPower() -     TAG_CHANGE Entity=89 tag=DISPLAYED_CREATOR value=58 
D 17:03:05.6448545 GameState.DebugPrintPower() -     FULL_ENTITY - Creating ID=90 CardID=
D 17:03:05.6448545 GameState.DebugPrintPower() -         tag=ZONE value=DECK
D 17:03:05.6448545 GameState.DebugPrintPower() -         tag=CONTROLLER value=2
D 17:03:05.6448545 GameState.DebugPrintPower() -         tag=ENTITY_ID value=90
D 17:03:05.6448545 GameState.DebugPrintPower() -     TAG_CHANGE Entity=90 tag=DISPLAYED_CREATOR value=58 
D 17:03:05.6448545 GameState.DebugPrintPower() -     FULL_ENTITY - Creating ID=91 CardID=
D 17:03:05.6448545 GameState.DebugPrintPower() -         tag=ZONE value=DECK
D 17:03:05.6448545 GameState.DebugPrintPower() -         tag=CONTROLLER value=2
D 17:03:05.6448545 GameState.DebugPrintPower() -         tag=ENTITY_ID value=91
D 17:03:05.6448545 GameState.DebugPrintPower() -     TAG_CHANGE Entity=91 tag=DISPLAYED_CREATOR value=58 
D 17:03:05.6448545 GameState.DebugPrintPower() -     FULL_ENTITY - Creating ID=92 CardID=
D 17:03:05.6448545 GameState.DebugPrintPower() -         tag=ZONE value=DECK
D 17:03:05.6448545 GameState.DebugPrintPower() -         tag=CONTROLLER value=2
D 17:03:05.6448545 GameState.DebugPrintPower() -         tag=ENTITY_ID value=92
D 17:03:05.6448545 GameState.DebugPrintPower() -     TAG_CHANGE Entity=92 tag=DISPLAYED_CREATOR value=58 
D 17:03:05.6448545 GameState.DebugPrintPower() -     HIDE_ENTITY - Entity=58 tag=ZONE value=DECK
D 17:03:05.6448545 GameState.DebugPrintPower() -     TAG_CHANGE Entity=58 tag=REVEALED value=0 
D 17:03:05.6448545 GameState.DebugPrintPower() - BLOCK_END
D 17:03:05.6448545 GameState.DebugPrintPower() - BLOCK_START BlockType=TRIGGER Entity=1 EffectCardId=System.Collections.Generic.List`1[System.String] EffectIndex=6 Target=0 SubOption=-1 TriggerKeyword=TAG_NOT_SET
D 17:03:05.6448545 GameState.DebugPrintPower() - BLOCK_END
D 17:03:05.6448545 GameState.DebugPrintPower() - BLOCK_START BlockType=TRIGGER Entity=1 EffectCardId=System.Collections.Generic.List`1[System.String] EffectIndex=-1 Target=0 SubOption=-1 TriggerKeyword=TAG_NOT_SET
D 17:03:05.6448545 GameState.DebugPrintPower() -     TAG_CHANGE Entity=3 tag=CURRENT_PLAYER value=1 
D 17:03:05.6448545 GameState.DebugPrintPower() -     TAG_CHANGE Entity=3 tag=FIRST_PLAYER value=1 
D 17:03:05.6448545 GameState.DebugPrintPower() -     TAG_CHANGE Entity=1 tag=TURN value=1 
D 17:03:05.6448545 GameState.DebugPrintPower() -     TAG_CHANGE Entity=2 tag=2166 value=22 
D 17:03:05.6448545 GameState.DebugPrintPower() -     TAG_CHANGE Entity=2 tag=467 value=4 
D 17:03:05.6448545 GameState.DebugPrintPower() -     SHOW_ENTITY - Updating Entity=22 CardID=AV_295
D 17:03:05.6448545 GameState.DebugPrintPower() -         tag=CONTROLLER value=1
D 17:03:05.6448545 GameState.DebugPrintPower() -         tag=CARDTYPE value=SPELL
D 17:03:05.6448545 GameState.DebugPrintPower() -         tag=TAG_LAST_KNOWN_COST_IN_HAND value=2
D 17:03:05.6448545 GameState.DebugPrintPower() -         tag=COST value=2
D 17:03:05.6448545 GameState.DebugPrintPower() -         tag=ZONE value=HAND
D 17:03:05.6448545 GameState.DebugPrintPower() -         tag=ENTITY_ID value=22
D 17:03:05.6448545 GameState.DebugPrintPower() -         tag=CLASS value=DRUID
D 17:03:05.6448545 GameState.DebugPrintPower() -         tag=RARITY value=EPIC
D 17:03:05.6448545 GameState.DebugPrintPower() -         tag=CHOOSE_ONE value=1
D 17:03:05.6448545 GameState.DebugPrintPower() -         tag=478 value=1
D 17:03:05.6448545 GameState.DebugPrintPower() -         tag=1043 value=1
D 17:03:05.6448545 GameState.DebugPrintPower() -         tag=1068 value=0
D 17:03:05.6448545 GameState.DebugPrintPower() -         tag=SPAWN_TIME_COUNT value=1
D 17:03:05.6448545 GameState.DebugPrintPower() -     SHOW_ENTITY - Updating Entity=23 CardID=AV_295a
D 17:03:05.6448545 GameState.DebugPrintPower() -         tag=CONTROLLER value=1
D 17:03:05.6448545 GameState.DebugPrintPower() -         tag=CARDTYPE value=SPELL
D 17:03:05.6448545 GameState.DebugPrintPower() -         tag=TAG_LAST_KNOWN_COST_IN_HAND value=2
D 17:03:05.6448545 GameState.DebugPrintPower() -         tag=COST value=2
D 17:03:05.6448545 GameState.DebugPrintPower() -         tag=ZONE value=SETASIDE
D 17:03:05.6448545 GameState.DebugPrintPower() -         tag=ENTITY_ID value=23
D 17:03:05.6448545 GameState.DebugPrintPower() -         tag=CLASS value=DRUID
D 17:03:05.6448545 GameState.DebugPrintPower() -         tag=CREATOR value=22
D 17:03:05.6448545 GameState.DebugPrintPower() -         tag=PARENT_CARD value=22
D 17:03:05.6448545 GameState.DebugPrintPower() -         tag=1068 value=0
D 17:03:05.6448545 GameState.DebugPrintPower() -         tag=CREATOR_DBID value=70320
D 17:03:05.6448545 GameState.DebugPrintPower() -         tag=SPAWN_TIME_COUNT value=1
D 17:03:05.6448545 GameState.DebugPrintPower() -         tag=4901 value=0
D 17:03:05.6448545 GameState.DebugPrintPower() -     SHOW_ENTITY - Updating Entity=24 CardID=AV_295b
D 17:03:05.6448545 GameState.DebugPrintPower() -         tag=CONTROLLER value=1
D 17:03:05.6448545 GameState.DebugPrintPower() -         tag=CARDTYPE value=SPELL
D 17:03:05.6448545 GameState.DebugPrintPower() -         tag=TAG_LAST_KNOWN_COST_IN_HAND value=2
D 17:03:05.6448545 GameState.DebugPrintPower() -         tag=COST value=2
D 17:03:05.6448545 GameState.DebugPrintPower() -         tag=ZONE value=SETASIDE
D 17:03:05.6448545 GameState.DebugPrintPower() -         tag=ENTITY_ID value=24
D 17:03:05.6448545 GameState.DebugPrintPower() -         tag=CLASS value=DRUID
D 17:03:05.6448545 GameState.DebugPrintPower() -         tag=CREATOR value=22
D 17:03:05.6448545 GameState.DebugPrintPower() -         tag=PARENT_CARD value=22
D 17:03:05.6448545 GameState.DebugPrintPower() -         tag=1068 value=0
D 17:03:05.6448545 GameState.DebugPrintPower() -         tag=CREATOR_DBID value=70320
D 17:03:05.6448545 GameState.DebugPrintPower() -         tag=SPAWN_TIME_COUNT value=1
D 17:03:05.6448545 GameState.DebugPrintPower() -         tag=4901 value=0
D 17:03:05.6448545 GameState.DebugPrintPower() -     TAG_CHANGE Entity=22 tag=NUM_TURNS_IN_HAND value=1 
D 17:03:05.6448545 GameState.DebugPrintPower() -     TAG_CHANGE Entity=22 tag=ZONE_POSITION value=1 
D 17:03:05.6448545 GameState.DebugPrintPower() -     TAG_CHANGE Entity=22 tag=ZONE_POSITION value=0 
D 17:03:05.6448545 GameState.DebugPrintPower() -     TAG_CHANGE Entity=22 tag=ZONE_POSITION value=1 
D 17:03:05.6448545 GameState.DebugPrintPower() -     TAG_CHANGE Entity=2 tag=2166 value=26 
D 17:03:05.6448545 GameState.DebugPrintPower() -     TAG_CHANGE Entity=2 tag=467 value=3 
D 17:03:05.6448545 GameState.DebugPrintPower() -     SHOW_ENTITY - Updating Entity=26 CardID=SC_755
D 17:03:05.6448545 GameState.DebugPrintPower() -         tag=CONTROLLER value=1
D 17:03:05.6448545 GameState.DebugPrintPower() -         tag=CARDTYPE value=SPELL
D 17:03:05.6448545 GameState.DebugPrintPower() -         tag=ZONE value=HAND
D 17:03:05.6448545 GameState.DebugPrintPower() -         tag=ENTITY_ID value=26
D 17:03:05.6448545 GameState.DebugPrintPower() -         tag=CLASS value=DRUID
D 17:03:05.6448545 GameState.DebugPrintPower() -         tag=RARITY value=COMMON
D 17:03:05.6448545 GameState.DebugPrintPower() -         tag=478 value=1
D 17:03:05.6448545 GameState.DebugPrintPower() -         tag=1043 value=1
D 17:03:05.6448545 GameState.DebugPrintPower() -         tag=1068 value=0
D 17:03:05.6448545 GameState.DebugPrintPower() -         tag=SPAWN_TIME_COUNT value=1
D 17:03:05.6448545 GameState.DebugPrintPower() -         tag=1724 value=1
D 17:03:05.6448545 GameState.DebugPrintPower() -         tag=MINI_SET value=1
D 17:03:05.6448545 GameState.DebugPrintPower() -         tag=PROTOSS value=1
D 17:03:05.6448545 GameState.DebugPrintPower() -     TAG_CHANGE Entity=26 tag=NUM_TURNS_IN_HAND value=1 
D 17:03:05.6448545 GameState.DebugPrintPower() -     TAG_CHANGE Entity=26 tag=ZONE_POSITION value=2 
D 17:03:05.6448545 GameState.DebugPrintPower() -     TAG_CHANGE Entity=26 tag=ZONE_POSITION value=0 
D 17:03:05.6448545 GameState.DebugPrintPower() -     TAG_CHANGE Entity=26 tag=ZONE_POSITION value=2 
D 17:03:05.6448545 GameState.DebugPrintPower() -     TAG_CHANGE Entity=2 tag=2166 value=25 
D 17:03:05.6448545 GameState.DebugPrintPower() -     TAG_CHANGE Entity=2 tag=467 value=2 
D 17:03:05.6448545 GameState.DebugPrintPower() -     SHOW_ENTITY - Updating Entity=25 CardID=SC_755
D 17:03:05.6448545 GameState.DebugPrintPower() -         tag=CONTROLLER value=1
D 17:03:05.6448545 GameState.DebugPrintPower() -         tag=CARDTYPE value=SPELL
D 17:03:05.6448545 GameState.DebugPrintPower() -         tag=ZONE value=HAND
D 17:03:05.6448545 GameState.DebugPrintPower() -         tag=ENTITY_ID value=25
D 17:03:05.6448545 GameState.DebugPrintPower() -         tag=CLASS value=DRUID
D 17:03:05.6448545 GameState.DebugPrintPower() -         tag=RARITY value=COMMON
D 17:03:05.6448545 GameState.DebugPrintPower() -         tag=478 value=1
D 17:03:05.6448545 GameState.DebugPrintPower() -         tag=1043 value=1
D 17:03:05.6448545 GameState.DebugPrintPower() -         tag=1068 value=0
D 17:03:05.6448545 GameState.DebugPrintPower() -         tag=SPAWN_TIME_COUNT value=1
D 17:03:05.6448545 GameState.DebugPrintPower() -         tag=1724 value=1
D 17:03:05.6448545 GameState.DebugPrintPower() -         tag=MINI_SET value=1
D 17:03:05.6448545 GameState.DebugPrintPower() -         tag=PROTOSS value=1
D 17:03:05.6448545 GameState.DebugPrintPower() -     TAG_CHANGE Entity=25 tag=NUM_TURNS_IN_HAND value=1 
D 17:03:05.6448545 GameState.DebugPrintPower() -     TAG_CHANGE Entity=25 tag=ZONE_POSITION value=3 
D 17:03:05.6448545 GameState.DebugPrintPower() -     TAG_CHANGE Entity=25 tag=ZONE_POSITION value=0 
D 17:03:05.6448545 GameState.DebugPrintPower() -     TAG_CHANGE Entity=25 tag=ZONE_POSITION value=3 
D 17:03:05.6448545 GameState.DebugPrintPower() -     TAG_CHANGE Entity=2 tag=2166 value=28 
D 17:03:05.6448545 GameState.DebugPrintPower() -     TAG_CHANGE Entity=2 tag=467 value=1 
D 17:03:05.6448545 GameState.DebugPrintPower() -     SHOW_ENTITY - Updating Entity=28 CardID=CORE_AT_037
D 17:03:05.6448545 GameState.DebugPrintPower() -         tag=CONTROLLER value=1
D 17:03:05.6448545 GameState.DebugPrintPower() -         tag=CARDTYPE value=SPELL
D 17:03:05.6448545 GameState.DebugPrintPower() -         tag=TAG_LAST_KNOWN_COST_IN_HAND value=1
D 17:03:05.6448545 GameState.DebugPrintPower() -         tag=COST value=1
D 17:03:05.6448545 GameState.DebugPrintPower() -         tag=PREMIUM value=1
D 17:03:05.6448545 GameState.DebugPrintPower() -         tag=ZONE value=HAND
D 17:03:05.6448545 GameState.DebugPrintPower() -         tag=ENTITY_ID value=28
D 17:03:05.6448545 GameState.DebugPrintPower() -         tag=CLASS value=DRUID
D 17:03:05.6448545 GameState.DebugPrintPower() -         tag=RARITY value=COMMON
D 17:03:05.6448545 GameState.DebugPrintPower() -         tag=CHOOSE_ONE value=1
D 17:03:05.6448545 GameState.DebugPrintPower() -         tag=478 value=1
D 17:03:05.6448545 GameState.DebugPrintPower() -         tag=858 value=2792
D 17:03:05.6448545 GameState.DebugPrintPower() -         tag=1043 value=1
D 17:03:05.6448545 GameState.DebugPrintPower() -         tag=1068 value=0
D 17:03:05.6448545 GameState.DebugPrintPower() -         tag=SPAWN_TIME_COUNT value=1
D 17:03:05.6448545 GameState.DebugPrintPower() -         tag=SPELL_SCHOOL value=4
D 17:03:05.6448545 GameState.DebugPrintPower() -     SHOW_ENTITY - Updating Entity=29 CardID=AT_037a
D 17:03:05.6448545 GameState.DebugPrintPower() -         tag=CONTROLLER value=1
D 17:03:05.6448545 GameState.DebugPrintPower() -         tag=CARDTYPE value=SPELL
D 17:03:05.6448545 GameState.DebugPrintPower() -         tag=TAG_LAST_KNOWN_COST_IN_HAND value=1
D 17:03:05.6448545 GameState.DebugPrintPower() -         tag=COST value=1
D 17:03:05.6448545 GameState.DebugPrintPower() -         tag=PREMIUM value=1
D 17:03:05.6448545 GameState.DebugPrintPower() -         tag=ZONE value=SETASIDE
D 17:03:05.6448545 GameState.DebugPrintPower() -         tag=ENTITY_ID value=29
D 17:03:05.6448545 GameState.DebugPrintPower() -         tag=CLASS value=DRUID
D 17:03:05.6448545 GameState.DebugPrintPower() -         tag=CREATOR value=28
D 17:03:05.6448545 GameState.DebugPrintPower() -         tag=PARENT_CARD value=28
D 17:03:05.6448545 GameState.DebugPrintPower() -         tag=1068 value=0
D 17:03:05.6448545 GameState.DebugPrintPower() -         tag=CREATOR_DBID value=76289
D 17:03:05.6448545 GameState.DebugPrintPower() -         tag=SPAWN_TIME_COUNT value=1
D 17:03:05.6448545 GameState.DebugPrintPower() -         tag=SPELL_SCHOOL value=4
D 17:03:05.6448545 GameState.DebugPrintPower() -         tag=4901 value=0
D 17:03:05.6448545 GameState.DebugPrintPower() -     SHOW_ENTITY - Updating Entity=30 CardID=AT_037b
D 17:03:05.6448545 GameState.DebugPrintPower() -         tag=CONTROLLER value=1
D 17:03:05.6448545 GameState.DebugPrintPower() -         tag=CARDTYPE value=SPELL
D 17:03:05.6448545 GameState.DebugPrintPower() -         tag=TAG_LAST_KNOWN_COST_IN_HAND value=1
D 17:03:05.6448545 GameState.DebugPrintPower() -         tag=COST value=1
D 17:03:05.6448545 GameState.DebugPrintPower() -         tag=PREMIUM value=1
D 17:03:05.6448545 GameState.DebugPrintPower() -         tag=ZONE value=SETASIDE
D 17:03:05.6448545 GameState.DebugPrintPower() -         tag=ENTITY_ID value=30
D 17:03:05.6448545 GameState.DebugPrintPower() -         tag=CLASS value=DRUID
D 17:03:05.6448545 GameState.DebugPrintPower() -         tag=CREATOR value=28
D 17:03:05.6448545 GameState.DebugPrintPower() -         tag=PARENT_CARD value=28
D 17:03:05.6448545 GameState.DebugPrintPower() -         tag=1068 value=0
D 17:03:05.6448545 GameState.DebugPrintPower() -         tag=CREATOR_DBID value=76289
D 17:03:05.6448545 GameState.DebugPrintPower() -         tag=SPAWN_TIME_COUNT value=1
D 17:03:05.6448545 GameState.DebugPrintPower() -         tag=SPELL_SCHOOL value=4
D 17:03:05.6448545 GameState.DebugPrintPower() -         tag=4901 value=0
D 17:03:05.6448545 GameState.DebugPrintPower() -     TAG_CHANGE Entity=28 tag=NUM_TURNS_IN_HAND value=1 
D 17:03:05.6448545 GameState.DebugPrintPower() -     TAG_CHANGE Entity=28 tag=ZONE_POSITION value=4 
D 17:03:05.6448545 GameState.DebugPrintPower() -     TAG_CHANGE Entity=28 tag=ZONE_POSITION value=0 
D 17:03:05.6448545 GameState.DebugPrintPower() -     TAG_CHANGE Entity=28 tag=ZONE_POSITION value=4 
D 17:03:05.6448545 GameState.DebugPrintPower() -     TAG_CHANGE Entity=2 tag=467 value=0 
D 17:03:05.6448545 GameState.DebugPrintPower() -     TAG_CHANGE Entity=2 tag=NUM_TURNS_LEFT value=1 
D 17:03:05.6448545 GameState.DebugPrintPower() -     FULL_ENTITY - Creating ID=93 CardID=MUDAN_COIN1
D 17:03:05.6448545 GameState.DebugPrintPower() -         tag=CONTROLLER value=1
D 17:03:05.6448545 GameState.DebugPrintPower() -         tag=CARDTYPE value=SPELL
D 17:03:05.6448545 GameState.DebugPrintPower() -         tag=ZONE value=HAND
D 17:03:05.6448545 GameState.DebugPrintPower() -         tag=ENTITY_ID value=93
D 17:03:05.6448545 GameState.DebugPrintPower() -         tag=CLASS value=NEUTRAL
D 17:03:05.6448545 GameState.DebugPrintPower() -         tag=ZONE_POSITION value=5
D 17:03:05.6448545 GameState.DebugPrintPower() -         tag=NUM_TURNS_IN_HAND value=1
D 17:03:05.6448545 GameState.DebugPrintPower() -         tag=CREATOR value=1
D 17:03:05.6448545 GameState.DebugPrintPower() -         tag=SPAWN_TIME_COUNT value=1
D 17:03:05.6448545 GameState.DebugPrintPower() -         tag=COIN_CARD value=1
D 17:03:05.6448545 GameState.DebugPrintPower() -         tag=4901 value=1
D 17:03:05.6448545 GameState.DebugPrintPower() -     TAG_CHANGE Entity=93 tag=4901 value=0 
D 17:03:05.6448545 GameState.DebugPrintPower() -     TAG_CHANGE Entity=3 tag=2166 value=66 
D 17:03:05.6448545 GameState.DebugPrintPower() -     TAG_CHANGE Entity=3 tag=467 value=3 
D 17:03:05.6448545 GameState.DebugPrintPower() -     TAG_CHANGE Entity=66 tag=ZONE value=HAND 
D 17:03:05.6448545 GameState.DebugPrintPower() -     TAG_CHANGE Entity=66 tag=ZONE_POSITION value=1 
D 17:03:05.6448545 GameState.DebugPrintPower() -     TAG_CHANGE Entity=66 tag=ZONE_POSITION value=0 
D 17:03:05.6448545 GameState.DebugPrintPower() -     TAG_CHANGE Entity=66 tag=ZONE_POSITION value=1 
D 17:03:05.6448545 GameState.DebugPrintPower() -     TAG_CHANGE Entity=3 tag=2166 value=60 
D 17:03:05.6448545 GameState.DebugPrintPower() -     TAG_CHANGE Entity=3 tag=467 value=2 
D 17:03:05.6448545 GameState.DebugPrintPower() -     TAG_CHANGE Entity=60 tag=ZONE value=HAND 
D 17:03:05.6448545 GameState.DebugPrintPower() -     TAG_CHANGE Entity=60 tag=ZONE_POSITION value=2 
D 17:03:05.6448545 GameState.DebugPrintPower() -     TAG_CHANGE Entity=60 tag=ZONE_POSITION value=0 
D 17:03:05.6448545 GameState.DebugPrintPower() -     TAG_CHANGE Entity=60 tag=ZONE_POSITION value=2 
D 17:03:05.6448545 GameState.DebugPrintPower() -     TAG_CHANGE Entity=3 tag=2166 value=63 
D 17:03:05.6448545 GameState.DebugPrintPower() -     TAG_CHANGE Entity=3 tag=467 value=1 
D 17:03:05.6448545 GameState.DebugPrintPower() -     TAG_CHANGE Entity=63 tag=ZONE value=HAND 
D 17:03:05.6448545 GameState.DebugPrintPower() -     TAG_CHANGE Entity=63 tag=ZONE_POSITION value=3 
D 17:03:05.6448545 GameState.DebugPrintPower() -     TAG_CHANGE Entity=63 tag=ZONE_POSITION value=0 
D 17:03:05.6448545 GameState.DebugPrintPower() -     TAG_CHANGE Entity=63 tag=ZONE_POSITION value=3 
D 17:03:05.6448545 GameState.DebugPrintPower() -     TAG_CHANGE Entity=3 tag=467 value=0 
D 17:03:05.6448545 GameState.DebugPrintPower() -     TAG_CHANGE Entity=3 tag=NUM_TURNS_LEFT value=1 
D 17:03:05.6448545 GameState.DebugPrintPower() -     TAG_CHANGE Entity=2 tag=TIMEOUT value=45 
D 17:03:05.6448545 GameState.DebugPrintPower() -     TAG_CHANGE Entity=3 tag=TIMEOUT value=45 
D 17:03:05.6448545 GameState.DebugPrintPower() -     TAG_CHANGE Entity=1 tag=10 value=85 
D 17:03:05.6448545 GameState.DebugPrintPower() -     TAG_CHANGE Entity=1 tag=NEXT_STEP value=BEGIN_MULLIGAN 
D 17:03:05.6448545 GameState.DebugPrintPower() - BLOCK_END
D 17:03:05.6448545 GameState.DebugPrintPower() - BLOCK_START BlockType=TRIGGER Entity=25 EffectCardId=System.Collections.Generic.List`1[System.String] EffectIndex=1 Target=0 SubOption=-1 TriggerKeyword=1724
D 17:03:05.6448545 GameState.DebugPrintPower() - BLOCK_END
D 17:03:05.6448545 GameState.DebugPrintPower() - BLOCK_START BlockType=TRIGGER Entity=26 EffectCardId=System.Collections.Generic.List`1[System.String] EffectIndex=1 Target=0 SubOption=-1 TriggerKeyword=1724
D 17:03:05.6448545 GameState.DebugPrintPower() - BLOCK_END
D 17:03:05.6448545 GameState.DebugPrintGame() - BuildNumber=250339
D 17:03:05.6448545 GameState.DebugPrintGame() - GameType=GT_RANKED
D 17:03:05.6448545 GameState.DebugPrintGame() - FormatType=FT_WILD
D 17:03:05.6448545 GameState.DebugPrintGame() - ScenarioID=2
D 17:03:05.6448545 GameState.DebugPrintGame() - PlayerID=1, PlayerName=湫然#51704
D 17:03:05.6448545 GameState.DebugPrintGame() - PlayerID=2, PlayerName=UNKNOWN HUMAN PLAYER
D 17:03:05.6448545 PowerTaskList.DebugDump() - ID=1 ParentID=0 PreviousID=0 TaskCount=83
D 17:03:05.6448545 PowerTaskList.DebugDump() - Block Start=(null)
D 17:03:05.6448545 PowerTaskList.DebugPrintPower() -     CREATE_GAME
D 17:03:05.6448545 PowerTaskList.DebugPrintPower() -         GameEntity EntityID=1
D 17:03:05.6448545 PowerTaskList.DebugPrintPower() -             tag=CARDTYPE value=GAME
D 17:03:05.6448545 PowerTaskList.DebugPrintPower() -             tag=ZONE value=PLAY
D 17:03:05.6448545 PowerTaskList.DebugPrintPower() -             tag=ENTITY_ID value=1
D 17:03:05.6448545 PowerTaskList.DebugPrintPower() -             tag=937 value=2
D 17:03:05.6448545 PowerTaskList.DebugPrintPower() -             tag=SPAWN_TIME_COUNT value=1
D 17:03:05.6448545 PowerTaskList.DebugPrintPower() -             tag=GAME_SEED value=1739152235
D 17:03:05.6448545 PowerTaskList.DebugPrintPower() -         Player EntityID=2 PlayerID=1 GameAccountId=[hi=144115211015832391 lo=83449896]
D 17:03:05.6448545 PowerTaskList.DebugPrintPower() -             tag=CONTROLLER value=1
D 17:03:05.6448545 PowerTaskList.DebugPrintPower() -             tag=CARDTYPE value=PLAYER
D 17:03:05.6448545 PowerTaskList.DebugPrintPower() -             tag=PLAYER_ID value=1
D 17:03:05.6448545 PowerTaskList.DebugPrintPower() -             tag=HERO_ENTITY value=79
D 17:03:05.6448545 PowerTaskList.DebugPrintPower() -             tag=MAXHANDSIZE value=10
D 17:03:05.6448545 PowerTaskList.DebugPrintPower() -             tag=STARTHANDSIZE value=4
D 17:03:05.6448545 PowerTaskList.DebugPrintPower() -             tag=TEAM_ID value=1
D 17:03:05.6448545 PowerTaskList.DebugPrintPower() -             tag=ZONE value=PLAY
D 17:03:05.6448545 PowerTaskList.DebugPrintPower() -             tag=ENTITY_ID value=2
D 17:03:05.6448545 PowerTaskList.DebugPrintPower() -             tag=MAXRESOURCES value=10
D 17:03:05.6448545 PowerTaskList.DebugPrintPower() -             tag=SPAWN_TIME_COUNT value=1
D 17:03:05.6448545 PowerTaskList.DebugPrintPower() -             tag=MAX_EXCAVATE_TIER value=2
D 17:03:05.6448545 PowerTaskList.DebugPrintPower() -         Player EntityID=3 PlayerID=2 GameAccountId=[hi=144115211015832391 lo=123373961]
D 17:03:05.6448545 PowerTaskList.DebugPrintPower() -             tag=CONTROLLER value=2
D 17:03:05.6448545 PowerTaskList.DebugPrintPower() -             tag=CARDTYPE value=PLAYER
D 17:03:05.6448545 PowerTaskList.DebugPrintPower() -             tag=PLAYER_ID value=2
D 17:03:05.6448545 PowerTaskList.DebugPrintPower() -             tag=HERO_ENTITY value=81
D 17:03:05.6448545 PowerTaskList.DebugPrintPower() -             tag=MAXHANDSIZE value=10
D 17:03:05.6448545 PowerTaskList.DebugPrintPower() -             tag=STARTHANDSIZE value=4
D 17:03:05.6448545 PowerTaskList.DebugPrintPower() -             tag=TEAM_ID value=2
D 17:03:05.6448545 PowerTaskList.DebugPrintPower() -             tag=ZONE value=PLAY
D 17:03:05.6448545 PowerTaskList.DebugPrintPower() -             tag=ENTITY_ID value=3
D 17:03:05.6448545 PowerTaskList.DebugPrintPower() -             tag=MAXRESOURCES value=10
D 17:03:05.6448545 PowerTaskList.DebugPrintPower() -             tag=SPAWN_TIME_COUNT value=1
D 17:03:05.6448545 PowerTaskList.DebugPrintPower() -             tag=MAX_EXCAVATE_TIER value=3
D 17:03:05.6448545 PowerTaskList.DebugPrintPower() -     FULL_ENTITY - Updating [entityName=UNKNOWN ENTITY [cardType=INVALID] id=4 zone=DECK zonePos=0 cardId= player=1] CardID=
D 17:03:05.6448545 PowerTaskList.DebugPrintPower() -         tag=ZONE value=DECK
D 17:03:05.6448545 PowerTaskList.DebugPrintPower() -         tag=CONTROLLER value=1
D 17:03:05.6448545 PowerTaskList.DebugPrintPower() -         tag=ENTITY_ID value=4
D 17:03:05.6448545 PowerTaskList.DebugPrintPower() -     FULL_ENTITY - Updating [entityName=UNKNOWN ENTITY [cardType=INVALID] id=5 zone=DECK zonePos=0 cardId= player=1] CardID=
D 17:03:05.6448545 PowerTaskList.DebugPrintPower() -         tag=ZONE value=DECK
D 17:03:05.6448545 PowerTaskList.DebugPrintPower() -         tag=CONTROLLER value=1
D 17:03:05.6448545 PowerTaskList.DebugPrintPower() -         tag=ENTITY_ID value=5
D 17:03:05.6448545 PowerTaskList.DebugPrintPower() -     FULL_ENTITY - Updating [entityName=UNKNOWN ENTITY [cardType=INVALID] id=6 zone=DECK zonePos=0 cardId= player=1] CardID=
D 17:03:05.6448545 PowerTaskList.DebugPrintPower() -         tag=ZONE value=DECK
D 17:03:05.6448545 PowerTaskList.DebugPrintPower() -         tag=CONTROLLER value=1
D 17:03:05.6448545 PowerTaskList.DebugPrintPower() -         tag=ENTITY_ID value=6
D 17:03:05.6448545 PowerTaskList.DebugPrintPower() -     FULL_ENTITY - Updating [entityName=UNKNOWN ENTITY [cardType=INVALID] id=7 zone=DECK zonePos=0 cardId= player=1] CardID=
D 17:03:05.6448545 PowerTaskList.DebugPrintPower() -         tag=ZONE value=DECK
D 17:03:05.6448545 PowerTaskList.DebugPrintPower() -         tag=CONTROLLER value=1
D 17:03:05.6448545 PowerTaskList.DebugPrintPower() -         tag=ENTITY_ID value=7
D 17:03:05.6448545 PowerTaskList.DebugPrintPower() -     FULL_ENTITY - Updating [entityName=UNKNOWN ENTITY [cardType=INVALID] id=8 zone=DECK zonePos=0 cardId= player=1] CardID=
D 17:03:05.6448545 PowerTaskList.DebugPrintPower() -         tag=ZONE value=DECK
D 17:03:05.6448545 PowerTaskList.DebugPrintPower() -         tag=CONTROLLER value=1
D 17:03:05.6448545 PowerTaskList.DebugPrintPower() -         tag=ENTITY_ID value=8
D 17:03:05.6448545 PowerTaskList.DebugPrintPower() -     FULL_ENTITY - Updating [entityName=UNKNOWN ENTITY [cardType=INVALID] id=9 zone=DECK zonePos=0 cardId= player=1] CardID=
D 17:03:05.6448545 PowerTaskList.DebugPrintPower() -         tag=ZONE value=DECK
D 17:03:05.6448545 PowerTaskList.DebugPrintPower() -         tag=CONTROLLER value=1
D 17:03:05.6448545 PowerTaskList.DebugPrintPower() -         tag=ENTITY_ID value=9
D 17:03:05.6448545 PowerTaskList.DebugPrintPower() -     FULL_ENTITY - Updating [entityName=UNKNOWN ENTITY [cardType=INVALID] id=10 zone=DECK zonePos=0 cardId= player=1] CardID=
D 17:03:05.6448545 PowerTaskList.DebugPrintPower() -         tag=ZONE value=DECK
D 17:03:05.6448545 PowerTaskList.DebugPrintPower() -         tag=CONTROLLER value=1
D 17:03:05.6448545 PowerTaskList.DebugPrintPower() -         tag=ENTITY_ID value=10
D 17:03:05.6448545 PowerTaskList.DebugPrintPower() -     FULL_ENTITY - Updating [entityName=UNKNOWN ENTITY [cardType=INVALID] id=11 zone=SETASIDE zonePos=0 cardId= player=1] CardID=
D 17:03:05.6448545 PowerTaskList.DebugPrintPower() -         tag=ZONE value=SETASIDE
D 17:03:05.6448545 PowerTaskList.DebugPrintPower() -         tag=CONTROLLER value=1
D 17:03:05.6448545 PowerTaskList.DebugPrintPower() -         tag=ENTITY_ID value=11
D 17:03:05.6448545 PowerTaskList.DebugPrintPower() -     FULL_ENTITY - Updating [entityName=UNKNOWN ENTITY [cardType=INVALID] id=12 zone=SETASIDE zonePos=0 cardId= player=1] CardID=
D 17:03:05.6448545 PowerTaskList.DebugPrintPower() -         tag=ZONE value=SETASIDE
D 17:03:05.6448545 PowerTaskList.DebugPrintPower() -         tag=CONTROLLER value=1
D 17:03:05.6448545 PowerTaskList.DebugPrintPower() -         tag=ENTITY_ID value=12
D 17:03:05.6448545 PowerTaskList.DebugPrintPower() -     FULL_ENTITY - Updating [entityName=UNKNOWN ENTITY [cardType=INVALID] id=13 zone=DECK zonePos=0 cardId= player=1] CardID=
D 17:03:05.6448545 PowerTaskList.DebugPrintPower() -         tag=ZONE value=DECK
D 17:03:05.6448545 PowerTaskList.DebugPrintPower() -         tag=CONTROLLER value=1
D 17:03:05.6448545 PowerTaskList.DebugPrintPower() -         tag=ENTITY_ID value=13
D 17:03:05.6448545 PowerTaskList.DebugPrintPower() -     FULL_ENTITY - Updating [entityName=UNKNOWN ENTITY [cardType=INVALID] id=14 zone=DECK zonePos=0 cardId= player=1] CardID=
D 17:03:05.6448545 PowerTaskList.DebugPrintPower() -         tag=ZONE value=DECK
D 17:03:05.6448545 PowerTaskList.DebugPrintPower() -         tag=CONTROLLER value=1
D 17:03:05.6448545 PowerTaskList.DebugPrintPower() -         tag=ENTITY_ID value=14
D 17:03:05.6448545 PowerTaskList.DebugPrintPower() -     FULL_ENTITY - Updating [entityName=UNKNOWN ENTITY [cardType=INVALID] id=15 zone=DECK zonePos=0 cardId= player=1] CardID=
D 17:03:05.6448545 PowerTaskList.DebugPrintPower() -         tag=ZONE value=DECK
D 17:03:05.6448545 PowerTaskList.DebugPrintPower() -         tag=CONTROLLER value=1
D 17:03:05.6448545 PowerTaskList.DebugPrintPower() -         tag=ENTITY_ID value=15
D 17:03:05.6448545 PowerTaskList.DebugPrintPower() -     FULL_ENTITY - Updating [entityName=UNKNOWN ENTITY [cardType=INVALID] id=16 zone=DECK zonePos=0 cardId= player=1] CardID=
D 17:03:05.6448545 PowerTaskList.DebugPrintPower() -         tag=ZONE value=DECK
D 17:03:05.6448545 PowerTaskList.DebugPrintPower() -         tag=CONTROLLER value=1
D 17:03:05.6448545 PowerTaskList.DebugPrintPower() -         tag=ENTITY_ID value=16
D 17:03:05.6448545 PowerTaskList.DebugPrintPower() -     FULL_ENTITY - Updating [entityName=UNKNOWN ENTITY [cardType=INVALID] id=17 zone=DECK zonePos=0 cardId= player=1] CardID=
D 17:03:05.6448545 PowerTaskList.DebugPrintPower() -         tag=ZONE value=DECK
D 17:03:05.6448545 PowerTaskList.DebugPrintPower() -         tag=CONTROLLER value=1
D 17:03:05.6448545 PowerTaskList.DebugPrintPower() -         tag=ENTITY_ID value=17
D 17:03:05.6448545 PowerTaskList.DebugPrintPower() -     FULL_ENTITY - Updating [entityName=UNKNOWN ENTITY [cardType=INVALID] id=18 zone=DECK zonePos=0 cardId= player=1] CardID=
D 17:03:05.6448545 PowerTaskList.DebugPrintPower() -         tag=ZONE value=DECK
D 17:03:05.6448545 PowerTaskList.DebugPrintPower() -         tag=CONTROLLER value=1
D 17:03:05.6448545 PowerTaskList.DebugPrintPower() -         tag=ENTITY_ID value=18
D 17:03:05.6448545 PowerTaskList.DebugPrintPower() -     FULL_ENTITY - Updating [entityName=UNKNOWN ENTITY [cardType=INVALID] id=19 zone=DECK zonePos=0 cardId= player=1] CardID=
D 17:03:05.6448545 PowerTaskList.DebugPrintPower() -         tag=ZONE value=DECK
D 17:03:05.6448545 PowerTaskList.DebugPrintPower() -         tag=CONTROLLER value=1
D 17:03:05.6448545 PowerTaskList.DebugPrintPower() -         tag=ENTITY_ID value=19
D 17:03:05.6448545 PowerTaskList.DebugPrintPower() -     FULL_ENTITY - Updating [entityName=UNKNOWN ENTITY [cardType=INVALID] id=20 zone=DECK zonePos=0 cardId= player=1] CardID=
D 17:03:05.6448545 PowerTaskList.DebugPrintPower() -         tag=ZONE value=DECK
D 17:03:05.6448545 PowerTaskList.DebugPrintPower() -         tag=CONTROLLER value=1
D 17:03:05.6448545 PowerTaskList.DebugPrintPower() -         tag=ENTITY_ID value=20
D 17:03:05.6448545 PowerTaskList.DebugPrintPower() -     FULL_ENTITY - Updating [entityName=UNKNOWN ENTITY [cardType=INVALID] id=21 zone=DECK zonePos=0 cardId= player=1] CardID=
D 17:03:05.6448545 PowerTaskList.DebugPrintPower() -         tag=ZONE value=DECK
D 17:03:05.6448545 PowerTaskList.DebugPrintPower() -         tag=CONTROLLER value=1
D 17:03:05.6448545 PowerTaskList.DebugPrintPower() -         tag=ENTITY_ID value=21
D 17:03:05.6448545 PowerTaskList.DebugPrintPower() -     FULL_ENTITY - Updating [entityName=UNKNOWN ENTITY [cardType=INVALID] id=22 zone=DECK zonePos=0 cardId= player=1] CardID=
D 17:03:05.6448545 PowerTaskList.DebugPrintPower() -         tag=ZONE value=DECK
D 17:03:05.6448545 PowerTaskList.DebugPrintPower() -         tag=CONTROLLER value=1
D 17:03:05.6448545 PowerTaskList.DebugPrintPower() -         tag=ENTITY_ID value=22
D 17:03:05.6448545 PowerTaskList.DebugPrintPower() -     FULL_ENTITY - Updating [entityName=UNKNOWN ENTITY [cardType=INVALID] id=23 zone=SETASIDE zonePos=0 cardId= player=1] CardID=
D 17:03:05.6448545 PowerTaskList.DebugPrintPower() -         tag=ZONE value=SETASIDE
D 17:03:05.6448545 PowerTaskList.DebugPrintPower() -         tag=CONTROLLER value=1
D 17:03:05.6448545 PowerTaskList.DebugPrintPower() -         tag=ENTITY_ID value=23
D 17:03:05.6448545 PowerTaskList.DebugPrintPower() -     FULL_ENTITY - Updating [entityName=UNKNOWN ENTITY [cardType=INVALID] id=24 zone=SETASIDE zonePos=0 cardId= player=1] CardID=
D 17:03:05.6448545 PowerTaskList.DebugPrintPower() -         tag=ZONE value=SETASIDE
D 17:03:05.6448545 PowerTaskList.DebugPrintPower() -         tag=CONTROLLER value=1
D 17:03:05.6448545 PowerTaskList.DebugPrintPower() -         tag=ENTITY_ID value=24
D 17:03:05.6448545 PowerTaskList.DebugPrintPower() -     FULL_ENTITY - Updating [entityName=UNKNOWN ENTITY [cardType=INVALID] id=25 zone=DECK zonePos=0 cardId= player=1] CardID=
D 17:03:05.6448545 PowerTaskList.DebugPrintPower() -         tag=ZONE value=DECK
D 17:03:05.6448545 PowerTaskList.DebugPrintPower() -         tag=CONTROLLER value=1
D 17:03:05.6448545 PowerTaskList.DebugPrintPower() -         tag=ENTITY_ID value=25
D 17:03:05.6448545 PowerTaskList.DebugPrintPower() -     FULL_ENTITY - Updating [entityName=UNKNOWN ENTITY [cardType=INVALID] id=26 zone=DECK zonePos=0 cardId= player=1] CardID=
D 17:03:05.6448545 PowerTaskList.DebugPrintPower() -         tag=ZONE value=DECK
D 17:03:05.6448545 PowerTaskList.DebugPrintPower() -         tag=CONTROLLER value=1
D 17:03:05.6448545 PowerTaskList.DebugPrintPower() -         tag=ENTITY_ID value=26
D 17:03:05.6448545 PowerTaskList.DebugPrintPower() -     FULL_ENTITY - Updating [entityName=UNKNOWN ENTITY [cardType=INVALID] id=27 zone=DECK zonePos=0 cardId= player=1] CardID=
D 17:03:05.6448545 PowerTaskList.DebugPrintPower() -         tag=ZONE value=DECK
D 17:03:05.6448545 PowerTaskList.DebugPrintPower() -         tag=CONTROLLER value=1
D 17:03:05.6448545 PowerTaskList.DebugPrintPower() -         tag=ENTITY_ID value=27
D 17:03:05.6448545 PowerTaskList.DebugPrintPower() -     FULL_ENTITY - Updating [entityName=UNKNOWN ENTITY [cardType=INVALID] id=28 zone=DECK zonePos=0 cardId= player=1] CardID=
D 17:03:05.6448545 PowerTaskList.DebugPrintPower() -         tag=ZONE value=DECK
D 17:03:05.6448545 PowerTaskList.DebugPrintPower() -         tag=CONTROLLER value=1
D 17:03:05.6448545 PowerTaskList.DebugPrintPower() -         tag=ENTITY_ID value=28
D 17:03:05.6448545 PowerTaskList.DebugPrintPower() -     FULL_ENTITY - Updating [entityName=UNKNOWN ENTITY [cardType=INVALID] id=29 zone=SETASIDE zonePos=0 cardId= player=1] CardID=
D 17:03:05.6448545 PowerTaskList.DebugPrintPower() -         tag=ZONE value=SETASIDE
D 17:03:05.6448545 PowerTaskList.DebugPrintPower() -         tag=CONTROLLER value=1
D 17:03:05.6448545 PowerTaskList.DebugPrintPower() -         tag=ENTITY_ID value=29
D 17:03:05.6448545 PowerTaskList.DebugPrintPower() -     FULL_ENTITY - Updating [entityName=UNKNOWN ENTITY [cardType=INVALID] id=30 zone=SETASIDE zonePos=0 cardId= player=1] CardID=
D 17:03:05.6448545 PowerTaskList.DebugPrintPower() -         tag=ZONE value=SETASIDE
D 17:03:05.6448545 PowerTaskList.DebugPrintPower() -         tag=CONTROLLER value=1
D 17:03:05.6448545 PowerTaskList.DebugPrintPower() -         tag=ENTITY_ID value=30
D 17:03:05.6448545 PowerTaskList.DebugPrintPower() -     FULL_ENTITY - Updating [entityName=UNKNOWN ENTITY [cardType=INVALID] id=31 zone=DECK zonePos=0 cardId= player=1] CardID=
D 17:03:05.6448545 PowerTaskList.DebugPrintPower() -         tag=ZONE value=DECK
D 17:03:05.6448545 PowerTaskList.DebugPrintPower() -         tag=CONTROLLER value=1
D 17:03:05.6448545 PowerTaskList.DebugPrintPower() -         tag=ENTITY_ID value=31
D 17:03:05.6448545 PowerTaskList.DebugPrintPower() -     FULL_ENTITY - Updating [entityName=UNKNOWN ENTITY [cardType=INVALID] id=32 zone=DECK zonePos=0 cardId= player=1] CardID=
D 17:03:05.6448545 PowerTaskList.DebugPrintPower() -         tag=ZONE value=DECK
D 17:03:05.6448545 PowerTaskList.DebugPrintPower() -         tag=CONTROLLER value=1
D 17:03:05.6448545 PowerTaskList.DebugPrintPower() -         tag=ENTITY_ID value=32
